../Drivers/CMSIS/Include/core_cm4.h:1653:22:__NVIC_SetPriorityGrouping	1
../Drivers/CMSIS/Include/core_cm4.h:1672:26:__NVIC_GetPriorityGrouping	1
../Drivers/CMSIS/Include/core_cm4.h:1684:22:__NVIC_EnableIRQ	2
../Drivers/CMSIS/Include/core_cm4.h:1814:22:__NVIC_SetPriority	2
../Drivers/CMSIS/Include/core_cm4.h:1861:26:NVIC_EncodePriority	2
../Drivers/STM32F4xx_HAL_Driver/Inc/stm32f4xx_ll_rcc.h:2950:22:LL_RCC_HSE_Enable	1
../Drivers/STM32F4xx_HAL_Driver/Inc/stm32f4xx_ll_rcc.h:2970:26:LL_RCC_HSE_IsReady	1
../Drivers/STM32F4xx_HAL_Driver/Inc/stm32f4xx_ll_rcc.h:3189:22:LL_RCC_SetSysClkSource	1
../Drivers/STM32F4xx_HAL_Driver/Inc/stm32f4xx_ll_rcc.h:3205:26:LL_RCC_GetSysClkSource	1
../Drivers/STM32F4xx_HAL_Driver/Inc/stm32f4xx_ll_rcc.h:3225:22:LL_RCC_SetAHBPrescaler	1
../Drivers/STM32F4xx_HAL_Driver/Inc/stm32f4xx_ll_rcc.h:3241:22:LL_RCC_SetAPB1Prescaler	1
../Drivers/STM32F4xx_HAL_Driver/Inc/stm32f4xx_ll_rcc.h:3257:22:LL_RCC_SetAPB2Prescaler	1
../Drivers/STM32F4xx_HAL_Driver/Inc/stm32f4xx_ll_rcc.h:4154:22:LL_RCC_SetTIMPrescaler	1
../Drivers/STM32F4xx_HAL_Driver/Inc/stm32f4xx_ll_rcc.h:4185:22:LL_RCC_PLL_Enable	1
../Drivers/STM32F4xx_HAL_Driver/Inc/stm32f4xx_ll_rcc.h:4206:26:LL_RCC_PLL_IsReady	1
../Drivers/STM32F4xx_HAL_Driver/Inc/stm32f4xx_ll_rcc.h:4305:22:LL_RCC_PLL_ConfigDomain_SYS	1
../Drivers/STM32F4xx_HAL_Driver/Inc/stm32f4xx_ll_rcc.h:5664:22:LL_RCC_PLLI2S_ConfigDomain_I2S	1
../Drivers/STM32F4xx_HAL_Driver/Inc/stm32f4xx_ll_bus.h:409:22:LL_AHB1_GRP1_EnableClock	1
../Drivers/STM32F4xx_HAL_Driver/Inc/stm32f4xx_ll_bus.h:1185:22:LL_APB1_GRP1_EnableClock	1
../Drivers/STM32F4xx_HAL_Driver/Inc/stm32f4xx_ll_bus.h:1704:22:LL_APB2_GRP1_EnableClock	1
../Drivers/STM32F4xx_HAL_Driver/Inc/stm32f4xx_ll_system.h:1543:22:LL_FLASH_SetLatency	1
../Drivers/STM32F4xx_HAL_Driver/Inc/stm32f4xx_ll_system.h:1569:26:LL_FLASH_GetLatency	1
../Drivers/STM32F4xx_HAL_Driver/Inc/stm32f4xx_ll_pwr.h:505:22:LL_PWR_SetRegulVoltageScaling	1
../Drivers/STM32F4xx_HAL_Driver/Inc/stm32f4xx_ll_pwr.h:883:26:LL_PWR_IsActiveFlag_VOS	1
../Drivers/STM32F4xx_HAL_Driver/Inc/stm32f4xx_ll_dma.h:595:22:LL_DMA_SetDataTransferDirection	1
../Drivers/STM32F4xx_HAL_Driver/Inc/stm32f4xx_ll_dma.h:643:22:LL_DMA_SetMode	1
../Drivers/STM32F4xx_HAL_Driver/Inc/stm32f4xx_ll_dma.h:690:22:LL_DMA_SetPeriphIncMode	1
../Drivers/STM32F4xx_HAL_Driver/Inc/stm32f4xx_ll_dma.h:735:22:LL_DMA_SetMemoryIncMode	1
../Drivers/STM32F4xx_HAL_Driver/Inc/stm32f4xx_ll_dma.h:781:22:LL_DMA_SetPeriphSize	1
../Drivers/STM32F4xx_HAL_Driver/Inc/stm32f4xx_ll_dma.h:828:22:LL_DMA_SetMemorySize	1
../Drivers/STM32F4xx_HAL_Driver/Inc/stm32f4xx_ll_dma.h:921:22:LL_DMA_SetStreamPriorityLevel	1
../Drivers/STM32F4xx_HAL_Driver/Inc/stm32f4xx_ll_dma.h:1019:22:LL_DMA_SetChannelSelection	1
../Drivers/STM32F4xx_HAL_Driver/Inc/stm32f4xx_ll_dma.h:1276:22:LL_DMA_DisableFifoMode	1
../Core/Src/main.c:58:13:I2S3_Init	2
../Core/Src/main.c:125:6:I2S_StartTransmitDMA	3
../Core/Src/main.c:167:12:sin_int	9
../Core/Src/main.c:179:12:cos_int	1
../Core/Src/main.c:189:5:main	1
../Core/Src/main.c:240:6:SystemClock_Config	6
../Core/Src/main.c:285:13:MX_GPIO_Init	1
../Core/Src/main.c:308:6:Error_Handler	1
