03:14:08 **** Incremental Build of configuration Debug for project blackpill_dma ****
make -j12 all 
arm-none-eabi-gcc "../Core/Src/main.c" -mcpu=cortex-m4 -std=gnu11 -g3 -DDEBUG -DUSE_HAL_DRIVER -DSTM32F411xE -c -I../Core/Inc -I../Drivers/STM32F4xx_HAL_Driver/Inc -I../Drivers/STM32F4xx_HAL_Driver/Inc/Legacy -I../Drivers/CMSIS/Device/ST/STM32F4xx/Include -I../Drivers/CMSIS/Include -O0 -ffunction-sections -fdata-sections -Wall -fstack-usage -fcyclomatic-complexity -MMD -MP -MF"Core/Src/main.d" -MT"Core/Src/main.o" --specs=nano.specs -mfpu=fpv4-sp-d16 -mfloat-abi=hard -mthumb -o "Core/Src/main.o"
../Core/Src/main.c: In function 'main':
../Core/Src/main.c:38:25: warning: unused variable 'count' [-Wunused-variable]
   38 |                 uint8_t count = 0;
      |                         ^~~~~
arm-none-eabi-gcc -o "blackpill_dma.elf" @"objects.list"   -mcpu=cortex-m4 -T"C:\ST\DefaultWorkspase\blackpill_dma\STM32F411CEUX_FLASH.ld" --specs=nosys.specs -Wl,-Map="blackpill_dma.map" -Wl,--gc-sections -static --specs=nano.specs -mfpu=fpv4-sp-d16 -mfloat-abi=hard -mthumb -Wl,--start-group -lc -lm -Wl,--end-group
Finished building target: blackpill_dma.elf
 
arm-none-eabi-size  blackpill_dma.elf 
arm-none-eabi-objdump -h -S blackpill_dma.elf  > "blackpill_dma.list"
   text	   data	    bss	    dec	    hex	filename
   1352	      4	   1572	   2928	    b70	blackpill_dma.elf
Finished building: default.size.stdout
 
Finished building: blackpill_dma.list
 

03:14:09 Build Finished. 0 errors, 1 warnings. (took 706ms)

