22:20:48 **** Incremental Build of configuration Debug for project uart-rx ****
make -j12 all 
arm-none-eabi-gcc "../Core/Src/fatfs_sd.c" -mcpu=cortex-m4 -std=gnu11 -g3 -DDEBUG -DUSE_HAL_DRIVER -DSTM32F411xE -c -I../Core/Inc -I../Drivers/STM32F4xx_HAL_Driver/Inc -I../Drivers/STM32F4xx_HAL_Driver/Inc/Legacy -I../Drivers/CMSIS/Device/ST/STM32F4xx/Include -I../Drivers/CMSIS/Include -I../FATFS/Target -I../FATFS/App -I../Middlewares/Third_Party/FatFs/src -O0 -ffunction-sections -fdata-sections -Wall -fstack-usage -fcyclomatic-complexity -MMD -MP -MF"Core/Src/fatfs_sd.d" -MT"Core/Src/fatfs_sd.o" --specs=nano.specs -mfpu=fpv4-sp-d16 -mfloat-abi=hard -mthumb -o "Core/Src/fatfs_sd.o"
arm-none-eabi-gcc "../Core/Src/lwrb.c" -mcpu=cortex-m4 -std=gnu11 -g3 -DDEBUG -DUSE_HAL_DRIVER -DSTM32F411xE -c -I../Core/Inc -I../Drivers/STM32F4xx_HAL_Driver/Inc -I../Drivers/STM32F4xx_HAL_Driver/Inc/Legacy -I../Drivers/CMSIS/Device/ST/STM32F4xx/Include -I../Drivers/CMSIS/Include -I../FATFS/Target -I../FATFS/App -I../Middlewares/Third_Party/FatFs/src -O0 -ffunction-sections -fdata-sections -Wall -fstack-usage -fcyclomatic-complexity -MMD -MP -MF"Core/Src/lwrb.d" -MT"Core/Src/lwrb.o" --specs=nano.specs -mfpu=fpv4-sp-d16 -mfloat-abi=hard -mthumb -o "Core/Src/lwrb.o"
arm-none-eabi-gcc "../Core/Src/lwrb_ex.c" -mcpu=cortex-m4 -std=gnu11 -g3 -DDEBUG -DUSE_HAL_DRIVER -DSTM32F411xE -c -I../Core/Inc -I../Drivers/STM32F4xx_HAL_Driver/Inc -I../Drivers/STM32F4xx_HAL_Driver/Inc/Legacy -I../Drivers/CMSIS/Device/ST/STM32F4xx/Include -I../Drivers/CMSIS/Include -I../FATFS/Target -I../FATFS/App -I../Middlewares/Third_Party/FatFs/src -O0 -ffunction-sections -fdata-sections -Wall -fstack-usage -fcyclomatic-complexity -MMD -MP -MF"Core/Src/lwrb_ex.d" -MT"Core/Src/lwrb_ex.o" --specs=nano.specs -mfpu=fpv4-sp-d16 -mfloat-abi=hard -mthumb -o "Core/Src/lwrb_ex.o"
arm-none-eabi-gcc "../Core/Src/main.c" -mcpu=cortex-m4 -std=gnu11 -g3 -DDEBUG -DUSE_HAL_DRIVER -DSTM32F411xE -c -I../Core/Inc -I../Drivers/STM32F4xx_HAL_Driver/Inc -I../Drivers/STM32F4xx_HAL_Driver/Inc/Legacy -I../Drivers/CMSIS/Device/ST/STM32F4xx/Include -I../Drivers/CMSIS/Include -I../FATFS/Target -I../FATFS/App -I../Middlewares/Third_Party/FatFs/src -O0 -ffunction-sections -fdata-sections -Wall -fstack-usage -fcyclomatic-complexity -MMD -MP -MF"Core/Src/main.d" -MT"Core/Src/main.o" --specs=nano.specs -mfpu=fpv4-sp-d16 -mfloat-abi=hard -mthumb -o "Core/Src/main.o"
arm-none-eabi-gcc "../Core/Src/main_old.c" -mcpu=cortex-m4 -std=gnu11 -g3 -DDEBUG -DUSE_HAL_DRIVER -DSTM32F411xE -c -I../Core/Inc -I../Drivers/STM32F4xx_HAL_Driver/Inc -I../Drivers/STM32F4xx_HAL_Driver/Inc/Legacy -I../Drivers/CMSIS/Device/ST/STM32F4xx/Include -I../Drivers/CMSIS/Include -I../FATFS/Target -I../FATFS/App -I../Middlewares/Third_Party/FatFs/src -O0 -ffunction-sections -fdata-sections -Wall -fstack-usage -fcyclomatic-complexity -MMD -MP -MF"Core/Src/main_old.d" -MT"Core/Src/main_old.o" --specs=nano.specs -mfpu=fpv4-sp-d16 -mfloat-abi=hard -mthumb -o "Core/Src/main_old.o"
arm-none-eabi-gcc "../Core/Src/stm32f4xx_hal_msp.c" -mcpu=cortex-m4 -std=gnu11 -g3 -DDEBUG -DUSE_HAL_DRIVER -DSTM32F411xE -c -I../Core/Inc -I../Drivers/STM32F4xx_HAL_Driver/Inc -I../Drivers/STM32F4xx_HAL_Driver/Inc/Legacy -I../Drivers/CMSIS/Device/ST/STM32F4xx/Include -I../Drivers/CMSIS/Include -I../FATFS/Target -I../FATFS/App -I../Middlewares/Third_Party/FatFs/src -O0 -ffunction-sections -fdata-sections -Wall -fstack-usage -fcyclomatic-complexity -MMD -MP -MF"Core/Src/stm32f4xx_hal_msp.d" -MT"Core/Src/stm32f4xx_hal_msp.o" --specs=nano.specs -mfpu=fpv4-sp-d16 -mfloat-abi=hard -mthumb -o "Core/Src/stm32f4xx_hal_msp.o"
arm-none-eabi-gcc "../Core/Src/stm32f4xx_it.c" -mcpu=cortex-m4 -std=gnu11 -g3 -DDEBUG -DUSE_HAL_DRIVER -DSTM32F411xE -c -I../Core/Inc -I../Drivers/STM32F4xx_HAL_Driver/Inc -I../Drivers/STM32F4xx_HAL_Driver/Inc/Legacy -I../Drivers/CMSIS/Device/ST/STM32F4xx/Include -I../Drivers/CMSIS/Include -I../FATFS/Target -I../FATFS/App -I../Middlewares/Third_Party/FatFs/src -O0 -ffunction-sections -fdata-sections -Wall -fstack-usage -fcyclomatic-complexity -MMD -MP -MF"Core/Src/stm32f4xx_it.d" -MT"Core/Src/stm32f4xx_it.o" --specs=nano.specs -mfpu=fpv4-sp-d16 -mfloat-abi=hard -mthumb -o "Core/Src/stm32f4xx_it.o"
arm-none-eabi-gcc "../Core/Src/syscalls.c" -mcpu=cortex-m4 -std=gnu11 -g3 -DDEBUG -DUSE_HAL_DRIVER -DSTM32F411xE -c -I../Core/Inc -I../Drivers/STM32F4xx_HAL_Driver/Inc -I../Drivers/STM32F4xx_HAL_Driver/Inc/Legacy -I../Drivers/CMSIS/Device/ST/STM32F4xx/Include -I../Drivers/CMSIS/Include -I../FATFS/Target -I../FATFS/App -I../Middlewares/Third_Party/FatFs/src -O0 -ffunction-sections -fdata-sections -Wall -fstack-usage -fcyclomatic-complexity -MMD -MP -MF"Core/Src/syscalls.d" -MT"Core/Src/syscalls.o" --specs=nano.specs -mfpu=fpv4-sp-d16 -mfloat-abi=hard -mthumb -o "Core/Src/syscalls.o"
arm-none-eabi-gcc "../Core/Src/sysmem.c" -mcpu=cortex-m4 -std=gnu11 -g3 -DDEBUG -DUSE_HAL_DRIVER -DSTM32F411xE -c -I../Core/Inc -I../Drivers/STM32F4xx_HAL_Driver/Inc -I../Drivers/STM32F4xx_HAL_Driver/Inc/Legacy -I../Drivers/CMSIS/Device/ST/STM32F4xx/Include -I../Drivers/CMSIS/Include -I../FATFS/Target -I../FATFS/App -I../Middlewares/Third_Party/FatFs/src -O0 -ffunction-sections -fdata-sections -Wall -fstack-usage -fcyclomatic-complexity -MMD -MP -MF"Core/Src/sysmem.d" -MT"Core/Src/sysmem.o" --specs=nano.specs -mfpu=fpv4-sp-d16 -mfloat-abi=hard -mthumb -o "Core/Src/sysmem.o"
arm-none-eabi-gcc "../Core/Src/system_stm32f4xx.c" -mcpu=cortex-m4 -std=gnu11 -g3 -DDEBUG -DUSE_HAL_DRIVER -DSTM32F411xE -c -I../Core/Inc -I../Drivers/STM32F4xx_HAL_Driver/Inc -I../Drivers/STM32F4xx_HAL_Driver/Inc/Legacy -I../Drivers/CMSIS/Device/ST/STM32F4xx/Include -I../Drivers/CMSIS/Include -I../FATFS/Target -I../FATFS/App -I../Middlewares/Third_Party/FatFs/src -O0 -ffunction-sections -fdata-sections -Wall -fstack-usage -fcyclomatic-complexity -MMD -MP -MF"Core/Src/system_stm32f4xx.d" -MT"Core/Src/system_stm32f4xx.o" --specs=nano.specs -mfpu=fpv4-sp-d16 -mfloat-abi=hard -mthumb -o "Core/Src/system_stm32f4xx.o"
../Core/Src/lwrb.c:34:10: fatal error: lwrb/lwrb.h: No such file or directory
   34 | #include "lwrb/lwrb.h"
      |          ^~~~~~~~~~~~~
compilation terminated.
../Core/Src/lwrb_ex.c:34:10: fatal error: lwrb/lwrb.h: No such file or directory
   34 | #include "lwrb/lwrb.h"
      |          ^~~~~~~~~~~~~
compilation terminated.
make: *** [Core/Src/subdir.mk:46: Core/Src/lwrb_ex.o] Error 1
make: *** Waiting for unfinished jobs....
make: *** [Core/Src/subdir.mk:46: Core/Src/lwrb.o] Error 1
"make -j12 all" terminated with exit code 2. Build might be incomplete.
22:28:24 **** Incremental Build of configuration Debug for project uart-rx ****
make -j12 all 
arm-none-eabi-gcc "../Core/Src/lwrb.c" -mcpu=cortex-m4 -std=gnu11 -g3 -DDEBUG -DUSE_HAL_DRIVER -DSTM32F411xE -c -I../Core/Inc -I../Drivers/STM32F4xx_HAL_Driver/Inc -I../Drivers/STM32F4xx_HAL_Driver/Inc/Legacy -I../Drivers/CMSIS/Device/ST/STM32F4xx/Include -I../Drivers/CMSIS/Include -I../FATFS/Target -I../FATFS/App -I../Middlewares/Third_Party/FatFs/src -O0 -ffunction-sections -fdata-sections -Wall -fstack-usage -fcyclomatic-complexity -MMD -MP -MF"Core/Src/lwrb.d" -MT"Core/Src/lwrb.o" --specs=nano.specs -mfpu=fpv4-sp-d16 -mfloat-abi=hard -mthumb -o "Core/Src/lwrb.o"
arm-none-eabi-gcc "../Core/Src/lwrb_ex.c" -mcpu=cortex-m4 -std=gnu11 -g3 -DDEBUG -DUSE_HAL_DRIVER -DSTM32F411xE -c -I../Core/Inc -I../Drivers/STM32F4xx_HAL_Driver/Inc -I../Drivers/STM32F4xx_HAL_Driver/Inc/Legacy -I../Drivers/CMSIS/Device/ST/STM32F4xx/Include -I../Drivers/CMSIS/Include -I../FATFS/Target -I../FATFS/App -I../Middlewares/Third_Party/FatFs/src -O0 -ffunction-sections -fdata-sections -Wall -fstack-usage -fcyclomatic-complexity -MMD -MP -MF"Core/Src/lwrb_ex.d" -MT"Core/Src/lwrb_ex.o" --specs=nano.specs -mfpu=fpv4-sp-d16 -mfloat-abi=hard -mthumb -o "Core/Src/lwrb_ex.o"
arm-none-eabi-gcc -o "uart-rx.elf" @"objects.list"   -mcpu=cortex-m4 -T"C:\ST\DefaultWorkspase\uart-rx\STM32F411CEUX_FLASH.ld" --specs=nosys.specs -Wl,-Map="uart-rx.map" -Wl,--gc-sections -static --specs=nano.specs -mfpu=fpv4-sp-d16 -mfloat-abi=hard -mthumb -Wl,--start-group -lc -lm -Wl,--end-group
Finished building target: uart-rx.elf
 
arm-none-eabi-size  uart-rx.elf 
arm-none-eabi-objdump -h -S uart-rx.elf  > "uart-rx.list"
   text	   data	    bss	    dec	    hex	filename
  19868	     36	   2220	  22124	   566c	uart-rx.elf
Finished building: default.size.stdout
 
Finished building: uart-rx.list
 
12:07:45 **** Build of configuration Debug for project uart-rx-idle ****
make -j12 all 
arm-none-eabi-gcc "../Middlewares/Third_Party/FatFs/src/option/ccsbcs.c" -mcpu=cortex-m4 -std=gnu11 -g3 -DDEBUG -DUSE_HAL_DRIVER -DSTM32F411xE -c -I../FATFS/Target -I../FATFS/App -I../Core/Inc -I../Drivers/STM32F4xx_HAL_Driver/Inc -I../Drivers/STM32F4xx_HAL_Driver/Inc/Legacy -I../Middlewares/Third_Party/FatFs/src -I../Drivers/CMSIS/Device/ST/STM32F4xx/Include -I../Drivers/CMSIS/Include -O0 -ffunction-sections -fdata-sections -Wall -fstack-usage -fcyclomatic-complexity -MMD -MP -MF"Middlewares/Third_Party/FatFs/src/option/ccsbcs.d" -MT"Middlewares/Third_Party/FatFs/src/option/ccsbcs.o" --specs=nano.specs -mfpu=fpv4-sp-d16 -mfloat-abi=hard -mthumb -o "Middlewares/Third_Party/FatFs/src/option/ccsbcs.o"
arm-none-eabi-gcc "../Middlewares/Third_Party/FatFs/src/option/syscall.c" -mcpu=cortex-m4 -std=gnu11 -g3 -DDEBUG -DUSE_HAL_DRIVER -DSTM32F411xE -c -I../FATFS/Target -I../FATFS/App -I../Core/Inc -I../Drivers/STM32F4xx_HAL_Driver/Inc -I../Drivers/STM32F4xx_HAL_Driver/Inc/Legacy -I../Middlewares/Third_Party/FatFs/src -I../Drivers/CMSIS/Device/ST/STM32F4xx/Include -I../Drivers/CMSIS/Include -O0 -ffunction-sections -fdata-sections -Wall -fstack-usage -fcyclomatic-complexity -MMD -MP -MF"Middlewares/Third_Party/FatFs/src/option/syscall.d" -MT"Middlewares/Third_Party/FatFs/src/option/syscall.o" --specs=nano.specs -mfpu=fpv4-sp-d16 -mfloat-abi=hard -mthumb -o "Middlewares/Third_Party/FatFs/src/option/syscall.o"
arm-none-eabi-gcc "../Middlewares/Third_Party/FatFs/src/diskio.c" -mcpu=cortex-m4 -std=gnu11 -g3 -DDEBUG -DUSE_HAL_DRIVER -DSTM32F411xE -c -I../FATFS/Target -I../FATFS/App -I../Core/Inc -I../Drivers/STM32F4xx_HAL_Driver/Inc -I../Drivers/STM32F4xx_HAL_Driver/Inc/Legacy -I../Middlewares/Third_Party/FatFs/src -I../Drivers/CMSIS/Device/ST/STM32F4xx/Include -I../Drivers/CMSIS/Include -O0 -ffunction-sections -fdata-sections -Wall -fstack-usage -fcyclomatic-complexity -MMD -MP -MF"Middlewares/Third_Party/FatFs/src/diskio.d" -MT"Middlewares/Third_Party/FatFs/src/diskio.o" --specs=nano.specs -mfpu=fpv4-sp-d16 -mfloat-abi=hard -mthumb -o "Middlewares/Third_Party/FatFs/src/diskio.o"
arm-none-eabi-gcc "../Middlewares/Third_Party/FatFs/src/ff.c" -mcpu=cortex-m4 -std=gnu11 -g3 -DDEBUG -DUSE_HAL_DRIVER -DSTM32F411xE -c -I../FATFS/Target -I../FATFS/App -I../Core/Inc -I../Drivers/STM32F4xx_HAL_Driver/Inc -I../Drivers/STM32F4xx_HAL_Driver/Inc/Legacy -I../Middlewares/Third_Party/FatFs/src -I../Drivers/CMSIS/Device/ST/STM32F4xx/Include -I../Drivers/CMSIS/Include -O0 -ffunction-sections -fdata-sections -Wall -fstack-usage -fcyclomatic-complexity -MMD -MP -MF"Middlewares/Third_Party/FatFs/src/ff.d" -MT"Middlewares/Third_Party/FatFs/src/ff.o" --specs=nano.specs -mfpu=fpv4-sp-d16 -mfloat-abi=hard -mthumb -o "Middlewares/Third_Party/FatFs/src/ff.o"
arm-none-eabi-gcc "../Middlewares/Third_Party/FatFs/src/ff_gen_drv.c" -mcpu=cortex-m4 -std=gnu11 -g3 -DDEBUG -DUSE_HAL_DRIVER -DSTM32F411xE -c -I../FATFS/Target -I../FATFS/App -I../Core/Inc -I../Drivers/STM32F4xx_HAL_Driver/Inc -I../Drivers/STM32F4xx_HAL_Driver/Inc/Legacy -I../Middlewares/Third_Party/FatFs/src -I../Drivers/CMSIS/Device/ST/STM32F4xx/Include -I../Drivers/CMSIS/Include -O0 -ffunction-sections -fdata-sections -Wall -fstack-usage -fcyclomatic-complexity -MMD -MP -MF"Middlewares/Third_Party/FatFs/src/ff_gen_drv.d" -MT"Middlewares/Third_Party/FatFs/src/ff_gen_drv.o" --specs=nano.specs -mfpu=fpv4-sp-d16 -mfloat-abi=hard -mthumb -o "Middlewares/Third_Party/FatFs/src/ff_gen_drv.o"
arm-none-eabi-gcc "../FATFS/Target/user_diskio.c" -mcpu=cortex-m4 -std=gnu11 -g3 -DDEBUG -DUSE_HAL_DRIVER -DSTM32F411xE -c -I../FATFS/Target -I../FATFS/App -I../Core/Inc -I../Drivers/STM32F4xx_HAL_Driver/Inc -I../Drivers/STM32F4xx_HAL_Driver/Inc/Legacy -I../Middlewares/Third_Party/FatFs/src -I../Drivers/CMSIS/Device/ST/STM32F4xx/Include -I../Drivers/CMSIS/Include -O0 -ffunction-sections -fdata-sections -Wall -fstack-usage -fcyclomatic-complexity -MMD -MP -MF"FATFS/Target/user_diskio.d" -MT"FATFS/Target/user_diskio.o" --specs=nano.specs -mfpu=fpv4-sp-d16 -mfloat-abi=hard -mthumb -o "FATFS/Target/user_diskio.o"
arm-none-eabi-gcc "../FATFS/App/fatfs.c" -mcpu=cortex-m4 -std=gnu11 -g3 -DDEBUG -DUSE_HAL_DRIVER -DSTM32F411xE -c -I../FATFS/Target -I../FATFS/App -I../Core/Inc -I../Drivers/STM32F4xx_HAL_Driver/Inc -I../Drivers/STM32F4xx_HAL_Driver/Inc/Legacy -I../Middlewares/Third_Party/FatFs/src -I../Drivers/CMSIS/Device/ST/STM32F4xx/Include -I../Drivers/CMSIS/Include -O0 -ffunction-sections -fdata-sections -Wall -fstack-usage -fcyclomatic-complexity -MMD -MP -MF"FATFS/App/fatfs.d" -MT"FATFS/App/fatfs.o" --specs=nano.specs -mfpu=fpv4-sp-d16 -mfloat-abi=hard -mthumb -o "FATFS/App/fatfs.o"
arm-none-eabi-gcc "../Drivers/STM32F4xx_HAL_Driver/Src/stm32f4xx_hal.c" -mcpu=cortex-m4 -std=gnu11 -g3 -DDEBUG -DUSE_HAL_DRIVER -DSTM32F411xE -c -I../FATFS/Target -I../FATFS/App -I../Core/Inc -I../Drivers/STM32F4xx_HAL_Driver/Inc -I../Drivers/STM32F4xx_HAL_Driver/Inc/Legacy -I../Middlewares/Third_Party/FatFs/src -I../Drivers/CMSIS/Device/ST/STM32F4xx/Include -I../Drivers/CMSIS/Include -O0 -ffunction-sections -fdata-sections -Wall -fstack-usage -fcyclomatic-complexity -MMD -MP -MF"Drivers/STM32F4xx_HAL_Driver/Src/stm32f4xx_hal.d" -MT"Drivers/STM32F4xx_HAL_Driver/Src/stm32f4xx_hal.o" --specs=nano.specs -mfpu=fpv4-sp-d16 -mfloat-abi=hard -mthumb -o "Drivers/STM32F4xx_HAL_Driver/Src/stm32f4xx_hal.o"
arm-none-eabi-gcc "../Drivers/STM32F4xx_HAL_Driver/Src/stm32f4xx_hal_cortex.c" -mcpu=cortex-m4 -std=gnu11 -g3 -DDEBUG -DUSE_HAL_DRIVER -DSTM32F411xE -c -I../FATFS/Target -I../FATFS/App -I../Core/Inc -I../Drivers/STM32F4xx_HAL_Driver/Inc -I../Drivers/STM32F4xx_HAL_Driver/Inc/Legacy -I../Middlewares/Third_Party/FatFs/src -I../Drivers/CMSIS/Device/ST/STM32F4xx/Include -I../Drivers/CMSIS/Include -O0 -ffunction-sections -fdata-sections -Wall -fstack-usage -fcyclomatic-complexity -MMD -MP -MF"Drivers/STM32F4xx_HAL_Driver/Src/stm32f4xx_hal_cortex.d" -MT"Drivers/STM32F4xx_HAL_Driver/Src/stm32f4xx_hal_cortex.o" --specs=nano.specs -mfpu=fpv4-sp-d16 -mfloat-abi=hard -mthumb -o "Drivers/STM32F4xx_HAL_Driver/Src/stm32f4xx_hal_cortex.o"
arm-none-eabi-gcc "../Drivers/STM32F4xx_HAL_Driver/Src/stm32f4xx_hal_dma.c" -mcpu=cortex-m4 -std=gnu11 -g3 -DDEBUG -DUSE_HAL_DRIVER -DSTM32F411xE -c -I../FATFS/Target -I../FATFS/App -I../Core/Inc -I../Drivers/STM32F4xx_HAL_Driver/Inc -I../Drivers/STM32F4xx_HAL_Driver/Inc/Legacy -I../Middlewares/Third_Party/FatFs/src -I../Drivers/CMSIS/Device/ST/STM32F4xx/Include -I../Drivers/CMSIS/Include -O0 -ffunction-sections -fdata-sections -Wall -fstack-usage -fcyclomatic-complexity -MMD -MP -MF"Drivers/STM32F4xx_HAL_Driver/Src/stm32f4xx_hal_dma.d" -MT"Drivers/STM32F4xx_HAL_Driver/Src/stm32f4xx_hal_dma.o" --specs=nano.specs -mfpu=fpv4-sp-d16 -mfloat-abi=hard -mthumb -o "Drivers/STM32F4xx_HAL_Driver/Src/stm32f4xx_hal_dma.o"
arm-none-eabi-gcc "../Drivers/STM32F4xx_HAL_Driver/Src/stm32f4xx_hal_dma_ex.c" -mcpu=cortex-m4 -std=gnu11 -g3 -DDEBUG -DUSE_HAL_DRIVER -DSTM32F411xE -c -I../FATFS/Target -I../FATFS/App -I../Core/Inc -I../Drivers/STM32F4xx_HAL_Driver/Inc -I../Drivers/STM32F4xx_HAL_Driver/Inc/Legacy -I../Middlewares/Third_Party/FatFs/src -I../Drivers/CMSIS/Device/ST/STM32F4xx/Include -I../Drivers/CMSIS/Include -O0 -ffunction-sections -fdata-sections -Wall -fstack-usage -fcyclomatic-complexity -MMD -MP -MF"Drivers/STM32F4xx_HAL_Driver/Src/stm32f4xx_hal_dma_ex.d" -MT"Drivers/STM32F4xx_HAL_Driver/Src/stm32f4xx_hal_dma_ex.o" --specs=nano.specs -mfpu=fpv4-sp-d16 -mfloat-abi=hard -mthumb -o "Drivers/STM32F4xx_HAL_Driver/Src/stm32f4xx_hal_dma_ex.o"
arm-none-eabi-gcc "../Drivers/STM32F4xx_HAL_Driver/Src/stm32f4xx_hal_exti.c" -mcpu=cortex-m4 -std=gnu11 -g3 -DDEBUG -DUSE_HAL_DRIVER -DSTM32F411xE -c -I../FATFS/Target -I../FATFS/App -I../Core/Inc -I../Drivers/STM32F4xx_HAL_Driver/Inc -I../Drivers/STM32F4xx_HAL_Driver/Inc/Legacy -I../Middlewares/Third_Party/FatFs/src -I../Drivers/CMSIS/Device/ST/STM32F4xx/Include -I../Drivers/CMSIS/Include -O0 -ffunction-sections -fdata-sections -Wall -fstack-usage -fcyclomatic-complexity -MMD -MP -MF"Drivers/STM32F4xx_HAL_Driver/Src/stm32f4xx_hal_exti.d" -MT"Drivers/STM32F4xx_HAL_Driver/Src/stm32f4xx_hal_exti.o" --specs=nano.specs -mfpu=fpv4-sp-d16 -mfloat-abi=hard -mthumb -o "Drivers/STM32F4xx_HAL_Driver/Src/stm32f4xx_hal_exti.o"
arm-none-eabi-gcc "../Drivers/STM32F4xx_HAL_Driver/Src/stm32f4xx_hal_flash.c" -mcpu=cortex-m4 -std=gnu11 -g3 -DDEBUG -DUSE_HAL_DRIVER -DSTM32F411xE -c -I../FATFS/Target -I../FATFS/App -I../Core/Inc -I../Drivers/STM32F4xx_HAL_Driver/Inc -I../Drivers/STM32F4xx_HAL_Driver/Inc/Legacy -I../Middlewares/Third_Party/FatFs/src -I../Drivers/CMSIS/Device/ST/STM32F4xx/Include -I../Drivers/CMSIS/Include -O0 -ffunction-sections -fdata-sections -Wall -fstack-usage -fcyclomatic-complexity -MMD -MP -MF"Drivers/STM32F4xx_HAL_Driver/Src/stm32f4xx_hal_flash.d" -MT"Drivers/STM32F4xx_HAL_Driver/Src/stm32f4xx_hal_flash.o" --specs=nano.specs -mfpu=fpv4-sp-d16 -mfloat-abi=hard -mthumb -o "Drivers/STM32F4xx_HAL_Driver/Src/stm32f4xx_hal_flash.o"
arm-none-eabi-gcc "../Drivers/STM32F4xx_HAL_Driver/Src/stm32f4xx_hal_flash_ex.c" -mcpu=cortex-m4 -std=gnu11 -g3 -DDEBUG -DUSE_HAL_DRIVER -DSTM32F411xE -c -I../FATFS/Target -I../FATFS/App -I../Core/Inc -I../Drivers/STM32F4xx_HAL_Driver/Inc -I../Drivers/STM32F4xx_HAL_Driver/Inc/Legacy -I../Middlewares/Third_Party/FatFs/src -I../Drivers/CMSIS/Device/ST/STM32F4xx/Include -I../Drivers/CMSIS/Include -O0 -ffunction-sections -fdata-sections -Wall -fstack-usage -fcyclomatic-complexity -MMD -MP -MF"Drivers/STM32F4xx_HAL_Driver/Src/stm32f4xx_hal_flash_ex.d" -MT"Drivers/STM32F4xx_HAL_Driver/Src/stm32f4xx_hal_flash_ex.o" --specs=nano.specs -mfpu=fpv4-sp-d16 -mfloat-abi=hard -mthumb -o "Drivers/STM32F4xx_HAL_Driver/Src/stm32f4xx_hal_flash_ex.o"
arm-none-eabi-gcc "../Drivers/STM32F4xx_HAL_Driver/Src/stm32f4xx_hal_flash_ramfunc.c" -mcpu=cortex-m4 -std=gnu11 -g3 -DDEBUG -DUSE_HAL_DRIVER -DSTM32F411xE -c -I../FATFS/Target -I../FATFS/App -I../Core/Inc -I../Drivers/STM32F4xx_HAL_Driver/Inc -I../Drivers/STM32F4xx_HAL_Driver/Inc/Legacy -I../Middlewares/Third_Party/FatFs/src -I../Drivers/CMSIS/Device/ST/STM32F4xx/Include -I../Drivers/CMSIS/Include -O0 -ffunction-sections -fdata-sections -Wall -fstack-usage -fcyclomatic-complexity -MMD -MP -MF"Drivers/STM32F4xx_HAL_Driver/Src/stm32f4xx_hal_flash_ramfunc.d" -MT"Drivers/STM32F4xx_HAL_Driver/Src/stm32f4xx_hal_flash_ramfunc.o" --specs=nano.specs -mfpu=fpv4-sp-d16 -mfloat-abi=hard -mthumb -o "Drivers/STM32F4xx_HAL_Driver/Src/stm32f4xx_hal_flash_ramfunc.o"
arm-none-eabi-gcc "../Drivers/STM32F4xx_HAL_Driver/Src/stm32f4xx_hal_gpio.c" -mcpu=cortex-m4 -std=gnu11 -g3 -DDEBUG -DUSE_HAL_DRIVER -DSTM32F411xE -c -I../FATFS/Target -I../FATFS/App -I../Core/Inc -I../Drivers/STM32F4xx_HAL_Driver/Inc -I../Drivers/STM32F4xx_HAL_Driver/Inc/Legacy -I../Middlewares/Third_Party/FatFs/src -I../Drivers/CMSIS/Device/ST/STM32F4xx/Include -I../Drivers/CMSIS/Include -O0 -ffunction-sections -fdata-sections -Wall -fstack-usage -fcyclomatic-complexity -MMD -MP -MF"Drivers/STM32F4xx_HAL_Driver/Src/stm32f4xx_hal_gpio.d" -MT"Drivers/STM32F4xx_HAL_Driver/Src/stm32f4xx_hal_gpio.o" --specs=nano.specs -mfpu=fpv4-sp-d16 -mfloat-abi=hard -mthumb -o "Drivers/STM32F4xx_HAL_Driver/Src/stm32f4xx_hal_gpio.o"
arm-none-eabi-gcc "../Drivers/STM32F4xx_HAL_Driver/Src/stm32f4xx_hal_pwr.c" -mcpu=cortex-m4 -std=gnu11 -g3 -DDEBUG -DUSE_HAL_DRIVER -DSTM32F411xE -c -I../FATFS/Target -I../FATFS/App -I../Core/Inc -I../Drivers/STM32F4xx_HAL_Driver/Inc -I../Drivers/STM32F4xx_HAL_Driver/Inc/Legacy -I../Middlewares/Third_Party/FatFs/src -I../Drivers/CMSIS/Device/ST/STM32F4xx/Include -I../Drivers/CMSIS/Include -O0 -ffunction-sections -fdata-sections -Wall -fstack-usage -fcyclomatic-complexity -MMD -MP -MF"Drivers/STM32F4xx_HAL_Driver/Src/stm32f4xx_hal_pwr.d" -MT"Drivers/STM32F4xx_HAL_Driver/Src/stm32f4xx_hal_pwr.o" --specs=nano.specs -mfpu=fpv4-sp-d16 -mfloat-abi=hard -mthumb -o "Drivers/STM32F4xx_HAL_Driver/Src/stm32f4xx_hal_pwr.o"
arm-none-eabi-gcc "../Drivers/STM32F4xx_HAL_Driver/Src/stm32f4xx_hal_pwr_ex.c" -mcpu=cortex-m4 -std=gnu11 -g3 -DDEBUG -DUSE_HAL_DRIVER -DSTM32F411xE -c -I../FATFS/Target -I../FATFS/App -I../Core/Inc -I../Drivers/STM32F4xx_HAL_Driver/Inc -I../Drivers/STM32F4xx_HAL_Driver/Inc/Legacy -I../Middlewares/Third_Party/FatFs/src -I../Drivers/CMSIS/Device/ST/STM32F4xx/Include -I../Drivers/CMSIS/Include -O0 -ffunction-sections -fdata-sections -Wall -fstack-usage -fcyclomatic-complexity -MMD -MP -MF"Drivers/STM32F4xx_HAL_Driver/Src/stm32f4xx_hal_pwr_ex.d" -MT"Drivers/STM32F4xx_HAL_Driver/Src/stm32f4xx_hal_pwr_ex.o" --specs=nano.specs -mfpu=fpv4-sp-d16 -mfloat-abi=hard -mthumb -o "Drivers/STM32F4xx_HAL_Driver/Src/stm32f4xx_hal_pwr_ex.o"
arm-none-eabi-gcc "../Drivers/STM32F4xx_HAL_Driver/Src/stm32f4xx_hal_rcc.c" -mcpu=cortex-m4 -std=gnu11 -g3 -DDEBUG -DUSE_HAL_DRIVER -DSTM32F411xE -c -I../FATFS/Target -I../FATFS/App -I../Core/Inc -I../Drivers/STM32F4xx_HAL_Driver/Inc -I../Drivers/STM32F4xx_HAL_Driver/Inc/Legacy -I../Middlewares/Third_Party/FatFs/src -I../Drivers/CMSIS/Device/ST/STM32F4xx/Include -I../Drivers/CMSIS/Include -O0 -ffunction-sections -fdata-sections -Wall -fstack-usage -fcyclomatic-complexity -MMD -MP -MF"Drivers/STM32F4xx_HAL_Driver/Src/stm32f4xx_hal_rcc.d" -MT"Drivers/STM32F4xx_HAL_Driver/Src/stm32f4xx_hal_rcc.o" --specs=nano.specs -mfpu=fpv4-sp-d16 -mfloat-abi=hard -mthumb -o "Drivers/STM32F4xx_HAL_Driver/Src/stm32f4xx_hal_rcc.o"
arm-none-eabi-gcc "../Drivers/STM32F4xx_HAL_Driver/Src/stm32f4xx_hal_rcc_ex.c" -mcpu=cortex-m4 -std=gnu11 -g3 -DDEBUG -DUSE_HAL_DRIVER -DSTM32F411xE -c -I../FATFS/Target -I../FATFS/App -I../Core/Inc -I../Drivers/STM32F4xx_HAL_Driver/Inc -I../Drivers/STM32F4xx_HAL_Driver/Inc/Legacy -I../Middlewares/Third_Party/FatFs/src -I../Drivers/CMSIS/Device/ST/STM32F4xx/Include -I../Drivers/CMSIS/Include -O0 -ffunction-sections -fdata-sections -Wall -fstack-usage -fcyclomatic-complexity -MMD -MP -MF"Drivers/STM32F4xx_HAL_Driver/Src/stm32f4xx_hal_rcc_ex.d" -MT"Drivers/STM32F4xx_HAL_Driver/Src/stm32f4xx_hal_rcc_ex.o" --specs=nano.specs -mfpu=fpv4-sp-d16 -mfloat-abi=hard -mthumb -o "Drivers/STM32F4xx_HAL_Driver/Src/stm32f4xx_hal_rcc_ex.o"
arm-none-eabi-gcc "../Drivers/STM32F4xx_HAL_Driver/Src/stm32f4xx_hal_spi.c" -mcpu=cortex-m4 -std=gnu11 -g3 -DDEBUG -DUSE_HAL_DRIVER -DSTM32F411xE -c -I../FATFS/Target -I../FATFS/App -I../Core/Inc -I../Drivers/STM32F4xx_HAL_Driver/Inc -I../Drivers/STM32F4xx_HAL_Driver/Inc/Legacy -I../Middlewares/Third_Party/FatFs/src -I../Drivers/CMSIS/Device/ST/STM32F4xx/Include -I../Drivers/CMSIS/Include -O0 -ffunction-sections -fdata-sections -Wall -fstack-usage -fcyclomatic-complexity -MMD -MP -MF"Drivers/STM32F4xx_HAL_Driver/Src/stm32f4xx_hal_spi.d" -MT"Drivers/STM32F4xx_HAL_Driver/Src/stm32f4xx_hal_spi.o" --specs=nano.specs -mfpu=fpv4-sp-d16 -mfloat-abi=hard -mthumb -o "Drivers/STM32F4xx_HAL_Driver/Src/stm32f4xx_hal_spi.o"
arm-none-eabi-gcc "../Drivers/STM32F4xx_HAL_Driver/Src/stm32f4xx_hal_uart.c" -mcpu=cortex-m4 -std=gnu11 -g3 -DDEBUG -DUSE_HAL_DRIVER -DSTM32F411xE -c -I../FATFS/Target -I../FATFS/App -I../Core/Inc -I../Drivers/STM32F4xx_HAL_Driver/Inc -I../Drivers/STM32F4xx_HAL_Driver/Inc/Legacy -I../Middlewares/Third_Party/FatFs/src -I../Drivers/CMSIS/Device/ST/STM32F4xx/Include -I../Drivers/CMSIS/Include -O0 -ffunction-sections -fdata-sections -Wall -fstack-usage -fcyclomatic-complexity -MMD -MP -MF"Drivers/STM32F4xx_HAL_Driver/Src/stm32f4xx_hal_uart.d" -MT"Drivers/STM32F4xx_HAL_Driver/Src/stm32f4xx_hal_uart.o" --specs=nano.specs -mfpu=fpv4-sp-d16 -mfloat-abi=hard -mthumb -o "Drivers/STM32F4xx_HAL_Driver/Src/stm32f4xx_hal_uart.o"
arm-none-eabi-gcc -mcpu=cortex-m4 -g3 -DDEBUG -c -x assembler-with-cpp -MMD -MP -MF"Core/Startup/startup_stm32f411ceux.d" -MT"Core/Startup/startup_stm32f411ceux.o" --specs=nano.specs -mfpu=fpv4-sp-d16 -mfloat-abi=hard -mthumb -o "Core/Startup/startup_stm32f411ceux.o" "../Core/Startup/startup_stm32f411ceux.s"
arm-none-eabi-gcc "../Core/Src/main.c" -mcpu=cortex-m4 -std=gnu11 -g3 -DDEBUG -DUSE_HAL_DRIVER -DSTM32F411xE -c -I../FATFS/Target -I../FATFS/App -I../Core/Inc -I../Drivers/STM32F4xx_HAL_Driver/Inc -I../Drivers/STM32F4xx_HAL_Driver/Inc/Legacy -I../Middlewares/Third_Party/FatFs/src -I../Drivers/CMSIS/Device/ST/STM32F4xx/Include -I../Drivers/CMSIS/Include -O0 -ffunction-sections -fdata-sections -Wall -fstack-usage -fcyclomatic-complexity -MMD -MP -MF"Core/Src/main.d" -MT"Core/Src/main.o" --specs=nano.specs -mfpu=fpv4-sp-d16 -mfloat-abi=hard -mthumb -o "Core/Src/main.o"
arm-none-eabi-gcc "../Core/Src/stm32f4xx_hal_msp.c" -mcpu=cortex-m4 -std=gnu11 -g3 -DDEBUG -DUSE_HAL_DRIVER -DSTM32F411xE -c -I../FATFS/Target -I../FATFS/App -I../Core/Inc -I../Drivers/STM32F4xx_HAL_Driver/Inc -I../Drivers/STM32F4xx_HAL_Driver/Inc/Legacy -I../Middlewares/Third_Party/FatFs/src -I../Drivers/CMSIS/Device/ST/STM32F4xx/Include -I../Drivers/CMSIS/Include -O0 -ffunction-sections -fdata-sections -Wall -fstack-usage -fcyclomatic-complexity -MMD -MP -MF"Core/Src/stm32f4xx_hal_msp.d" -MT"Core/Src/stm32f4xx_hal_msp.o" --specs=nano.specs -mfpu=fpv4-sp-d16 -mfloat-abi=hard -mthumb -o "Core/Src/stm32f4xx_hal_msp.o"
arm-none-eabi-gcc "../Core/Src/stm32f4xx_it.c" -mcpu=cortex-m4 -std=gnu11 -g3 -DDEBUG -DUSE_HAL_DRIVER -DSTM32F411xE -c -I../FATFS/Target -I../FATFS/App -I../Core/Inc -I../Drivers/STM32F4xx_HAL_Driver/Inc -I../Drivers/STM32F4xx_HAL_Driver/Inc/Legacy -I../Middlewares/Third_Party/FatFs/src -I../Drivers/CMSIS/Device/ST/STM32F4xx/Include -I../Drivers/CMSIS/Include -O0 -ffunction-sections -fdata-sections -Wall -fstack-usage -fcyclomatic-complexity -MMD -MP -MF"Core/Src/stm32f4xx_it.d" -MT"Core/Src/stm32f4xx_it.o" --specs=nano.specs -mfpu=fpv4-sp-d16 -mfloat-abi=hard -mthumb -o "Core/Src/stm32f4xx_it.o"
arm-none-eabi-gcc "../Core/Src/syscalls.c" -mcpu=cortex-m4 -std=gnu11 -g3 -DDEBUG -DUSE_HAL_DRIVER -DSTM32F411xE -c -I../FATFS/Target -I../FATFS/App -I../Core/Inc -I../Drivers/STM32F4xx_HAL_Driver/Inc -I../Drivers/STM32F4xx_HAL_Driver/Inc/Legacy -I../Middlewares/Third_Party/FatFs/src -I../Drivers/CMSIS/Device/ST/STM32F4xx/Include -I../Drivers/CMSIS/Include -O0 -ffunction-sections -fdata-sections -Wall -fstack-usage -fcyclomatic-complexity -MMD -MP -MF"Core/Src/syscalls.d" -MT"Core/Src/syscalls.o" --specs=nano.specs -mfpu=fpv4-sp-d16 -mfloat-abi=hard -mthumb -o "Core/Src/syscalls.o"
arm-none-eabi-gcc "../Core/Src/sysmem.c" -mcpu=cortex-m4 -std=gnu11 -g3 -DDEBUG -DUSE_HAL_DRIVER -DSTM32F411xE -c -I../FATFS/Target -I../FATFS/App -I../Core/Inc -I../Drivers/STM32F4xx_HAL_Driver/Inc -I../Drivers/STM32F4xx_HAL_Driver/Inc/Legacy -I../Middlewares/Third_Party/FatFs/src -I../Drivers/CMSIS/Device/ST/STM32F4xx/Include -I../Drivers/CMSIS/Include -O0 -ffunction-sections -fdata-sections -Wall -fstack-usage -fcyclomatic-complexity -MMD -MP -MF"Core/Src/sysmem.d" -MT"Core/Src/sysmem.o" --specs=nano.specs -mfpu=fpv4-sp-d16 -mfloat-abi=hard -mthumb -o "Core/Src/sysmem.o"
arm-none-eabi-gcc "../Core/Src/system_stm32f4xx.c" -mcpu=cortex-m4 -std=gnu11 -g3 -DDEBUG -DUSE_HAL_DRIVER -DSTM32F411xE -c -I../FATFS/Target -I../FATFS/App -I../Core/Inc -I../Drivers/STM32F4xx_HAL_Driver/Inc -I../Drivers/STM32F4xx_HAL_Driver/Inc/Legacy -I../Middlewares/Third_Party/FatFs/src -I../Drivers/CMSIS/Device/ST/STM32F4xx/Include -I../Drivers/CMSIS/Include -O0 -ffunction-sections -fdata-sections -Wall -fstack-usage -fcyclomatic-complexity -MMD -MP -MF"Core/Src/system_stm32f4xx.d" -MT"Core/Src/system_stm32f4xx.o" --specs=nano.specs -mfpu=fpv4-sp-d16 -mfloat-abi=hard -mthumb -o "Core/Src/system_stm32f4xx.o"
arm-none-eabi-gcc -o "uart-rx-idle.elf" @"objects.list"   -mcpu=cortex-m4 -T"C:\ST\DefaultWorkspase\uart-rx-idle\STM32F411CEUX_FLASH.ld" --specs=nosys.specs -Wl,-Map="uart-rx-idle.map" -Wl,--gc-sections -static --specs=nano.specs -mfpu=fpv4-sp-d16 -mfloat-abi=hard -mthumb -Wl,--start-group -lc -lm -Wl,--end-group
Finished building target: uart-rx-idle.elf
 
arm-none-eabi-size  uart-rx-idle.elf 
arm-none-eabi-objdump -h -S uart-rx-idle.elf  > "uart-rx-idle.list"
   text	   data	    bss	    dec	    hex	filename
  13564	     32	   2208	  15804	   3dbc	uart-rx-idle.elf
Finished building: default.size.stdout
 
Finished building: uart-rx-idle.list
 
12:08:03 **** Incremental Build of configuration Debug for project uart-rx-idle ****
make -j12 all 
arm-none-eabi-gcc "../Core/Src/main.c" -mcpu=cortex-m4 -std=gnu11 -g3 -DDEBUG -DUSE_HAL_DRIVER -DSTM32F411xE -c -I../FATFS/Target -I../FATFS/App -I../Core/Inc -I../Drivers/STM32F4xx_HAL_Driver/Inc -I../Drivers/STM32F4xx_HAL_Driver/Inc/Legacy -I../Middlewares/Third_Party/FatFs/src -I../Drivers/CMSIS/Device/ST/STM32F4xx/Include -I../Drivers/CMSIS/Include -O0 -ffunction-sections -fdata-sections -Wall -fstack-usage -fcyclomatic-complexity -MMD -MP -MF"Core/Src/main.d" -MT"Core/Src/main.o" --specs=nano.specs -mfpu=fpv4-sp-d16 -mfloat-abi=hard -mthumb -o "Core/Src/main.o"
../Core/Src/main.c: In function 'HAL_UARTEx_RxEventCallback':
../Core/Src/main.c:76:40: error: 'RxData' undeclared (first use in this function); did you mean 'rx_data'?
   76 |   HAL_UARTEx_ReceiveToIdle_IT(&huart2, RxData, 30);
      |                                        ^~~~~~
      |                                        rx_data
../Core/Src/main.c:76:40: note: each undeclared identifier is reported only once for each function it appears in
make: *** [Core/Src/subdir.mk:34: Core/Src/main.o] Error 1
"make -j12 all" terminated with exit code 2. Build might be incomplete.
12:08:14 **** Incremental Build of configuration Debug for project uart-rx-idle ****
make -j12 all 
arm-none-eabi-gcc "../Core/Src/main.c" -mcpu=cortex-m4 -std=gnu11 -g3 -DDEBUG -DUSE_HAL_DRIVER -DSTM32F411xE -c -I../FATFS/Target -I../FATFS/App -I../Core/Inc -I../Drivers/STM32F4xx_HAL_Driver/Inc -I../Drivers/STM32F4xx_HAL_Driver/Inc/Legacy -I../Middlewares/Third_Party/FatFs/src -I../Drivers/CMSIS/Device/ST/STM32F4xx/Include -I../Drivers/CMSIS/Include -O0 -ffunction-sections -fdata-sections -Wall -fstack-usage -fcyclomatic-complexity -MMD -MP -MF"Core/Src/main.d" -MT"Core/Src/main.o" --specs=nano.specs -mfpu=fpv4-sp-d16 -mfloat-abi=hard -mthumb -o "Core/Src/main.o"
arm-none-eabi-gcc -o "uart-rx-idle.elf" @"objects.list"   -mcpu=cortex-m4 -T"C:\ST\DefaultWorkspase\uart-rx-idle\STM32F411CEUX_FLASH.ld" --specs=nosys.specs -Wl,-Map="uart-rx-idle.map" -Wl,--gc-sections -static --specs=nano.specs -mfpu=fpv4-sp-d16 -mfloat-abi=hard -mthumb -Wl,--start-group -lc -lm -Wl,--end-group
Finished building target: uart-rx-idle.elf
 
arm-none-eabi-size  uart-rx-idle.elf 
arm-none-eabi-objdump -h -S uart-rx-idle.elf  > "uart-rx-idle.list"
   text	   data	    bss	    dec	    hex	filename
  13908	     32	   2240	  16180	   3f34	uart-rx-idle.elf
Finished building: default.size.stdout
 
Finished building: uart-rx-idle.list
 
12:08:49 **** Incremental Build of configuration Debug for project uart-rx-idle ****
make -j12 all 
arm-none-eabi-size  uart-rx-idle.elf 
   text	   data	    bss	    dec	    hex	filename
  13908	     32	   2240	  16180	   3f34	uart-rx-idle.elf
Finished building: default.size.stdout
 
12:09:16 **** Incremental Build of configuration Debug for project uart-rx-idle ****
make -j12 all 
arm-none-eabi-size  uart-rx-idle.elf 
   text	   data	    bss	    dec	    hex	filename
  13908	     32	   2240	  16180	   3f34	uart-rx-idle.elf
Finished building: default.size.stdout
 
12:16:46 **** Incremental Build of configuration Debug for project uart-rx-idle ****
make -j12 all 
arm-none-eabi-size  uart-rx-idle.elf 
   text	   data	    bss	    dec	    hex	filename
  13908	     32	   2240	  16180	   3f34	uart-rx-idle.elf
Finished building: default.size.stdout
 
12:19:46 **** Incremental Build of configuration Debug for project uart-rx-idle ****
make -j12 all 
arm-none-eabi-gcc "../Core/Src/main.c" -mcpu=cortex-m4 -std=gnu11 -g3 -DDEBUG -DUSE_HAL_DRIVER -DSTM32F411xE -c -I../FATFS/Target -I../FATFS/App -I../Core/Inc -I../Drivers/STM32F4xx_HAL_Driver/Inc -I../Drivers/STM32F4xx_HAL_Driver/Inc/Legacy -I../Middlewares/Third_Party/FatFs/src -I../Drivers/CMSIS/Device/ST/STM32F4xx/Include -I../Drivers/CMSIS/Include -O0 -ffunction-sections -fdata-sections -Wall -fstack-usage -fcyclomatic-complexity -MMD -MP -MF"Core/Src/main.d" -MT"Core/Src/main.o" --specs=nano.specs -mfpu=fpv4-sp-d16 -mfloat-abi=hard -mthumb -o "Core/Src/main.o"
arm-none-eabi-gcc -o "uart-rx-idle.elf" @"objects.list"   -mcpu=cortex-m4 -T"C:\ST\DefaultWorkspase\uart-rx-idle\STM32F411CEUX_FLASH.ld" --specs=nosys.specs -Wl,-Map="uart-rx-idle.map" -Wl,--gc-sections -static --specs=nano.specs -mfpu=fpv4-sp-d16 -mfloat-abi=hard -mthumb -Wl,--start-group -lc -lm -Wl,--end-group
Finished building target: uart-rx-idle.elf
 
arm-none-eabi-size  uart-rx-idle.elf 
arm-none-eabi-objdump -h -S uart-rx-idle.elf  > "uart-rx-idle.list"
   text	   data	    bss	    dec	    hex	filename
  13916	     32	   2240	  16188	   3f3c	uart-rx-idle.elf
Finished building: default.size.stdout
 
Finished building: uart-rx-idle.list
 
12:24:37 **** Incremental Build of configuration Debug for project uart-rx-idle ****
make -j12 all 
arm-none-eabi-gcc "../Core/Src/main.c" -mcpu=cortex-m4 -std=gnu11 -g3 -DDEBUG -DUSE_HAL_DRIVER -DSTM32F411xE -c -I../FATFS/Target -I../FATFS/App -I../Core/Inc -I../Drivers/STM32F4xx_HAL_Driver/Inc -I../Drivers/STM32F4xx_HAL_Driver/Inc/Legacy -I../Middlewares/Third_Party/FatFs/src -I../Drivers/CMSIS/Device/ST/STM32F4xx/Include -I../Drivers/CMSIS/Include -O0 -ffunction-sections -fdata-sections -Wall -fstack-usage -fcyclomatic-complexity -MMD -MP -MF"Core/Src/main.d" -MT"Core/Src/main.o" --specs=nano.specs -mfpu=fpv4-sp-d16 -mfloat-abi=hard -mthumb -o "Core/Src/main.o"
arm-none-eabi-gcc -o "uart-rx-idle.elf" @"objects.list"   -mcpu=cortex-m4 -T"C:\ST\DefaultWorkspase\uart-rx-idle\STM32F411CEUX_FLASH.ld" --specs=nosys.specs -Wl,-Map="uart-rx-idle.map" -Wl,--gc-sections -static --specs=nano.specs -mfpu=fpv4-sp-d16 -mfloat-abi=hard -mthumb -Wl,--start-group -lc -lm -Wl,--end-group
Finished building target: uart-rx-idle.elf
 
arm-none-eabi-size  uart-rx-idle.elf 
arm-none-eabi-objdump -h -S uart-rx-idle.elf  > "uart-rx-idle.list"
   text	   data	    bss	    dec	    hex	filename
  14040	     32	   2272	  16344	   3fd8	uart-rx-idle.elf
Finished building: default.size.stdout
 
Finished building: uart-rx-idle.list
 
14:07:33 **** Incremental Build of configuration Debug for project uart-rx ****
make -j12 all 
arm-none-eabi-gcc "../Core/Src/main.c" -mcpu=cortex-m4 -std=gnu11 -g3 -DDEBUG -DUSE_HAL_DRIVER -DSTM32F411xE -c -I../Core/Inc -I../Drivers/STM32F4xx_HAL_Driver/Inc -I../Drivers/STM32F4xx_HAL_Driver/Inc/Legacy -I../Drivers/CMSIS/Device/ST/STM32F4xx/Include -I../Drivers/CMSIS/Include -I../FATFS/Target -I../FATFS/App -I../Middlewares/Third_Party/FatFs/src -O0 -ffunction-sections -fdata-sections -Wall -fstack-usage -fcyclomatic-complexity -MMD -MP -MF"Core/Src/main.d" -MT"Core/Src/main.o" --specs=nano.specs -mfpu=fpv4-sp-d16 -mfloat-abi=hard -mthumb -o "Core/Src/main.o"
../Core/Src/main.c: In function 'debug_log':
../Core/Src/main.c:81:45: warning: implicit declaration of function 'strlen' [-Wimplicit-function-declaration]
   81 |   HAL_UART_Transmit(&huart1, (uint8_t*)msg, strlen(msg), 100);
      |                                             ^~~~~~
../Core/Src/main.c:22:1: note: include '<string.h>' or provide a declaration of 'strlen'
   21 | #include "fatfs.h"
  +++ |+#include <string.h>
   22 | 
../Core/Src/main.c:81:45: warning: incompatible implicit declaration of built-in function 'strlen' [-Wbuiltin-declaration-mismatch]
   81 |   HAL_UART_Transmit(&huart1, (uint8_t*)msg, strlen(msg), 100);
      |                                             ^~~~~~
../Core/Src/main.c:81:45: note: include '<string.h>' or provide a declaration of 'strlen'
../Core/Src/main.c: In function 'main':
../Core/Src/main.c:139:17: error: 'file_opened' undeclared (first use in this function)
  139 |                 file_opened = 1;
      |                 ^~~~~~~~~~~
../Core/Src/main.c:139:17: note: each undeclared identifier is reported only once for each function it appears in
../Core/Src/main.c:142:17: warning: implicit declaration of function 'debug_log_int'; did you mean 'debug_log'? [-Wimplicit-function-declaration]
  142 |                 debug_log_int("File open failed", fres);
      |                 ^~~~~~~~~~~~~
      |                 debug_log
make: *** [Core/Src/subdir.mk:46: Core/Src/main.o] Error 1
"make -j12 all" terminated with exit code 2. Build might be incomplete.
14:08:03 **** Incremental Build of configuration Debug for project uart-rx ****
make -j12 all 
arm-none-eabi-gcc "../Core/Src/main.c" -mcpu=cortex-m4 -std=gnu11 -g3 -DDEBUG -DUSE_HAL_DRIVER -DSTM32F411xE -c -I../Core/Inc -I../Drivers/STM32F4xx_HAL_Driver/Inc -I../Drivers/STM32F4xx_HAL_Driver/Inc/Legacy -I../Drivers/CMSIS/Device/ST/STM32F4xx/Include -I../Drivers/CMSIS/Include -I../FATFS/Target -I../FATFS/App -I../Middlewares/Third_Party/FatFs/src -O0 -ffunction-sections -fdata-sections -Wall -fstack-usage -fcyclomatic-complexity -MMD -MP -MF"Core/Src/main.d" -MT"Core/Src/main.o" --specs=nano.specs -mfpu=fpv4-sp-d16 -mfloat-abi=hard -mthumb -o "Core/Src/main.o"
../Core/Src/main.c: In function 'debug_log':
../Core/Src/main.c:81:45: warning: implicit declaration of function 'strlen' [-Wimplicit-function-declaration]
   81 |   HAL_UART_Transmit(&huart1, (uint8_t*)msg, strlen(msg), 100);
      |                                             ^~~~~~
../Core/Src/main.c:22:1: note: include '<string.h>' or provide a declaration of 'strlen'
   21 | #include "fatfs.h"
  +++ |+#include <string.h>
   22 | 
../Core/Src/main.c:81:45: warning: incompatible implicit declaration of built-in function 'strlen' [-Wbuiltin-declaration-mismatch]
   81 |   HAL_UART_Transmit(&huart1, (uint8_t*)msg, strlen(msg), 100);
      |                                             ^~~~~~
../Core/Src/main.c:81:45: note: include '<string.h>' or provide a declaration of 'strlen'
../Core/Src/main.c: In function 'main':
../Core/Src/main.c:141:17: warning: implicit declaration of function 'debug_log_int'; did you mean 'debug_log'? [-Wimplicit-function-declaration]
  141 |                 debug_log_int("File open failed", fres);
      |                 ^~~~~~~~~~~~~
      |                 debug_log
arm-none-eabi-gcc -o "uart-rx.elf" @"objects.list"   -mcpu=cortex-m4 -T"C:\ST\DefaultWorkspase\uart-rx\STM32F411CEUX_FLASH.ld" --specs=nosys.specs -Wl,-Map="uart-rx.map" -Wl,--gc-sections -static --specs=nano.specs -mfpu=fpv4-sp-d16 -mfloat-abi=hard -mthumb -Wl,--start-group -lc -lm -Wl,--end-group
C:/ST/STM32CubeIDE_1.19.0/STM32CubeIDE/plugins/com.st.stm32cube.ide.mcu.externaltools.gnu-tools-for-stm32.13.3.rel1.win32_1.0.0.202411081344/tools/bin/../lib/gcc/arm-none-eabi/13.3.1/../../../../arm-none-eabi/bin/ld.exe: ./Core/Src/main.o: in function `main':
C:/ST/DefaultWorkspase/uart-rx/Debug/../Core/Src/main.c:141:(.text.main+0x76): undefined reference to `debug_log_int'
collect2.exe: error: ld returned 1 exit status
make: *** [makefile:68: uart-rx.elf] Error 1
"make -j12 all" terminated with exit code 2. Build might be incomplete.
14:08:51 **** Incremental Build of configuration Debug for project uart-rx ****
make -j12 all 
arm-none-eabi-gcc "../Core/Src/main.c" -mcpu=cortex-m4 -std=gnu11 -g3 -DDEBUG -DUSE_HAL_DRIVER -DSTM32F411xE -c -I../Core/Inc -I../Drivers/STM32F4xx_HAL_Driver/Inc -I../Drivers/STM32F4xx_HAL_Driver/Inc/Legacy -I../Drivers/CMSIS/Device/ST/STM32F4xx/Include -I../Drivers/CMSIS/Include -I../FATFS/Target -I../FATFS/App -I../Middlewares/Third_Party/FatFs/src -O0 -ffunction-sections -fdata-sections -Wall -fstack-usage -fcyclomatic-complexity -MMD -MP -MF"Core/Src/main.d" -MT"Core/Src/main.o" --specs=nano.specs -mfpu=fpv4-sp-d16 -mfloat-abi=hard -mthumb -o "Core/Src/main.o"
arm-none-eabi-gcc -o "uart-rx.elf" @"objects.list"   -mcpu=cortex-m4 -T"C:\ST\DefaultWorkspase\uart-rx\STM32F411CEUX_FLASH.ld" --specs=nosys.specs -Wl,-Map="uart-rx.map" -Wl,--gc-sections -static --specs=nano.specs -mfpu=fpv4-sp-d16 -mfloat-abi=hard -mthumb -Wl,--start-group -lc -lm -Wl,--end-group
Finished building target: uart-rx.elf
 
arm-none-eabi-size  uart-rx.elf 
arm-none-eabi-objdump -h -S uart-rx.elf  > "uart-rx.list"
   text	   data	    bss	    dec	    hex	filename
  32188	     36	  11140	  43364	   a964	uart-rx.elf
Finished building: default.size.stdout
 
Finished building: uart-rx.list
 
14:09:10 **** Incremental Build of configuration Debug for project uart-rx ****
make -j12 all 
arm-none-eabi-size  uart-rx.elf 
   text	   data	    bss	    dec	    hex	filename
  32188	     36	  11140	  43364	   a964	uart-rx.elf
Finished building: default.size.stdout
 
14:10:56 **** Incremental Build of configuration Debug for project uart-rx ****
make -j12 all 
arm-none-eabi-size  uart-rx.elf 
   text	   data	    bss	    dec	    hex	filename
  32188	     36	  11140	  43364	   a964	uart-rx.elf
Finished building: default.size.stdout
 
14:11:57 **** Incremental Build of configuration Debug for project uart-rx ****
make -j12 all 
arm-none-eabi-size  uart-rx.elf 
   text	   data	    bss	    dec	    hex	filename
  32188	     36	  11140	  43364	   a964	uart-rx.elf
Finished building: default.size.stdout
 
14:18:27 **** Incremental Build of configuration Debug for project uart-rx ****
make -j12 all 
arm-none-eabi-gcc "../Core/Src/main.c" -mcpu=cortex-m4 -std=gnu11 -g3 -DDEBUG -DUSE_HAL_DRIVER -DSTM32F411xE -c -I../Core/Inc -I../Drivers/STM32F4xx_HAL_Driver/Inc -I../Drivers/STM32F4xx_HAL_Driver/Inc/Legacy -I../Drivers/CMSIS/Device/ST/STM32F4xx/Include -I../Drivers/CMSIS/Include -I../FATFS/Target -I../FATFS/App -I../Middlewares/Third_Party/FatFs/src -O0 -ffunction-sections -fdata-sections -Wall -fstack-usage -fcyclomatic-complexity -MMD -MP -MF"Core/Src/main.d" -MT"Core/Src/main.o" --specs=nano.specs -mfpu=fpv4-sp-d16 -mfloat-abi=hard -mthumb -o "Core/Src/main.o"
arm-none-eabi-gcc -o "uart-rx.elf" @"objects.list"   -mcpu=cortex-m4 -T"C:\ST\DefaultWorkspase\uart-rx\STM32F411CEUX_FLASH.ld" --specs=nosys.specs -Wl,-Map="uart-rx.map" -Wl,--gc-sections -static --specs=nano.specs -mfpu=fpv4-sp-d16 -mfloat-abi=hard -mthumb -Wl,--start-group -lc -lm -Wl,--end-group
Finished building target: uart-rx.elf
 
arm-none-eabi-size  uart-rx.elf 
arm-none-eabi-objdump -h -S uart-rx.elf  > "uart-rx.list"
   text	   data	    bss	    dec	    hex	filename
  32232	     36	  11140	  43408	   a990	uart-rx.elf
Finished building: default.size.stdout
 
Finished building: uart-rx.list
 
14:21:02 **** Incremental Build of configuration Debug for project uart-rx ****
make -j12 all 
arm-none-eabi-gcc "../Core/Src/main.c" -mcpu=cortex-m4 -std=gnu11 -g3 -DDEBUG -DUSE_HAL_DRIVER -DSTM32F411xE -c -I../Core/Inc -I../Drivers/STM32F4xx_HAL_Driver/Inc -I../Drivers/STM32F4xx_HAL_Driver/Inc/Legacy -I../Drivers/CMSIS/Device/ST/STM32F4xx/Include -I../Drivers/CMSIS/Include -I../FATFS/Target -I../FATFS/App -I../Middlewares/Third_Party/FatFs/src -O0 -ffunction-sections -fdata-sections -Wall -fstack-usage -fcyclomatic-complexity -MMD -MP -MF"Core/Src/main.d" -MT"Core/Src/main.o" --specs=nano.specs -mfpu=fpv4-sp-d16 -mfloat-abi=hard -mthumb -o "Core/Src/main.o"
arm-none-eabi-gcc -o "uart-rx.elf" @"objects.list"   -mcpu=cortex-m4 -T"C:\ST\DefaultWorkspase\uart-rx\STM32F411CEUX_FLASH.ld" --specs=nosys.specs -Wl,-Map="uart-rx.map" -Wl,--gc-sections -static --specs=nano.specs -mfpu=fpv4-sp-d16 -mfloat-abi=hard -mthumb -Wl,--start-group -lc -lm -Wl,--end-group
Finished building target: uart-rx.elf
 
arm-none-eabi-size  uart-rx.elf 
arm-none-eabi-objdump -h -S uart-rx.elf  > "uart-rx.list"
   text	   data	    bss	    dec	    hex	filename
  32356	     36	  11140	  43532	   aa0c	uart-rx.elf
Finished building: default.size.stdout
 
Finished building: uart-rx.list
 
14:22:13 **** Incremental Build of configuration Debug for project uart-rx ****
make -j12 all 
arm-none-eabi-size  uart-rx.elf 
   text	   data	    bss	    dec	    hex	filename
  32356	     36	  11140	  43532	   aa0c	uart-rx.elf
Finished building: default.size.stdout
 
14:23:10 **** Incremental Build of configuration Debug for project uart-rx ****
make -j12 all 
arm-none-eabi-gcc "../Core/Src/main.c" -mcpu=cortex-m4 -std=gnu11 -g3 -DDEBUG -DUSE_HAL_DRIVER -DSTM32F411xE -c -I../Core/Inc -I../Drivers/STM32F4xx_HAL_Driver/Inc -I../Drivers/STM32F4xx_HAL_Driver/Inc/Legacy -I../Drivers/CMSIS/Device/ST/STM32F4xx/Include -I../Drivers/CMSIS/Include -I../FATFS/Target -I../FATFS/App -I../Middlewares/Third_Party/FatFs/src -O0 -ffunction-sections -fdata-sections -Wall -fstack-usage -fcyclomatic-complexity -MMD -MP -MF"Core/Src/main.d" -MT"Core/Src/main.o" --specs=nano.specs -mfpu=fpv4-sp-d16 -mfloat-abi=hard -mthumb -o "Core/Src/main.o"
../Core/Src/main.c:74:13: warning: 'bytes_written' defined but not used [-Wunused-variable]
   74 | static UINT bytes_written;
      |             ^~~~~~~~~~~~~
arm-none-eabi-gcc -o "uart-rx.elf" @"objects.list"   -mcpu=cortex-m4 -T"C:\ST\DefaultWorkspase\uart-rx\STM32F411CEUX_FLASH.ld" --specs=nosys.specs -Wl,-Map="uart-rx.map" -Wl,--gc-sections -static --specs=nano.specs -mfpu=fpv4-sp-d16 -mfloat-abi=hard -mthumb -Wl,--start-group -lc -lm -Wl,--end-group
Finished building target: uart-rx.elf
 
arm-none-eabi-size  uart-rx.elf 
arm-none-eabi-objdump -h -S uart-rx.elf  > "uart-rx.list"
   text	   data	    bss	    dec	    hex	filename
  31404	     36	  11140	  42580	   a654	uart-rx.elf
Finished building: default.size.stdout
 
Finished building: uart-rx.list
 
14:24:15 **** Incremental Build of configuration Debug for project uart-rx ****
make -j12 all 
arm-none-eabi-gcc "../Core/Src/main.c" -mcpu=cortex-m4 -std=gnu11 -g3 -DDEBUG -DUSE_HAL_DRIVER -DSTM32F411xE -c -I../Core/Inc -I../Drivers/STM32F4xx_HAL_Driver/Inc -I../Drivers/STM32F4xx_HAL_Driver/Inc/Legacy -I../Drivers/CMSIS/Device/ST/STM32F4xx/Include -I../Drivers/CMSIS/Include -I../FATFS/Target -I../FATFS/App -I../Middlewares/Third_Party/FatFs/src -O0 -ffunction-sections -fdata-sections -Wall -fstack-usage -fcyclomatic-complexity -MMD -MP -MF"Core/Src/main.d" -MT"Core/Src/main.o" --specs=nano.specs -mfpu=fpv4-sp-d16 -mfloat-abi=hard -mthumb -o "Core/Src/main.o"
../Core/Src/main.c:74:13: warning: 'bytes_written' defined but not used [-Wunused-variable]
   74 | static UINT bytes_written;
      |             ^~~~~~~~~~~~~
arm-none-eabi-gcc -o "uart-rx.elf" @"objects.list"   -mcpu=cortex-m4 -T"C:\ST\DefaultWorkspase\uart-rx\STM32F411CEUX_FLASH.ld" --specs=nosys.specs -Wl,-Map="uart-rx.map" -Wl,--gc-sections -static --specs=nano.specs -mfpu=fpv4-sp-d16 -mfloat-abi=hard -mthumb -Wl,--start-group -lc -lm -Wl,--end-group
Finished building target: uart-rx.elf
 
arm-none-eabi-size  uart-rx.elf 
arm-none-eabi-objdump -h -S uart-rx.elf  > "uart-rx.list"
   text	   data	    bss	    dec	    hex	filename
  31408	     36	  11140	  42584	   a658	uart-rx.elf
Finished building: default.size.stdout
 
Finished building: uart-rx.list
 
14:31:54 **** Incremental Build of configuration Debug for project uart-rx ****
make -j12 all 
arm-none-eabi-gcc "../Core/Src/main.c" -mcpu=cortex-m4 -std=gnu11 -g3 -DDEBUG -DUSE_HAL_DRIVER -DSTM32F411xE -c -I../Core/Inc -I../Drivers/STM32F4xx_HAL_Driver/Inc -I../Drivers/STM32F4xx_HAL_Driver/Inc/Legacy -I../Drivers/CMSIS/Device/ST/STM32F4xx/Include -I../Drivers/CMSIS/Include -I../FATFS/Target -I../FATFS/App -I../Middlewares/Third_Party/FatFs/src -O0 -ffunction-sections -fdata-sections -Wall -fstack-usage -fcyclomatic-complexity -MMD -MP -MF"Core/Src/main.d" -MT"Core/Src/main.o" --specs=nano.specs -mfpu=fpv4-sp-d16 -mfloat-abi=hard -mthumb -o "Core/Src/main.o"
arm-none-eabi-gcc "../Core/Src/stm32f4xx_hal_msp.c" -mcpu=cortex-m4 -std=gnu11 -g3 -DDEBUG -DUSE_HAL_DRIVER -DSTM32F411xE -c -I../Core/Inc -I../Drivers/STM32F4xx_HAL_Driver/Inc -I../Drivers/STM32F4xx_HAL_Driver/Inc/Legacy -I../Drivers/CMSIS/Device/ST/STM32F4xx/Include -I../Drivers/CMSIS/Include -I../FATFS/Target -I../FATFS/App -I../Middlewares/Third_Party/FatFs/src -O0 -ffunction-sections -fdata-sections -Wall -fstack-usage -fcyclomatic-complexity -MMD -MP -MF"Core/Src/stm32f4xx_hal_msp.d" -MT"Core/Src/stm32f4xx_hal_msp.o" --specs=nano.specs -mfpu=fpv4-sp-d16 -mfloat-abi=hard -mthumb -o "Core/Src/stm32f4xx_hal_msp.o"
arm-none-eabi-gcc "../Core/Src/stm32f4xx_it.c" -mcpu=cortex-m4 -std=gnu11 -g3 -DDEBUG -DUSE_HAL_DRIVER -DSTM32F411xE -c -I../Core/Inc -I../Drivers/STM32F4xx_HAL_Driver/Inc -I../Drivers/STM32F4xx_HAL_Driver/Inc/Legacy -I../Drivers/CMSIS/Device/ST/STM32F4xx/Include -I../Drivers/CMSIS/Include -I../FATFS/Target -I../FATFS/App -I../Middlewares/Third_Party/FatFs/src -O0 -ffunction-sections -fdata-sections -Wall -fstack-usage -fcyclomatic-complexity -MMD -MP -MF"Core/Src/stm32f4xx_it.d" -MT"Core/Src/stm32f4xx_it.o" --specs=nano.specs -mfpu=fpv4-sp-d16 -mfloat-abi=hard -mthumb -o "Core/Src/stm32f4xx_it.o"
arm-none-eabi-gcc -o "uart-rx.elf" @"objects.list"   -mcpu=cortex-m4 -T"C:\ST\DefaultWorkspase\uart-rx\STM32F411CEUX_FLASH.ld" --specs=nosys.specs -Wl,-Map="uart-rx.map" -Wl,--gc-sections -static --specs=nano.specs -mfpu=fpv4-sp-d16 -mfloat-abi=hard -mthumb -Wl,--start-group -lc -lm -Wl,--end-group
Finished building target: uart-rx.elf
 
arm-none-eabi-size  uart-rx.elf 
arm-none-eabi-objdump -h -S uart-rx.elf  > "uart-rx.list"
   text	   data	    bss	    dec	    hex	filename
  31324	     36	  10948	  42308	   a544	uart-rx.elf
Finished building: default.size.stdout
 
Finished building: uart-rx.list
 
14:32:42 **** Incremental Build of configuration Debug for project uart-rx ****
make -j12 all 
arm-none-eabi-size  uart-rx.elf 
   text	   data	    bss	    dec	    hex	filename
  31324	     36	  10948	  42308	   a544	uart-rx.elf
Finished building: default.size.stdout
 
14:33:17 **** Incremental Build of configuration Debug for project uart-rx ****
make -j12 all 
arm-none-eabi-gcc "../Core/Src/main.c" -mcpu=cortex-m4 -std=gnu11 -g3 -DDEBUG -DUSE_HAL_DRIVER -DSTM32F411xE -c -I../Core/Inc -I../Drivers/STM32F4xx_HAL_Driver/Inc -I../Drivers/STM32F4xx_HAL_Driver/Inc/Legacy -I../Drivers/CMSIS/Device/ST/STM32F4xx/Include -I../Drivers/CMSIS/Include -I../FATFS/Target -I../FATFS/App -I../Middlewares/Third_Party/FatFs/src -O0 -ffunction-sections -fdata-sections -Wall -fstack-usage -fcyclomatic-complexity -MMD -MP -MF"Core/Src/main.d" -MT"Core/Src/main.o" --specs=nano.specs -mfpu=fpv4-sp-d16 -mfloat-abi=hard -mthumb -o "Core/Src/main.o"
arm-none-eabi-gcc -o "uart-rx.elf" @"objects.list"   -mcpu=cortex-m4 -T"C:\ST\DefaultWorkspase\uart-rx\STM32F411CEUX_FLASH.ld" --specs=nosys.specs -Wl,-Map="uart-rx.map" -Wl,--gc-sections -static --specs=nano.specs -mfpu=fpv4-sp-d16 -mfloat-abi=hard -mthumb -Wl,--start-group -lc -lm -Wl,--end-group
Finished building target: uart-rx.elf
 
arm-none-eabi-size  uart-rx.elf 
arm-none-eabi-objdump -h -S uart-rx.elf  > "uart-rx.list"
   text	   data	    bss	    dec	    hex	filename
  31324	     36	  10948	  42308	   a544	uart-rx.elf
Finished building: default.size.stdout
 
Finished building: uart-rx.list
 
14:34:07 **** Incremental Build of configuration Debug for project uart-rx ****
make -j12 all 
arm-none-eabi-gcc "../Core/Src/main.c" -mcpu=cortex-m4 -std=gnu11 -g3 -DDEBUG -DUSE_HAL_DRIVER -DSTM32F411xE -c -I../Core/Inc -I../Drivers/STM32F4xx_HAL_Driver/Inc -I../Drivers/STM32F4xx_HAL_Driver/Inc/Legacy -I../Drivers/CMSIS/Device/ST/STM32F4xx/Include -I../Drivers/CMSIS/Include -I../FATFS/Target -I../FATFS/App -I../Middlewares/Third_Party/FatFs/src -O0 -ffunction-sections -fdata-sections -Wall -fstack-usage -fcyclomatic-complexity -MMD -MP -MF"Core/Src/main.d" -MT"Core/Src/main.o" --specs=nano.specs -mfpu=fpv4-sp-d16 -mfloat-abi=hard -mthumb -o "Core/Src/main.o"
arm-none-eabi-gcc -o "uart-rx.elf" @"objects.list"   -mcpu=cortex-m4 -T"C:\ST\DefaultWorkspase\uart-rx\STM32F411CEUX_FLASH.ld" --specs=nosys.specs -Wl,-Map="uart-rx.map" -Wl,--gc-sections -static --specs=nano.specs -mfpu=fpv4-sp-d16 -mfloat-abi=hard -mthumb -Wl,--start-group -lc -lm -Wl,--end-group
Finished building target: uart-rx.elf
 
arm-none-eabi-size  uart-rx.elf 
arm-none-eabi-objdump -h -S uart-rx.elf  > "uart-rx.list"
   text	   data	    bss	    dec	    hex	filename
  31340	     36	  10948	  42324	   a554	uart-rx.elf
Finished building: default.size.stdout
 
Finished building: uart-rx.list
 
14:34:20 **** Incremental Build of configuration Debug for project uart-rx ****
make -j12 all 
arm-none-eabi-size  uart-rx.elf 
   text	   data	    bss	    dec	    hex	filename
  31340	     36	  10948	  42324	   a554	uart-rx.elf
Finished building: default.size.stdout
 
15:26:16 **** Incremental Build of configuration Debug for project uart-rx ****
make -j12 all 
arm-none-eabi-gcc "../Core/Src/main.c" -mcpu=cortex-m4 -std=gnu11 -g3 -DDEBUG -DUSE_HAL_DRIVER -DSTM32F411xE -c -I../Core/Inc -I../Drivers/STM32F4xx_HAL_Driver/Inc -I../Drivers/STM32F4xx_HAL_Driver/Inc/Legacy -I../Drivers/CMSIS/Device/ST/STM32F4xx/Include -I../Drivers/CMSIS/Include -I../FATFS/Target -I../FATFS/App -I../Middlewares/Third_Party/FatFs/src -O0 -ffunction-sections -fdata-sections -Wall -fstack-usage -fcyclomatic-complexity -MMD -MP -MF"Core/Src/main.d" -MT"Core/Src/main.o" --specs=nano.specs -mfpu=fpv4-sp-d16 -mfloat-abi=hard -mthumb -o "Core/Src/main.o"
../Core/Src/main.c: In function 'HAL_UARTEx_RxEventCallback':
../Core/Src/main.c:91:22: error: 'size' undeclared (first use in this function); did you mean 'Size'?
   91 |         write_size = size;
      |                      ^~~~
      |                      Size
../Core/Src/main.c:91:22: note: each undeclared identifier is reported only once for each function it appears in
make: *** [Core/Src/subdir.mk:46: Core/Src/main.o] Error 1
"make -j12 all" terminated with exit code 2. Build might be incomplete.
15:26:34 **** Incremental Build of configuration Debug for project uart-rx ****
make -j12 all 
arm-none-eabi-gcc "../Core/Src/main.c" -mcpu=cortex-m4 -std=gnu11 -g3 -DDEBUG -DUSE_HAL_DRIVER -DSTM32F411xE -c -I../Core/Inc -I../Drivers/STM32F4xx_HAL_Driver/Inc -I../Drivers/STM32F4xx_HAL_Driver/Inc/Legacy -I../Drivers/CMSIS/Device/ST/STM32F4xx/Include -I../Drivers/CMSIS/Include -I../FATFS/Target -I../FATFS/App -I../Middlewares/Third_Party/FatFs/src -O0 -ffunction-sections -fdata-sections -Wall -fstack-usage -fcyclomatic-complexity -MMD -MP -MF"Core/Src/main.d" -MT"Core/Src/main.o" --specs=nano.specs -mfpu=fpv4-sp-d16 -mfloat-abi=hard -mthumb -o "Core/Src/main.o"
arm-none-eabi-gcc -o "uart-rx.elf" @"objects.list"   -mcpu=cortex-m4 -T"C:\ST\DefaultWorkspase\uart-rx\STM32F411CEUX_FLASH.ld" --specs=nosys.specs -Wl,-Map="uart-rx.map" -Wl,--gc-sections -static --specs=nano.specs -mfpu=fpv4-sp-d16 -mfloat-abi=hard -mthumb -Wl,--start-group -lc -lm -Wl,--end-group
Finished building target: uart-rx.elf
 
arm-none-eabi-size  uart-rx.elf 
arm-none-eabi-objdump -h -S uart-rx.elf  > "uart-rx.list"
   text	   data	    bss	    dec	    hex	filename
  32056	     36	  11020	  43112	   a868	uart-rx.elf
Finished building: default.size.stdout
 
Finished building: uart-rx.list
 
15:30:28 **** Incremental Build of configuration Debug for project uart-rx ****
make -j12 all 
arm-none-eabi-gcc "../Core/Src/main.c" -mcpu=cortex-m4 -std=gnu11 -g3 -DDEBUG -DUSE_HAL_DRIVER -DSTM32F411xE -c -I../Core/Inc -I../Drivers/STM32F4xx_HAL_Driver/Inc -I../Drivers/STM32F4xx_HAL_Driver/Inc/Legacy -I../Drivers/CMSIS/Device/ST/STM32F4xx/Include -I../Drivers/CMSIS/Include -I../FATFS/Target -I../FATFS/App -I../Middlewares/Third_Party/FatFs/src -O0 -ffunction-sections -fdata-sections -Wall -fstack-usage -fcyclomatic-complexity -MMD -MP -MF"Core/Src/main.d" -MT"Core/Src/main.o" --specs=nano.specs -mfpu=fpv4-sp-d16 -mfloat-abi=hard -mthumb -o "Core/Src/main.o"
arm-none-eabi-gcc -o "uart-rx.elf" @"objects.list"   -mcpu=cortex-m4 -T"C:\ST\DefaultWorkspase\uart-rx\STM32F411CEUX_FLASH.ld" --specs=nosys.specs -Wl,-Map="uart-rx.map" -Wl,--gc-sections -static --specs=nano.specs -mfpu=fpv4-sp-d16 -mfloat-abi=hard -mthumb -Wl,--start-group -lc -lm -Wl,--end-group
Finished building target: uart-rx.elf
 
arm-none-eabi-size  uart-rx.elf 
arm-none-eabi-objdump -h -S uart-rx.elf  > "uart-rx.list"
   text	   data	    bss	    dec	    hex	filename
  32180	     36	  11020	  43236	   a8e4	uart-rx.elf
Finished building: default.size.stdout
 
Finished building: uart-rx.list
 
15:33:50 **** Incremental Build of configuration Debug for project uart-rx ****
make -j12 all 
arm-none-eabi-gcc "../Core/Src/main.c" -mcpu=cortex-m4 -std=gnu11 -g3 -DDEBUG -DUSE_HAL_DRIVER -DSTM32F411xE -c -I../Core/Inc -I../Drivers/STM32F4xx_HAL_Driver/Inc -I../Drivers/STM32F4xx_HAL_Driver/Inc/Legacy -I../Drivers/CMSIS/Device/ST/STM32F4xx/Include -I../Drivers/CMSIS/Include -I../FATFS/Target -I../FATFS/App -I../Middlewares/Third_Party/FatFs/src -O0 -ffunction-sections -fdata-sections -Wall -fstack-usage -fcyclomatic-complexity -MMD -MP -MF"Core/Src/main.d" -MT"Core/Src/main.o" --specs=nano.specs -mfpu=fpv4-sp-d16 -mfloat-abi=hard -mthumb -o "Core/Src/main.o"
arm-none-eabi-gcc -o "uart-rx.elf" @"objects.list"   -mcpu=cortex-m4 -T"C:\ST\DefaultWorkspase\uart-rx\STM32F411CEUX_FLASH.ld" --specs=nosys.specs -Wl,-Map="uart-rx.map" -Wl,--gc-sections -static --specs=nano.specs -mfpu=fpv4-sp-d16 -mfloat-abi=hard -mthumb -Wl,--start-group -lc -lm -Wl,--end-group
Finished building target: uart-rx.elf
 
arm-none-eabi-size  uart-rx.elf 
arm-none-eabi-objdump -h -S uart-rx.elf  > "uart-rx.list"
   text	   data	    bss	    dec	    hex	filename
  32056	     36	  11020	  43112	   a868	uart-rx.elf
Finished building: default.size.stdout
 
Finished building: uart-rx.list
 
15:35:07 **** Incremental Build of configuration Debug for project uart-rx-idle ****
make -j12 all 
arm-none-eabi-size  uart-rx-idle.elf 
   text	   data	    bss	    dec	    hex	filename
  14040	     32	   2272	  16344	   3fd8	uart-rx-idle.elf
Finished building: default.size.stdout
 
15:35:43 **** Incremental Build of configuration Debug for project uart-rx-idle ****
make -j12 all 
arm-none-eabi-size  uart-rx-idle.elf 
   text	   data	    bss	    dec	    hex	filename
  14040	     32	   2272	  16344	   3fd8	uart-rx-idle.elf
Finished building: default.size.stdout
 
15:40:22 **** Incremental Build of configuration Debug for project uart-rx-idle ****
make -j12 all 
arm-none-eabi-gcc "../Core/Src/main.c" -mcpu=cortex-m4 -std=gnu11 -g3 -DDEBUG -DUSE_HAL_DRIVER -DSTM32F411xE -c -I../FATFS/Target -I../FATFS/App -I../Core/Inc -I../Drivers/STM32F4xx_HAL_Driver/Inc -I../Drivers/STM32F4xx_HAL_Driver/Inc/Legacy -I../Middlewares/Third_Party/FatFs/src -I../Drivers/CMSIS/Device/ST/STM32F4xx/Include -I../Drivers/CMSIS/Include -O0 -ffunction-sections -fdata-sections -Wall -fstack-usage -fcyclomatic-complexity -MMD -MP -MF"Core/Src/main.d" -MT"Core/Src/main.o" --specs=nano.specs -mfpu=fpv4-sp-d16 -mfloat-abi=hard -mthumb -o "Core/Src/main.o"
arm-none-eabi-gcc -o "uart-rx-idle.elf" @"objects.list"   -mcpu=cortex-m4 -T"C:\ST\DefaultWorkspase\uart-rx-idle\STM32F411CEUX_FLASH.ld" --specs=nosys.specs -Wl,-Map="uart-rx-idle.map" -Wl,--gc-sections -static --specs=nano.specs -mfpu=fpv4-sp-d16 -mfloat-abi=hard -mthumb -Wl,--start-group -lc -lm -Wl,--end-group
Finished building target: uart-rx-idle.elf
 
arm-none-eabi-size  uart-rx-idle.elf 
arm-none-eabi-objdump -h -S uart-rx-idle.elf  > "uart-rx-idle.list"
   text	   data	    bss	    dec	    hex	filename
  14884	     32	   2272	  17188	   4324	uart-rx-idle.elf
Finished building: default.size.stdout
 
Finished building: uart-rx-idle.list
 
15:43:38 **** Incremental Build of configuration Debug for project uart-rx-idle ****
make -j12 all 
arm-none-eabi-gcc "../Core/Src/main.c" -mcpu=cortex-m4 -std=gnu11 -g3 -DDEBUG -DUSE_HAL_DRIVER -DSTM32F411xE -c -I../FATFS/Target -I../FATFS/App -I../Core/Inc -I../Drivers/STM32F4xx_HAL_Driver/Inc -I../Drivers/STM32F4xx_HAL_Driver/Inc/Legacy -I../Middlewares/Third_Party/FatFs/src -I../Drivers/CMSIS/Device/ST/STM32F4xx/Include -I../Drivers/CMSIS/Include -O0 -ffunction-sections -fdata-sections -Wall -fstack-usage -fcyclomatic-complexity -MMD -MP -MF"Core/Src/main.d" -MT"Core/Src/main.o" --specs=nano.specs -mfpu=fpv4-sp-d16 -mfloat-abi=hard -mthumb -o "Core/Src/main.o"
arm-none-eabi-gcc -o "uart-rx-idle.elf" @"objects.list"   -mcpu=cortex-m4 -T"C:\ST\DefaultWorkspase\uart-rx-idle\STM32F411CEUX_FLASH.ld" --specs=nosys.specs -Wl,-Map="uart-rx-idle.map" -Wl,--gc-sections -static --specs=nano.specs -mfpu=fpv4-sp-d16 -mfloat-abi=hard -mthumb -Wl,--start-group -lc -lm -Wl,--end-group
Finished building target: uart-rx-idle.elf
 
arm-none-eabi-size  uart-rx-idle.elf 
arm-none-eabi-objdump -h -S uart-rx-idle.elf  > "uart-rx-idle.list"
   text	   data	    bss	    dec	    hex	filename
  13924	     32	   3232	  17188	   4324	uart-rx-idle.elf
Finished building: default.size.stdout
 
Finished building: uart-rx-idle.list
 
15:48:01 **** Incremental Build of configuration Debug for project uart-rx-idle ****
make -j12 all 
arm-none-eabi-gcc "../Core/Src/main.c" -mcpu=cortex-m4 -std=gnu11 -g3 -DDEBUG -DUSE_HAL_DRIVER -DSTM32F411xE -c -I../FATFS/Target -I../FATFS/App -I../Core/Inc -I../Drivers/STM32F4xx_HAL_Driver/Inc -I../Drivers/STM32F4xx_HAL_Driver/Inc/Legacy -I../Middlewares/Third_Party/FatFs/src -I../Drivers/CMSIS/Device/ST/STM32F4xx/Include -I../Drivers/CMSIS/Include -O0 -ffunction-sections -fdata-sections -Wall -fstack-usage -fcyclomatic-complexity -MMD -MP -MF"Core/Src/main.d" -MT"Core/Src/main.o" --specs=nano.specs -mfpu=fpv4-sp-d16 -mfloat-abi=hard -mthumb -o "Core/Src/main.o"
arm-none-eabi-gcc -o "uart-rx-idle.elf" @"objects.list"   -mcpu=cortex-m4 -T"C:\ST\DefaultWorkspase\uart-rx-idle\STM32F411CEUX_FLASH.ld" --specs=nosys.specs -Wl,-Map="uart-rx-idle.map" -Wl,--gc-sections -static --specs=nano.specs -mfpu=fpv4-sp-d16 -mfloat-abi=hard -mthumb -Wl,--start-group -lc -lm -Wl,--end-group
Finished building target: uart-rx-idle.elf
 
arm-none-eabi-size  uart-rx-idle.elf 
arm-none-eabi-objdump -h -S uart-rx-idle.elf  > "uart-rx-idle.list"
   text	   data	    bss	    dec	    hex	filename
  14884	     32	   2272	  17188	   4324	uart-rx-idle.elf
Finished building: default.size.stdout
 
Finished building: uart-rx-idle.list
 
15:48:45 **** Incremental Build of configuration Debug for project uart-rx-idle ****
make -j12 all 
arm-none-eabi-size  uart-rx-idle.elf 
   text	   data	    bss	    dec	    hex	filename
  14884	     32	   2272	  17188	   4324	uart-rx-idle.elf
Finished building: default.size.stdout
 
15:50:11 **** Incremental Build of configuration Debug for project uart-rx-idle ****
make -j12 all 
arm-none-eabi-gcc "../Core/Src/main.c" -mcpu=cortex-m4 -std=gnu11 -g3 -DDEBUG -DUSE_HAL_DRIVER -DSTM32F411xE -c -I../FATFS/Target -I../FATFS/App -I../Core/Inc -I../Drivers/STM32F4xx_HAL_Driver/Inc -I../Drivers/STM32F4xx_HAL_Driver/Inc/Legacy -I../Middlewares/Third_Party/FatFs/src -I../Drivers/CMSIS/Device/ST/STM32F4xx/Include -I../Drivers/CMSIS/Include -O0 -ffunction-sections -fdata-sections -Wall -fstack-usage -fcyclomatic-complexity -MMD -MP -MF"Core/Src/main.d" -MT"Core/Src/main.o" --specs=nano.specs -mfpu=fpv4-sp-d16 -mfloat-abi=hard -mthumb -o "Core/Src/main.o"
arm-none-eabi-gcc -o "uart-rx-idle.elf" @"objects.list"   -mcpu=cortex-m4 -T"C:\ST\DefaultWorkspase\uart-rx-idle\STM32F411CEUX_FLASH.ld" --specs=nosys.specs -Wl,-Map="uart-rx-idle.map" -Wl,--gc-sections -static --specs=nano.specs -mfpu=fpv4-sp-d16 -mfloat-abi=hard -mthumb -Wl,--start-group -lc -lm -Wl,--end-group
Finished building target: uart-rx-idle.elf
 
arm-none-eabi-size  uart-rx-idle.elf 
arm-none-eabi-objdump -h -S uart-rx-idle.elf  > "uart-rx-idle.list"
   text	   data	    bss	    dec	    hex	filename
  14892	     32	   3232	  18156	   46ec	uart-rx-idle.elf
Finished building: default.size.stdout
 
Finished building: uart-rx-idle.list
 
15:50:44 **** Incremental Build of configuration Debug for project uart-rx-idle ****
make -j12 all 
arm-none-eabi-size  uart-rx-idle.elf 
   text	   data	    bss	    dec	    hex	filename
  14892	     32	   3232	  18156	   46ec	uart-rx-idle.elf
Finished building: default.size.stdout
 
15:51:15 **** Incremental Build of configuration Debug for project uart-rx-idle ****
make -j12 all 
arm-none-eabi-size  uart-rx-idle.elf 
   text	   data	    bss	    dec	    hex	filename
  14892	     32	   3232	  18156	   46ec	uart-rx-idle.elf
Finished building: default.size.stdout
 
15:53:10 **** Incremental Build of configuration Debug for project uart-rx-idle ****
make -j12 all 
arm-none-eabi-gcc "../Core/Src/main.c" -mcpu=cortex-m4 -std=gnu11 -g3 -DDEBUG -DUSE_HAL_DRIVER -DSTM32F411xE -c -I../FATFS/Target -I../FATFS/App -I../Core/Inc -I../Drivers/STM32F4xx_HAL_Driver/Inc -I../Drivers/STM32F4xx_HAL_Driver/Inc/Legacy -I../Middlewares/Third_Party/FatFs/src -I../Drivers/CMSIS/Device/ST/STM32F4xx/Include -I../Drivers/CMSIS/Include -O0 -ffunction-sections -fdata-sections -Wall -fstack-usage -fcyclomatic-complexity -MMD -MP -MF"Core/Src/main.d" -MT"Core/Src/main.o" --specs=nano.specs -mfpu=fpv4-sp-d16 -mfloat-abi=hard -mthumb -o "Core/Src/main.o"
arm-none-eabi-gcc -o "uart-rx-idle.elf" @"objects.list"   -mcpu=cortex-m4 -T"C:\ST\DefaultWorkspase\uart-rx-idle\STM32F411CEUX_FLASH.ld" --specs=nosys.specs -Wl,-Map="uart-rx-idle.map" -Wl,--gc-sections -static --specs=nano.specs -mfpu=fpv4-sp-d16 -mfloat-abi=hard -mthumb -Wl,--start-group -lc -lm -Wl,--end-group
Finished building target: uart-rx-idle.elf
 
arm-none-eabi-size  uart-rx-idle.elf 
arm-none-eabi-objdump -h -S uart-rx-idle.elf  > "uart-rx-idle.list"
   text	   data	    bss	    dec	    hex	filename
  14892	     32	   3232	  18156	   46ec	uart-rx-idle.elf
Finished building: default.size.stdout
 
Finished building: uart-rx-idle.list
 
15:53:41 **** Incremental Build of configuration Debug for project uart-rx-idle ****
make -j12 all 
arm-none-eabi-size  uart-rx-idle.elf 
   text	   data	    bss	    dec	    hex	filename
  14892	     32	   3232	  18156	   46ec	uart-rx-idle.elf
Finished building: default.size.stdout
 
15:54:12 **** Incremental Build of configuration Debug for project uart-rx-idle ****
make -j12 all 
arm-none-eabi-size  uart-rx-idle.elf 
   text	   data	    bss	    dec	    hex	filename
  14892	     32	   3232	  18156	   46ec	uart-rx-idle.elf
Finished building: default.size.stdout
 
16:02:14 **** Incremental Build of configuration Debug for project uart-rx ****
make -j12 all 
arm-none-eabi-size  uart-rx.elf 
   text	   data	    bss	    dec	    hex	filename
  32056	     36	  11020	  43112	   a868	uart-rx.elf
Finished building: default.size.stdout
 
16:02:32 **** Incremental Build of configuration Debug for project uart-rx ****
make -j12 all 
arm-none-eabi-size  uart-rx.elf 
   text	   data	    bss	    dec	    hex	filename
  32056	     36	  11020	  43112	   a868	uart-rx.elf
Finished building: default.size.stdout
 
16:02:52 **** Incremental Build of configuration Debug for project uart-rx ****
make -j12 all 
arm-none-eabi-gcc "../Core/Src/main.c" -mcpu=cortex-m4 -std=gnu11 -g3 -DDEBUG -DUSE_HAL_DRIVER -DSTM32F411xE -c -I../Core/Inc -I../Drivers/STM32F4xx_HAL_Driver/Inc -I../Drivers/STM32F4xx_HAL_Driver/Inc/Legacy -I../Drivers/CMSIS/Device/ST/STM32F4xx/Include -I../Drivers/CMSIS/Include -I../FATFS/Target -I../FATFS/App -I../Middlewares/Third_Party/FatFs/src -O0 -ffunction-sections -fdata-sections -Wall -fstack-usage -fcyclomatic-complexity -MMD -MP -MF"Core/Src/main.d" -MT"Core/Src/main.o" --specs=nano.specs -mfpu=fpv4-sp-d16 -mfloat-abi=hard -mthumb -o "Core/Src/main.o"
arm-none-eabi-gcc -o "uart-rx.elf" @"objects.list"   -mcpu=cortex-m4 -T"C:\ST\DefaultWorkspase\uart-rx\STM32F411CEUX_FLASH.ld" --specs=nosys.specs -Wl,-Map="uart-rx.map" -Wl,--gc-sections -static --specs=nano.specs -mfpu=fpv4-sp-d16 -mfloat-abi=hard -mthumb -Wl,--start-group -lc -lm -Wl,--end-group
Finished building target: uart-rx.elf
 
arm-none-eabi-size  uart-rx.elf 
arm-none-eabi-objdump -h -S uart-rx.elf  > "uart-rx.list"
   text	   data	    bss	    dec	    hex	filename
  32056	     36	  11020	  43112	   a868	uart-rx.elf
Finished building: default.size.stdout
 
Finished building: uart-rx.list
 
16:04:28 **** Incremental Build of configuration Debug for project uart-rx ****
make -j12 all 
arm-none-eabi-gcc "../Core/Src/main.c" -mcpu=cortex-m4 -std=gnu11 -g3 -DDEBUG -DUSE_HAL_DRIVER -DSTM32F411xE -c -I../Core/Inc -I../Drivers/STM32F4xx_HAL_Driver/Inc -I../Drivers/STM32F4xx_HAL_Driver/Inc/Legacy -I../Drivers/CMSIS/Device/ST/STM32F4xx/Include -I../Drivers/CMSIS/Include -I../FATFS/Target -I../FATFS/App -I../Middlewares/Third_Party/FatFs/src -O0 -ffunction-sections -fdata-sections -Wall -fstack-usage -fcyclomatic-complexity -MMD -MP -MF"Core/Src/main.d" -MT"Core/Src/main.o" --specs=nano.specs -mfpu=fpv4-sp-d16 -mfloat-abi=hard -mthumb -o "Core/Src/main.o"
arm-none-eabi-gcc -o "uart-rx.elf" @"objects.list"   -mcpu=cortex-m4 -T"C:\ST\DefaultWorkspase\uart-rx\STM32F411CEUX_FLASH.ld" --specs=nosys.specs -Wl,-Map="uart-rx.map" -Wl,--gc-sections -static --specs=nano.specs -mfpu=fpv4-sp-d16 -mfloat-abi=hard -mthumb -Wl,--start-group -lc -lm -Wl,--end-group
Finished building target: uart-rx.elf
 
arm-none-eabi-size  uart-rx.elf 
arm-none-eabi-objdump -h -S uart-rx.elf  > "uart-rx.list"
   text	   data	    bss	    dec	    hex	filename
  32056	     36	  11020	  43112	   a868	uart-rx.elf
Finished building: default.size.stdout
 
Finished building: uart-rx.list
 
16:53:50 **** Incremental Build of configuration Debug for project uart-rx ****
make -j12 all 
arm-none-eabi-gcc "../Core/Src/main.c" -mcpu=cortex-m4 -std=gnu11 -g3 -DDEBUG -DUSE_HAL_DRIVER -DSTM32F411xE -c -I../Core/Inc -I../Drivers/STM32F4xx_HAL_Driver/Inc -I../Drivers/STM32F4xx_HAL_Driver/Inc/Legacy -I../Drivers/CMSIS/Device/ST/STM32F4xx/Include -I../Drivers/CMSIS/Include -I../FATFS/Target -I../FATFS/App -I../Middlewares/Third_Party/FatFs/src -O0 -ffunction-sections -fdata-sections -Wall -fstack-usage -fcyclomatic-complexity -MMD -MP -MF"Core/Src/main.d" -MT"Core/Src/main.o" --specs=nano.specs -mfpu=fpv4-sp-d16 -mfloat-abi=hard -mthumb -o "Core/Src/main.o"
../Core/Src/main.c: In function 'main':
../Core/Src/main.c:151:43: error: 'last_interrupt_time' undeclared (first use in this function)
  151 |     uint8_t is_elapsed = (HAL_GetTick() - last_interrupt_time) > 100;
      |                                           ^~~~~~~~~~~~~~~~~~~
../Core/Src/main.c:151:43: note: each undeclared identifier is reported only once for each function it appears in
../Core/Src/main.c:152:9: error: 'start_flag' undeclared (first use in this function)
  152 |     if (start_flag && is_elapsed)
      |         ^~~~~~~~~~
make: *** [Core/Src/subdir.mk:46: Core/Src/main.o] Error 1
"make -j12 all" terminated with exit code 2. Build might be incomplete.
16:54:53 **** Incremental Build of configuration Debug for project uart-rx ****
make -j12 all 
arm-none-eabi-gcc "../Core/Src/main.c" -mcpu=cortex-m4 -std=gnu11 -g3 -DDEBUG -DUSE_HAL_DRIVER -DSTM32F411xE -c -I../Core/Inc -I../Drivers/STM32F4xx_HAL_Driver/Inc -I../Drivers/STM32F4xx_HAL_Driver/Inc/Legacy -I../Drivers/CMSIS/Device/ST/STM32F4xx/Include -I../Drivers/CMSIS/Include -I../FATFS/Target -I../FATFS/App -I../Middlewares/Third_Party/FatFs/src -O0 -ffunction-sections -fdata-sections -Wall -fstack-usage -fcyclomatic-complexity -MMD -MP -MF"Core/Src/main.d" -MT"Core/Src/main.o" --specs=nano.specs -mfpu=fpv4-sp-d16 -mfloat-abi=hard -mthumb -o "Core/Src/main.o"
../Core/Src/main.c: In function 'main':
../Core/Src/main.c:154:9: error: 'start_flag' undeclared (first use in this function)
  154 |     if (start_flag && is_elapsed)
      |         ^~~~~~~~~~
../Core/Src/main.c:154:9: note: each undeclared identifier is reported only once for each function it appears in
make: *** [Core/Src/subdir.mk:46: Core/Src/main.o] Error 1
"make -j12 all" terminated with exit code 2. Build might be incomplete.
16:55:40 **** Incremental Build of configuration Debug for project uart-rx ****
make -j12 all 
arm-none-eabi-gcc "../Core/Src/main.c" -mcpu=cortex-m4 -std=gnu11 -g3 -DDEBUG -DUSE_HAL_DRIVER -DSTM32F411xE -c -I../Core/Inc -I../Drivers/STM32F4xx_HAL_Driver/Inc -I../Drivers/STM32F4xx_HAL_Driver/Inc/Legacy -I../Drivers/CMSIS/Device/ST/STM32F4xx/Include -I../Drivers/CMSIS/Include -I../FATFS/Target -I../FATFS/App -I../Middlewares/Third_Party/FatFs/src -O0 -ffunction-sections -fdata-sections -Wall -fstack-usage -fcyclomatic-complexity -MMD -MP -MF"Core/Src/main.d" -MT"Core/Src/main.o" --specs=nano.specs -mfpu=fpv4-sp-d16 -mfloat-abi=hard -mthumb -o "Core/Src/main.o"
arm-none-eabi-gcc -o "uart-rx.elf" @"objects.list"   -mcpu=cortex-m4 -T"C:\ST\DefaultWorkspase\uart-rx\STM32F411CEUX_FLASH.ld" --specs=nosys.specs -Wl,-Map="uart-rx.map" -Wl,--gc-sections -static --specs=nano.specs -mfpu=fpv4-sp-d16 -mfloat-abi=hard -mthumb -Wl,--start-group -lc -lm -Wl,--end-group
Finished building target: uart-rx.elf
 
arm-none-eabi-size  uart-rx.elf 
arm-none-eabi-objdump -h -S uart-rx.elf  > "uart-rx.list"
   text	   data	    bss	    dec	    hex	filename
  31980	     36	  11916	  43932	   ab9c	uart-rx.elf
Finished building: default.size.stdout
 
Finished building: uart-rx.list
 
16:55:47 **** Incremental Build of configuration Debug for project uart-rx ****
make -j12 all 
arm-none-eabi-size  uart-rx.elf 
   text	   data	    bss	    dec	    hex	filename
  31980	     36	  11916	  43932	   ab9c	uart-rx.elf
Finished building: default.size.stdout
 
16:57:55 **** Incremental Build of configuration Debug for project uart-rx ****
make -j12 all 
arm-none-eabi-size  uart-rx.elf 
   text	   data	    bss	    dec	    hex	filename
  31980	     36	  11916	  43932	   ab9c	uart-rx.elf
Finished building: default.size.stdout
 
16:59:03 **** Incremental Build of configuration Debug for project uart-rx ****
make -j12 all 
arm-none-eabi-gcc "../Core/Src/main.c" -mcpu=cortex-m4 -std=gnu11 -g3 -DDEBUG -DUSE_HAL_DRIVER -DSTM32F411xE -c -I../Core/Inc -I../Drivers/STM32F4xx_HAL_Driver/Inc -I../Drivers/STM32F4xx_HAL_Driver/Inc/Legacy -I../Drivers/CMSIS/Device/ST/STM32F4xx/Include -I../Drivers/CMSIS/Include -I../FATFS/Target -I../FATFS/App -I../Middlewares/Third_Party/FatFs/src -O0 -ffunction-sections -fdata-sections -Wall -fstack-usage -fcyclomatic-complexity -MMD -MP -MF"Core/Src/main.d" -MT"Core/Src/main.o" --specs=nano.specs -mfpu=fpv4-sp-d16 -mfloat-abi=hard -mthumb -o "Core/Src/main.o"
arm-none-eabi-gcc -o "uart-rx.elf" @"objects.list"   -mcpu=cortex-m4 -T"C:\ST\DefaultWorkspase\uart-rx\STM32F411CEUX_FLASH.ld" --specs=nosys.specs -Wl,-Map="uart-rx.map" -Wl,--gc-sections -static --specs=nano.specs -mfpu=fpv4-sp-d16 -mfloat-abi=hard -mthumb -Wl,--start-group -lc -lm -Wl,--end-group
Finished building target: uart-rx.elf
 
arm-none-eabi-size  uart-rx.elf 
arm-none-eabi-objdump -h -S uart-rx.elf  > "uart-rx.list"
   text	   data	    bss	    dec	    hex	filename
  31984	     36	  11916	  43936	   aba0	uart-rx.elf
Finished building: default.size.stdout
 
Finished building: uart-rx.list
 
17:02:56 **** Incremental Build of configuration Debug for project uart-rx ****
make -j12 all 
arm-none-eabi-gcc "../Core/Src/main.c" -mcpu=cortex-m4 -std=gnu11 -g3 -DDEBUG -DUSE_HAL_DRIVER -DSTM32F411xE -c -I../Core/Inc -I../Drivers/STM32F4xx_HAL_Driver/Inc -I../Drivers/STM32F4xx_HAL_Driver/Inc/Legacy -I../Drivers/CMSIS/Device/ST/STM32F4xx/Include -I../Drivers/CMSIS/Include -I../FATFS/Target -I../FATFS/App -I../Middlewares/Third_Party/FatFs/src -O0 -ffunction-sections -fdata-sections -Wall -fstack-usage -fcyclomatic-complexity -MMD -MP -MF"Core/Src/main.d" -MT"Core/Src/main.o" --specs=nano.specs -mfpu=fpv4-sp-d16 -mfloat-abi=hard -mthumb -o "Core/Src/main.o"
arm-none-eabi-gcc -o "uart-rx.elf" @"objects.list"   -mcpu=cortex-m4 -T"C:\ST\DefaultWorkspase\uart-rx\STM32F411CEUX_FLASH.ld" --specs=nosys.specs -Wl,-Map="uart-rx.map" -Wl,--gc-sections -static --specs=nano.specs -mfpu=fpv4-sp-d16 -mfloat-abi=hard -mthumb -Wl,--start-group -lc -lm -Wl,--end-group
Finished building target: uart-rx.elf
 
arm-none-eabi-size  uart-rx.elf 
arm-none-eabi-objdump -h -S uart-rx.elf  > "uart-rx.list"
   text	   data	    bss	    dec	    hex	filename
  31984	     36	  11916	  43936	   aba0	uart-rx.elf
Finished building: default.size.stdout
 
Finished building: uart-rx.list
 
17:04:54 **** Incremental Build of configuration Debug for project uart-rx ****
make -j12 all 
arm-none-eabi-gcc "../Core/Src/main.c" -mcpu=cortex-m4 -std=gnu11 -g3 -DDEBUG -DUSE_HAL_DRIVER -DSTM32F411xE -c -I../Core/Inc -I../Drivers/STM32F4xx_HAL_Driver/Inc -I../Drivers/STM32F4xx_HAL_Driver/Inc/Legacy -I../Drivers/CMSIS/Device/ST/STM32F4xx/Include -I../Drivers/CMSIS/Include -I../FATFS/Target -I../FATFS/App -I../Middlewares/Third_Party/FatFs/src -O0 -ffunction-sections -fdata-sections -Wall -fstack-usage -fcyclomatic-complexity -MMD -MP -MF"Core/Src/main.d" -MT"Core/Src/main.o" --specs=nano.specs -mfpu=fpv4-sp-d16 -mfloat-abi=hard -mthumb -o "Core/Src/main.o"
arm-none-eabi-gcc -o "uart-rx.elf" @"objects.list"   -mcpu=cortex-m4 -T"C:\ST\DefaultWorkspase\uart-rx\STM32F411CEUX_FLASH.ld" --specs=nosys.specs -Wl,-Map="uart-rx.map" -Wl,--gc-sections -static --specs=nano.specs -mfpu=fpv4-sp-d16 -mfloat-abi=hard -mthumb -Wl,--start-group -lc -lm -Wl,--end-group
Finished building target: uart-rx.elf
 
arm-none-eabi-size  uart-rx.elf 
arm-none-eabi-objdump -h -S uart-rx.elf  > "uart-rx.list"
   text	   data	    bss	    dec	    hex	filename
  31992	     36	  11916	  43944	   aba8	uart-rx.elf
Finished building: default.size.stdout
 
Finished building: uart-rx.list
 
17:11:58 **** Incremental Build of configuration Debug for project uart-rx ****
make -j12 all 
arm-none-eabi-gcc "../Core/Src/main.c" -mcpu=cortex-m4 -std=gnu11 -g3 -DDEBUG -DUSE_HAL_DRIVER -DSTM32F411xE -c -I../Core/Inc -I../Drivers/STM32F4xx_HAL_Driver/Inc -I../Drivers/STM32F4xx_HAL_Driver/Inc/Legacy -I../Drivers/CMSIS/Device/ST/STM32F4xx/Include -I../Drivers/CMSIS/Include -I../FATFS/Target -I../FATFS/App -I../Middlewares/Third_Party/FatFs/src -O0 -ffunction-sections -fdata-sections -Wall -fstack-usage -fcyclomatic-complexity -MMD -MP -MF"Core/Src/main.d" -MT"Core/Src/main.o" --specs=nano.specs -mfpu=fpv4-sp-d16 -mfloat-abi=hard -mthumb -o "Core/Src/main.o"
arm-none-eabi-gcc -o "uart-rx.elf" @"objects.list"   -mcpu=cortex-m4 -T"C:\ST\DefaultWorkspase\uart-rx\STM32F411CEUX_FLASH.ld" --specs=nosys.specs -Wl,-Map="uart-rx.map" -Wl,--gc-sections -static --specs=nano.specs -mfpu=fpv4-sp-d16 -mfloat-abi=hard -mthumb -Wl,--start-group -lc -lm -Wl,--end-group
Finished building target: uart-rx.elf
 
arm-none-eabi-size  uart-rx.elf 
arm-none-eabi-objdump -h -S uart-rx.elf  > "uart-rx.list"
   text	   data	    bss	    dec	    hex	filename
  31992	     36	  11916	  43944	   aba8	uart-rx.elf
Finished building: default.size.stdout
 
Finished building: uart-rx.list
 
17:12:25 **** Incremental Build of configuration Debug for project uart-rx ****
make -j12 all 
arm-none-eabi-size  uart-rx.elf 
   text	   data	    bss	    dec	    hex	filename
  31992	     36	  11916	  43944	   aba8	uart-rx.elf
Finished building: default.size.stdout
 
17:15:35 **** Incremental Build of configuration Debug for project uart-rx ****
make -j12 all 
arm-none-eabi-gcc "../Core/Src/main.c" -mcpu=cortex-m4 -std=gnu11 -g3 -DDEBUG -DUSE_HAL_DRIVER -DSTM32F411xE -c -I../Core/Inc -I../Drivers/STM32F4xx_HAL_Driver/Inc -I../Drivers/STM32F4xx_HAL_Driver/Inc/Legacy -I../Drivers/CMSIS/Device/ST/STM32F4xx/Include -I../Drivers/CMSIS/Include -I../FATFS/Target -I../FATFS/App -I../Middlewares/Third_Party/FatFs/src -O0 -ffunction-sections -fdata-sections -Wall -fstack-usage -fcyclomatic-complexity -MMD -MP -MF"Core/Src/main.d" -MT"Core/Src/main.o" --specs=nano.specs -mfpu=fpv4-sp-d16 -mfloat-abi=hard -mthumb -o "Core/Src/main.o"
[...]
Finished building target: uart-rx.elf
 
arm-none-eabi-size  uart-rx.elf 
arm-none-eabi-objdump -h -S uart-rx.elf  > "uart-rx.list"
   text	   data	    bss	    dec	    hex	filename
  31244	     36	  11916	  43196	   a8bc	uart-rx.elf
Finished building: default.size.stdout
 
Finished building: uart-rx.list
 
00:29:29 **** Incremental Build of configuration Debug for project uart-rx ****
make -j12 all 
arm-none-eabi-gcc "../Core/Src/main.c" -mcpu=cortex-m4 -std=gnu11 -g3 -DDEBUG -DUSE_HAL_DRIVER -DSTM32F411xE -c -I../Core/Inc -I../Drivers/STM32F4xx_HAL_Driver/Inc -I../Drivers/STM32F4xx_HAL_Driver/Inc/Legacy -I../Drivers/CMSIS/Device/ST/STM32F4xx/Include -I../Drivers/CMSIS/Include -I../FATFS/Target -I../FATFS/App -I../Middlewares/Third_Party/FatFs/src -O0 -ffunction-sections -fdata-sections -Wall -fstack-usage -fcyclomatic-complexity -MMD -MP -MF"Core/Src/main.d" -MT"Core/Src/main.o" --specs=nano.specs -mfpu=fpv4-sp-d16 -mfloat-abi=hard -mthumb -o "Core/Src/main.o"
arm-none-eabi-gcc -o "uart-rx.elf" @"objects.list"   -mcpu=cortex-m4 -T"C:\ST\DefaultWorkspase\uart-rx\STM32F411CEUX_FLASH.ld" --specs=nosys.specs -Wl,-Map="uart-rx.map" -Wl,--gc-sections -static --specs=nano.specs -mfpu=fpv4-sp-d16 -mfloat-abi=hard -mthumb -Wl,--start-group -lc -lm -Wl,--end-group
Finished building target: uart-rx.elf
 
arm-none-eabi-size  uart-rx.elf 
arm-none-eabi-objdump -h -S uart-rx.elf  > "uart-rx.list"
   text	   data	    bss	    dec	    hex	filename
  31244	     36	  11916	  43196	   a8bc	uart-rx.elf
Finished building: default.size.stdout
 
Finished building: uart-rx.list
 
00:30:31 **** Incremental Build of configuration Debug for project uart-rx ****
make -j12 all 
arm-none-eabi-gcc "../Core/Src/main.c" -mcpu=cortex-m4 -std=gnu11 -g3 -DDEBUG -DUSE_HAL_DRIVER -DSTM32F411xE -c -I../Core/Inc -I../Drivers/STM32F4xx_HAL_Driver/Inc -I../Drivers/STM32F4xx_HAL_Driver/Inc/Legacy -I../Drivers/CMSIS/Device/ST/STM32F4xx/Include -I../Drivers/CMSIS/Include -I../FATFS/Target -I../FATFS/App -I../Middlewares/Third_Party/FatFs/src -O0 -ffunction-sections -fdata-sections -Wall -fstack-usage -fcyclomatic-complexity -MMD -MP -MF"Core/Src/main.d" -MT"Core/Src/main.o" --specs=nano.specs -mfpu=fpv4-sp-d16 -mfloat-abi=hard -mthumb -o "Core/Src/main.o"
arm-none-eabi-gcc -o "uart-rx.elf" @"objects.list"   -mcpu=cortex-m4 -T"C:\ST\DefaultWorkspase\uart-rx\STM32F411CEUX_FLASH.ld" --specs=nosys.specs -Wl,-Map="uart-rx.map" -Wl,--gc-sections -static --specs=nano.specs -mfpu=fpv4-sp-d16 -mfloat-abi=hard -mthumb -Wl,--start-group -lc -lm -Wl,--end-group
Finished building target: uart-rx.elf
 
arm-none-eabi-size  uart-rx.elf 
arm-none-eabi-objdump -h -S uart-rx.elf  > "uart-rx.list"
   text	   data	    bss	    dec	    hex	filename
  31244	     36	  11916	  43196	   a8bc	uart-rx.elf
Finished building: default.size.stdout
 
Finished building: uart-rx.list
 
01:19:59 **** Incremental Build of configuration Debug for project uart-rx ****
make -j12 all 
arm-none-eabi-gcc "../Core/Src/main.c" -mcpu=cortex-m4 -std=gnu11 -g3 -DDEBUG -DUSE_HAL_DRIVER -DSTM32F411xE -c -I../Core/Inc -I../Drivers/STM32F4xx_HAL_Driver/Inc -I../Drivers/STM32F4xx_HAL_Driver/Inc/Legacy -I../Drivers/CMSIS/Device/ST/STM32F4xx/Include -I../Drivers/CMSIS/Include -I../FATFS/Target -I../FATFS/App -I../Middlewares/Third_Party/FatFs/src -O0 -ffunction-sections -fdata-sections -Wall -fstack-usage -fcyclomatic-complexity -MMD -MP -MF"Core/Src/main.d" -MT"Core/Src/main.o" --specs=nano.specs -mfpu=fpv4-sp-d16 -mfloat-abi=hard -mthumb -o "Core/Src/main.o"
arm-none-eabi-gcc -o "uart-rx.elf" @"objects.list"   -mcpu=cortex-m4 -T"C:\ST\DefaultWorkspase\uart-rx\STM32F411CEUX_FLASH.ld" --specs=nosys.specs -Wl,-Map="uart-rx.map" -Wl,--gc-sections -static --specs=nano.specs -mfpu=fpv4-sp-d16 -mfloat-abi=hard -mthumb -Wl,--start-group -lc -lm -Wl,--end-group
Finished building target: uart-rx.elf
 
arm-none-eabi-size  uart-rx.elf 
arm-none-eabi-objdump -h -S uart-rx.elf  > "uart-rx.list"
   text	   data	    bss	    dec	    hex	filename
  31404	     36	  12940	  44380	   ad5c	uart-rx.elf
Finished building: default.size.stdout
 
Finished building: uart-rx.list
 
01:20:21 **** Incremental Build of configuration Debug for project uart-rx ****
make -j12 all 
arm-none-eabi-gcc "../Core/Src/main.c" -mcpu=cortex-m4 -std=gnu11 -g3 -DDEBUG -DUSE_HAL_DRIVER -DSTM32F411xE -c -I../Core/Inc -I../Drivers/STM32F4xx_HAL_Driver/Inc -I../Drivers/STM32F4xx_HAL_Driver/Inc/Legacy -I../Drivers/CMSIS/Device/ST/STM32F4xx/Include -I../Drivers/CMSIS/Include -I../FATFS/Target -I../FATFS/App -I../Middlewares/Third_Party/FatFs/src -O0 -ffunction-sections -fdata-sections -Wall -fstack-usage -fcyclomatic-complexity -MMD -MP -MF"Core/Src/main.d" -MT"Core/Src/main.o" --specs=nano.specs -mfpu=fpv4-sp-d16 -mfloat-abi=hard -mthumb -o "Core/Src/main.o"
arm-none-eabi-gcc -o "uart-rx.elf" @"objects.list"   -mcpu=cortex-m4 -T"C:\ST\DefaultWorkspase\uart-rx\STM32F411CEUX_FLASH.ld" --specs=nosys.specs -Wl,-Map="uart-rx.map" -Wl,--gc-sections -static --specs=nano.specs -mfpu=fpv4-sp-d16 -mfloat-abi=hard -mthumb -Wl,--start-group -lc -lm -Wl,--end-group
Finished building target: uart-rx.elf
 
arm-none-eabi-size  uart-rx.elf 
arm-none-eabi-objdump -h -S uart-rx.elf  > "uart-rx.list"
   text	   data	    bss	    dec	    hex	filename
  31404	     36	  12940	  44380	   ad5c	uart-rx.elf
Finished building: default.size.stdout
 
Finished building: uart-rx.list
 
01:21:47 **** Incremental Build of configuration Debug for project uart-rx ****
make -j12 all 
arm-none-eabi-size  uart-rx.elf 
   text	   data	    bss	    dec	    hex	filename
  31404	     36	  12940	  44380	   ad5c	uart-rx.elf
Finished building: default.size.stdout
 
01:25:44 **** Incremental Build of configuration Debug for project uart-rx ****
make -j12 all 
arm-none-eabi-gcc "../Core/Src/main.c" -mcpu=cortex-m4 -std=gnu11 -g3 -DDEBUG -DUSE_HAL_DRIVER -DSTM32F411xE -c -I../Core/Inc -I../Drivers/STM32F4xx_HAL_Driver/Inc -I../Drivers/STM32F4xx_HAL_Driver/Inc/Legacy -I../Drivers/CMSIS/Device/ST/STM32F4xx/Include -I../Drivers/CMSIS/Include -I../FATFS/Target -I../FATFS/App -I../Middlewares/Third_Party/FatFs/src -O0 -ffunction-sections -fdata-sections -Wall -fstack-usage -fcyclomatic-complexity -MMD -MP -MF"Core/Src/main.d" -MT"Core/Src/main.o" --specs=nano.specs -mfpu=fpv4-sp-d16 -mfloat-abi=hard -mthumb -o "Core/Src/main.o"
arm-none-eabi-gcc -o "uart-rx.elf" @"objects.list"   -mcpu=cortex-m4 -T"C:\ST\DefaultWorkspase\uart-rx\STM32F411CEUX_FLASH.ld" --specs=nosys.specs -Wl,-Map="uart-rx.map" -Wl,--gc-sections -static --specs=nano.specs -mfpu=fpv4-sp-d16 -mfloat-abi=hard -mthumb -Wl,--start-group -lc -lm -Wl,--end-group
Finished building target: uart-rx.elf
 
arm-none-eabi-size  uart-rx.elf 
arm-none-eabi-objdump -h -S uart-rx.elf  > "uart-rx.list"
   text	   data	    bss	    dec	    hex	filename
  31404	     36	  12940	  44380	   ad5c	uart-rx.elf
Finished building: default.size.stdout
 
Finished building: uart-rx.list
 
01:26:54 **** Incremental Build of configuration Debug for project uart-rx ****
make -j12 all 
arm-none-eabi-gcc "../Core/Src/main.c" -mcpu=cortex-m4 -std=gnu11 -g3 -DDEBUG -DUSE_HAL_DRIVER -DSTM32F411xE -c -I../Core/Inc -I../Drivers/STM32F4xx_HAL_Driver/Inc -I../Drivers/STM32F4xx_HAL_Driver/Inc/Legacy -I../Drivers/CMSIS/Device/ST/STM32F4xx/Include -I../Drivers/CMSIS/Include -I../FATFS/Target -I../FATFS/App -I../Middlewares/Third_Party/FatFs/src -O0 -ffunction-sections -fdata-sections -Wall -fstack-usage -fcyclomatic-complexity -MMD -MP -MF"Core/Src/main.d" -MT"Core/Src/main.o" --specs=nano.specs -mfpu=fpv4-sp-d16 -mfloat-abi=hard -mthumb -o "Core/Src/main.o"
arm-none-eabi-gcc -o "uart-rx.elf" @"objects.list"   -mcpu=cortex-m4 -T"C:\ST\DefaultWorkspase\uart-rx\STM32F411CEUX_FLASH.ld" --specs=nosys.specs -Wl,-Map="uart-rx.map" -Wl,--gc-sections -static --specs=nano.specs -mfpu=fpv4-sp-d16 -mfloat-abi=hard -mthumb -Wl,--start-group -lc -lm -Wl,--end-group
Finished building target: uart-rx.elf
 
arm-none-eabi-size  uart-rx.elf 
arm-none-eabi-objdump -h -S uart-rx.elf  > "uart-rx.list"
   text	   data	    bss	    dec	    hex	filename
  31404	     36	  12940	  44380	   ad5c	uart-rx.elf
Finished building: default.size.stdout
 
Finished building: uart-rx.list
 
01:27:53 **** Incremental Build of configuration Debug for project uart-rx ****
make -j12 all 
arm-none-eabi-gcc "../Core/Src/main.c" -mcpu=cortex-m4 -std=gnu11 -g3 -DDEBUG -DUSE_HAL_DRIVER -DSTM32F411xE -c -I../Core/Inc -I../Drivers/STM32F4xx_HAL_Driver/Inc -I../Drivers/STM32F4xx_HAL_Driver/Inc/Legacy -I../Drivers/CMSIS/Device/ST/STM32F4xx/Include -I../Drivers/CMSIS/Include -I../FATFS/Target -I../FATFS/App -I../Middlewares/Third_Party/FatFs/src -O0 -ffunction-sections -fdata-sections -Wall -fstack-usage -fcyclomatic-complexity -MMD -MP -MF"Core/Src/main.d" -MT"Core/Src/main.o" --specs=nano.specs -mfpu=fpv4-sp-d16 -mfloat-abi=hard -mthumb -o "Core/Src/main.o"
arm-none-eabi-gcc -o "uart-rx.elf" @"objects.list"   -mcpu=cortex-m4 -T"C:\ST\DefaultWorkspase\uart-rx\STM32F411CEUX_FLASH.ld" --specs=nosys.specs -Wl,-Map="uart-rx.map" -Wl,--gc-sections -static --specs=nano.specs -mfpu=fpv4-sp-d16 -mfloat-abi=hard -mthumb -Wl,--start-group -lc -lm -Wl,--end-group
Finished building target: uart-rx.elf
 
arm-none-eabi-size  uart-rx.elf 
arm-none-eabi-objdump -h -S uart-rx.elf  > "uart-rx.list"
   text	   data	    bss	    dec	    hex	filename
  31404	     36	  12940	  44380	   ad5c	uart-rx.elf
Finished building: default.size.stdout
 
Finished building: uart-rx.list
 
02:33:25 **** Incremental Build of configuration Debug for project uart-rx ****
make -j12 all 
arm-none-eabi-gcc "../Core/Src/main.c" -mcpu=cortex-m4 -std=gnu11 -g3 -DDEBUG -DUSE_HAL_DRIVER -DSTM32F411xE -c -I../Core/Inc -I../Drivers/STM32F4xx_HAL_Driver/Inc -I../Drivers/STM32F4xx_HAL_Driver/Inc/Legacy -I../Drivers/CMSIS/Device/ST/STM32F4xx/Include -I../Drivers/CMSIS/Include -I../FATFS/Target -I../FATFS/App -I../Middlewares/Third_Party/FatFs/src -O0 -ffunction-sections -fdata-sections -Wall -fstack-usage -fcyclomatic-complexity -MMD -MP -MF"Core/Src/main.d" -MT"Core/Src/main.o" --specs=nano.specs -mfpu=fpv4-sp-d16 -mfloat-abi=hard -mthumb -o "Core/Src/main.o"
arm-none-eabi-gcc -o "uart-rx.elf" @"objects.list"   -mcpu=cortex-m4 -T"C:\ST\DefaultWorkspase\uart-rx\STM32F411CEUX_FLASH.ld" --specs=nosys.specs -Wl,-Map="uart-rx.map" -Wl,--gc-sections -static --specs=nano.specs -mfpu=fpv4-sp-d16 -mfloat-abi=hard -mthumb -Wl,--start-group -lc -lm -Wl,--end-group
Finished building target: uart-rx.elf
 
arm-none-eabi-size  uart-rx.elf 
arm-none-eabi-objdump -h -S uart-rx.elf  > "uart-rx.list"
   text	   data	    bss	    dec	    hex	filename
  31404	     36	  12940	  44380	   ad5c	uart-rx.elf
Finished building: default.size.stdout
 
Finished building: uart-rx.list
 
02:34:54 **** Incremental Build of configuration Debug for project uart-rx ****
make -j12 all 
arm-none-eabi-size  uart-rx.elf 
   text	   data	    bss	    dec	    hex	filename
  31404	     36	  12940	  44380	   ad5c	uart-rx.elf
Finished building: default.size.stdout
 
02:36:59 **** Incremental Build of configuration Debug for project uart-rx ****
make -j12 all 
arm-none-eabi-gcc "../Core/Src/main.c" -mcpu=cortex-m4 -std=gnu11 -g3 -DDEBUG -DUSE_HAL_DRIVER -DSTM32F411xE -c -I../Core/Inc -I../Drivers/STM32F4xx_HAL_Driver/Inc -I../Drivers/STM32F4xx_HAL_Driver/Inc/Legacy -I../Drivers/CMSIS/Device/ST/STM32F4xx/Include -I../Drivers/CMSIS/Include -I../FATFS/Target -I../FATFS/App -I../Middlewares/Third_Party/FatFs/src -O0 -ffunction-sections -fdata-sections -Wall -fstack-usage -fcyclomatic-complexity -MMD -MP -MF"Core/Src/main.d" -MT"Core/Src/main.o" --specs=nano.specs -mfpu=fpv4-sp-d16 -mfloat-abi=hard -mthumb -o "Core/Src/main.o"
arm-none-eabi-gcc -o "uart-rx.elf" @"objects.list"   -mcpu=cortex-m4 -T"C:\ST\DefaultWorkspase\uart-rx\STM32F411CEUX_FLASH.ld" --specs=nosys.specs -Wl,-Map="uart-rx.map" -Wl,--gc-sections -static --specs=nano.specs -mfpu=fpv4-sp-d16 -mfloat-abi=hard -mthumb -Wl,--start-group -lc -lm -Wl,--end-group
Finished building target: uart-rx.elf
 
arm-none-eabi-size  uart-rx.elf 
arm-none-eabi-objdump -h -S uart-rx.elf  > "uart-rx.list"
   text	   data	    bss	    dec	    hex	filename
  31404	     36	  12940	  44380	   ad5c	uart-rx.elf
Finished building: default.size.stdout
 
Finished building: uart-rx.list
 
02:43:07 **** Incremental Build of configuration Debug for project uart-rx ****
make -j12 all 
arm-none-eabi-size  uart-rx.elf 
   text	   data	    bss	    dec	    hex	filename
  31404	     36	  12940	  44380	   ad5c	uart-rx.elf
Finished building: default.size.stdout
 
02:47:52 **** Incremental Build of configuration Debug for project uart-rx ****
make -j12 all 
arm-none-eabi-gcc "../Core/Src/main.c" -mcpu=cortex-m4 -std=gnu11 -g3 -DDEBUG -DUSE_HAL_DRIVER -DSTM32F411xE -c -I../Core/Inc -I../Drivers/STM32F4xx_HAL_Driver/Inc -I../Drivers/STM32F4xx_HAL_Driver/Inc/Legacy -I../Drivers/CMSIS/Device/ST/STM32F4xx/Include -I../Drivers/CMSIS/Include -I../FATFS/Target -I../FATFS/App -I../Middlewares/Third_Party/FatFs/src -O0 -ffunction-sections -fdata-sections -Wall -fstack-usage -fcyclomatic-complexity -MMD -MP -MF"Core/Src/main.d" -MT"Core/Src/main.o" --specs=nano.specs -mfpu=fpv4-sp-d16 -mfloat-abi=hard -mthumb -o "Core/Src/main.o"
arm-none-eabi-gcc -o "uart-rx.elf" @"objects.list"   -mcpu=cortex-m4 -T"C:\ST\DefaultWorkspase\uart-rx\STM32F411CEUX_FLASH.ld" --specs=nosys.specs -Wl,-Map="uart-rx.map" -Wl,--gc-sections -static --specs=nano.specs -mfpu=fpv4-sp-d16 -mfloat-abi=hard -mthumb -Wl,--start-group -lc -lm -Wl,--end-group
Finished building target: uart-rx.elf
 
arm-none-eabi-size  uart-rx.elf 
arm-none-eabi-objdump -h -S uart-rx.elf  > "uart-rx.list"
   text	   data	    bss	    dec	    hex	filename
  31404	     36	  12940	  44380	   ad5c	uart-rx.elf
Finished building: default.size.stdout
 
Finished building: uart-rx.list
 
02:53:07 **** Incremental Build of configuration Debug for project uart-rx ****
make -j12 all 
arm-none-eabi-gcc "../Core/Src/main.c" -mcpu=cortex-m4 -std=gnu11 -g3 -DDEBUG -DUSE_HAL_DRIVER -DSTM32F411xE -c -I../Core/Inc -I../Drivers/STM32F4xx_HAL_Driver/Inc -I../Drivers/STM32F4xx_HAL_Driver/Inc/Legacy -I../Drivers/CMSIS/Device/ST/STM32F4xx/Include -I../Drivers/CMSIS/Include -I../FATFS/Target -I../FATFS/App -I../Middlewares/Third_Party/FatFs/src -O0 -ffunction-sections -fdata-sections -Wall -fstack-usage -fcyclomatic-complexity -MMD -MP -MF"Core/Src/main.d" -MT"Core/Src/main.o" --specs=nano.specs -mfpu=fpv4-sp-d16 -mfloat-abi=hard -mthumb -o "Core/Src/main.o"
arm-none-eabi-gcc -o "uart-rx.elf" @"objects.list"   -mcpu=cortex-m4 -T"C:\ST\DefaultWorkspase\uart-rx\STM32F411CEUX_FLASH.ld" --specs=nosys.specs -Wl,-Map="uart-rx.map" -Wl,--gc-sections -static --specs=nano.specs -mfpu=fpv4-sp-d16 -mfloat-abi=hard -mthumb -Wl,--start-group -lc -lm -Wl,--end-group
Finished building target: uart-rx.elf
 
arm-none-eabi-size  uart-rx.elf 
arm-none-eabi-objdump -h -S uart-rx.elf  > "uart-rx.list"
   text	   data	    bss	    dec	    hex	filename
  31420	     36	  12940	  44396	   ad6c	uart-rx.elf
Finished building: default.size.stdout
 
Finished building: uart-rx.list
 
02:55:03 **** Incremental Build of configuration Debug for project uart-rx ****
make -j12 all 
arm-none-eabi-gcc "../Core/Src/main.c" -mcpu=cortex-m4 -std=gnu11 -g3 -DDEBUG -DUSE_HAL_DRIVER -DSTM32F411xE -c -I../Core/Inc -I../Drivers/STM32F4xx_HAL_Driver/Inc -I../Drivers/STM32F4xx_HAL_Driver/Inc/Legacy -I../Drivers/CMSIS/Device/ST/STM32F4xx/Include -I../Drivers/CMSIS/Include -I../FATFS/Target -I../FATFS/App -I../Middlewares/Third_Party/FatFs/src -O0 -ffunction-sections -fdata-sections -Wall -fstack-usage -fcyclomatic-complexity -MMD -MP -MF"Core/Src/main.d" -MT"Core/Src/main.o" --specs=nano.specs -mfpu=fpv4-sp-d16 -mfloat-abi=hard -mthumb -o "Core/Src/main.o"
arm-none-eabi-gcc -o "uart-rx.elf" @"objects.list"   -mcpu=cortex-m4 -T"C:\ST\DefaultWorkspase\uart-rx\STM32F411CEUX_FLASH.ld" --specs=nosys.specs -Wl,-Map="uart-rx.map" -Wl,--gc-sections -static --specs=nano.specs -mfpu=fpv4-sp-d16 -mfloat-abi=hard -mthumb -Wl,--start-group -lc -lm -Wl,--end-group
Finished building target: uart-rx.elf
 
arm-none-eabi-size  uart-rx.elf 
arm-none-eabi-objdump -h -S uart-rx.elf  > "uart-rx.list"
   text	   data	    bss	    dec	    hex	filename
  31420	     36	  12940	  44396	   ad6c	uart-rx.elf
Finished building: default.size.stdout
 
Finished building: uart-rx.list
 
02:57:03 **** Incremental Build of configuration Debug for project uart-rx ****
make -j12 all 
arm-none-eabi-gcc "../Core/Src/main.c" -mcpu=cortex-m4 -std=gnu11 -g3 -DDEBUG -DUSE_HAL_DRIVER -DSTM32F411xE -c -I../Core/Inc -I../Drivers/STM32F4xx_HAL_Driver/Inc -I../Drivers/STM32F4xx_HAL_Driver/Inc/Legacy -I../Drivers/CMSIS/Device/ST/STM32F4xx/Include -I../Drivers/CMSIS/Include -I../FATFS/Target -I../FATFS/App -I../Middlewares/Third_Party/FatFs/src -O0 -ffunction-sections -fdata-sections -Wall -fstack-usage -fcyclomatic-complexity -MMD -MP -MF"Core/Src/main.d" -MT"Core/Src/main.o" --specs=nano.specs -mfpu=fpv4-sp-d16 -mfloat-abi=hard -mthumb -o "Core/Src/main.o"
arm-none-eabi-gcc -o "uart-rx.elf" @"objects.list"   -mcpu=cortex-m4 -T"C:\ST\DefaultWorkspase\uart-rx\STM32F411CEUX_FLASH.ld" --specs=nosys.specs -Wl,-Map="uart-rx.map" -Wl,--gc-sections -static --specs=nano.specs -mfpu=fpv4-sp-d16 -mfloat-abi=hard -mthumb -Wl,--start-group -lc -lm -Wl,--end-group
Finished building target: uart-rx.elf
 
arm-none-eabi-size  uart-rx.elf 
arm-none-eabi-objdump -h -S uart-rx.elf  > "uart-rx.list"
   text	   data	    bss	    dec	    hex	filename
  31400	     36	  12940	  44376	   ad58	uart-rx.elf
Finished building: default.size.stdout
 
Finished building: uart-rx.list
 
02:59:05 **** Incremental Build of configuration Debug for project uart-rx ****
make -j12 all 
arm-none-eabi-size  uart-rx.elf 
   text	   data	    bss	    dec	    hex	filename
  31400	     36	  12940	  44376	   ad58	uart-rx.elf
Finished building: default.size.stdout
 
03:11:49 **** Incremental Build of configuration Debug for project uart-rx ****
make -j12 all 
arm-none-eabi-gcc "../Core/Src/main.c" -mcpu=cortex-m4 -std=gnu11 -g3 -DDEBUG -DUSE_HAL_DRIVER -DSTM32F411xE -c -I../Core/Inc -I../Drivers/STM32F4xx_HAL_Driver/Inc -I../Drivers/STM32F4xx_HAL_Driver/Inc/Legacy -I../Drivers/CMSIS/Device/ST/STM32F4xx/Include -I../Drivers/CMSIS/Include -I../FATFS/Target -I../FATFS/App -I../Middlewares/Third_Party/FatFs/src -O0 -ffunction-sections -fdata-sections -Wall -fstack-usage -fcyclomatic-complexity -MMD -MP -MF"Core/Src/main.d" -MT"Core/Src/main.o" --specs=nano.specs -mfpu=fpv4-sp-d16 -mfloat-abi=hard -mthumb -o "Core/Src/main.o"
arm-none-eabi-gcc -o "uart-rx.elf" @"objects.list"   -mcpu=cortex-m4 -T"C:\ST\DefaultWorkspase\uart-rx\STM32F411CEUX_FLASH.ld" --specs=nosys.specs -Wl,-Map="uart-rx.map" -Wl,--gc-sections -static --specs=nano.specs -mfpu=fpv4-sp-d16 -mfloat-abi=hard -mthumb -Wl,--start-group -lc -lm -Wl,--end-group
Finished building target: uart-rx.elf
 
arm-none-eabi-size  uart-rx.elf 
arm-none-eabi-objdump -h -S uart-rx.elf  > "uart-rx.list"
   text	   data	    bss	    dec	    hex	filename
  31400	     36	  11916	  43352	   a958	uart-rx.elf
Finished building: default.size.stdout
 
Finished building: uart-rx.list
 
03:13:22 **** Incremental Build of configuration Debug for project uart-rx ****
make -j12 all 
arm-none-eabi-size  uart-rx.elf 
   text	   data	    bss	    dec	    hex	filename
  31400	     36	  11916	  43352	   a958	uart-rx.elf
Finished building: default.size.stdout
 
03:53:14 **** Build of configuration Debug for project sdcard_spi ****
make -j12 all 
arm-none-eabi-size  sdcard_spi.elf 
   text	   data	    bss	    dec	    hex	filename
  26580	     36	  10548	  37164	   912c	sdcard_spi.elf
Finished building: default.size.stdout
 
