23:31:04 **** Incremental Build of configuration Debug for project USB_Audio_DAC ****
make -j12 all 
arm-none-eabi-gcc -o "USB_Audio_DAC.elf" @"objects.list"   -mcpu=cortex-m4 -T"C:\ST\DefaultWorkspase\USB_Audio_DAC\STM32F411CEUX_FLASH.ld" --specs=nosys.specs -Wl,-Map="USB_Audio_DAC.map" -Wl,--gc-sections -static --specs=nano.specs -mfpu=fpv4-sp-d16 -mfloat-abi=hard -mthumb -Wl,--start-group -lc -lm -Wl,--end-group
C:/ST/STM32CubeIDE_1.19.0/STM32CubeIDE/plugins/com.st.stm32cube.ide.mcu.externaltools.gnu-tools-for-stm32.13.3.rel1.win32_1.0.0.202411081344/tools/bin/../lib/gcc/arm-none-eabi/13.3.1/../../../../arm-none-eabi/bin/ld.exe: ./Drivers/BSP/bsp_audio.o: in function `BSP_AUDIO_OUT_Init':
C:/ST/DefaultWorkspase/USB_Audio_DAC/Debug/../Drivers/BSP/bsp_audio.c:51:(.text.BSP_AUDIO_OUT_Init+0x44): undefined reference to `AUDIO_MUTE_ON'
C:/ST/STM32CubeIDE_1.19.0/STM32CubeIDE/plugins/com.st.stm32cube.ide.mcu.externaltools.gnu-tools-for-stm32.13.3.rel1.win32_1.0.0.202411081344/tools/bin/../lib/gcc/arm-none-eabi/13.3.1/../../../../arm-none-eabi/bin/ld.exe: C:/ST/DefaultWorkspase/USB_Audio_DAC/Debug/../Drivers/BSP/bsp_audio.c:54:(.text.BSP_AUDIO_OUT_Init+0x4a): undefined reference to `AUDIO_MUTE_OFF'
C:/ST/STM32CubeIDE_1.19.0/STM32CubeIDE/plugins/com.st.stm32cube.ide.mcu.externaltools.gnu-tools-for-stm32.13.3.rel1.win32_1.0.0.202411081344/tools/bin/../lib/gcc/arm-none-eabi/13.3.1/../../../../arm-none-eabi/bin/ld.exe: ./Drivers/BSP/bsp_audio.o: in function `BSP_AUDIO_OUT_Play':
C:/ST/DefaultWorkspase/USB_Audio_DAC/Debug/../Drivers/BSP/bsp_audio.c:80:(.text.BSP_AUDIO_OUT_Play+0xe): undefined reference to `AUDIO_MUTE_OFF'
C:/ST/STM32CubeIDE_1.19.0/STM32CubeIDE/plugins/com.st.stm32cube.ide.mcu.externaltools.gnu-tools-for-stm32.13.3.rel1.win32_1.0.0.202411081344/tools/bin/../lib/gcc/arm-none-eabi/13.3.1/../../../../arm-none-eabi/bin/ld.exe: ./Drivers/BSP/bsp_audio.o: in function `BSP_AUDIO_OUT_Stop':
C:/ST/DefaultWorkspase/USB_Audio_DAC/Debug/../Drivers/BSP/bsp_audio.c:145:(.text.BSP_AUDIO_OUT_Stop+0x1a): undefined reference to `AUDIO_MUTE_ON'
C:/ST/STM32CubeIDE_1.19.0/STM32CubeIDE/plugins/com.st.stm32cube.ide.mcu.externaltools.gnu-tools-for-stm32.13.3.rel1.win32_1.0.0.202411081344/tools/bin/../lib/gcc/arm-none-eabi/13.3.1/../../../../arm-none-eabi/bin/ld.exe: ./Drivers/BSP/bsp_audio.o: in function `BSP_AUDIO_OUT_SetMute':
C:/ST/DefaultWorkspase/USB_Audio_DAC/Debug/../Drivers/BSP/bsp_audio.c:169:(.text.BSP_AUDIO_OUT_SetMute+0x10): undefined reference to `AUDIO_MUTE_ON'
C:/ST/STM32CubeIDE_1.19.0/STM32CubeIDE/plugins/com.st.stm32cube.ide.mcu.externaltools.gnu-tools-for-stm32.13.3.rel1.win32_1.0.0.202411081344/tools/bin/../lib/gcc/arm-none-eabi/13.3.1/../../../../arm-none-eabi/bin/ld.exe: C:/ST/DefaultWorkspase/USB_Audio_DAC/Debug/../Drivers/BSP/bsp_audio.c:172:(.text.BSP_AUDIO_OUT_SetMute+0x16): undefined reference to `AUDIO_MUTE_OFF'
collect2.exe: error: ld returned 1 exit status
make: *** [makefile:69: USB_Audio_DAC.elf] Error 1
"make -j12 all" terminated with exit code 2. Build might be incomplete.
23:34:24 **** Incremental Build of configuration Debug for project USB_Audio_DAC ****
make -j12 all 
arm-none-eabi-gcc "../USB_DEVICE/Target/usbd_conf.c" -mcpu=cortex-m4 -std=gnu11 -g3 -DDEBUG -DUSE_HAL_DRIVER -DSTM32F411xE -c -I../Core/Inc -I../Drivers/STM32F4xx_HAL_Driver/Inc -I../Drivers/STM32F4xx_HAL_Driver/Inc/Legacy -I../Drivers/CMSIS/Device/ST/STM32F4xx/Include -I../Drivers/CMSIS/Include -I../USB_DEVICE/App -I../USB_DEVICE/Target -I../Middlewares/ST/STM32_USB_Device_Library/Core/Inc -I../Middlewares/ST/STM32_USB_Device_Library/Class/AUDIO/Inc -I../Drivers/BSP -O0 -ffunction-sections -fdata-sections -Wall -fstack-usage -fcyclomatic-complexity -MMD -MP -MF"USB_DEVICE/Target/usbd_conf.d" -MT"USB_DEVICE/Target/usbd_conf.o" --specs=nano.specs -mfpu=fpv4-sp-d16 -mfloat-abi=hard -mthumb -o "USB_DEVICE/Target/usbd_conf.o"
arm-none-eabi-gcc "../USB_DEVICE/App/usb_device.c" -mcpu=cortex-m4 -std=gnu11 -g3 -DDEBUG -DUSE_HAL_DRIVER -DSTM32F411xE -c -I../Core/Inc -I../Drivers/STM32F4xx_HAL_Driver/Inc -I../Drivers/STM32F4xx_HAL_Driver/Inc/Legacy -I../Drivers/CMSIS/Device/ST/STM32F4xx/Include -I../Drivers/CMSIS/Include -I../USB_DEVICE/App -I../USB_DEVICE/Target -I../Middlewares/ST/STM32_USB_Device_Library/Core/Inc -I../Middlewares/ST/STM32_USB_Device_Library/Class/AUDIO/Inc -I../Drivers/BSP -O0 -ffunction-sections -fdata-sections -Wall -fstack-usage -fcyclomatic-complexity -MMD -MP -MF"USB_DEVICE/App/usb_device.d" -MT"USB_DEVICE/App/usb_device.o" --specs=nano.specs -mfpu=fpv4-sp-d16 -mfloat-abi=hard -mthumb -o "USB_DEVICE/App/usb_device.o"
arm-none-eabi-gcc "../USB_DEVICE/App/usbd_audio_if.c" -mcpu=cortex-m4 -std=gnu11 -g3 -DDEBUG -DUSE_HAL_DRIVER -DSTM32F411xE -c -I../Core/Inc -I../Drivers/STM32F4xx_HAL_Driver/Inc -I../Drivers/STM32F4xx_HAL_Driver/Inc/Legacy -I../Drivers/CMSIS/Device/ST/STM32F4xx/Include -I../Drivers/CMSIS/Include -I../USB_DEVICE/App -I../USB_DEVICE/Target -I../Middlewares/ST/STM32_USB_Device_Library/Core/Inc -I../Middlewares/ST/STM32_USB_Device_Library/Class/AUDIO/Inc -I../Drivers/BSP -O0 -ffunction-sections -fdata-sections -Wall -fstack-usage -fcyclomatic-complexity -MMD -MP -MF"USB_DEVICE/App/usbd_audio_if.d" -MT"USB_DEVICE/App/usbd_audio_if.o" --specs=nano.specs -mfpu=fpv4-sp-d16 -mfloat-abi=hard -mthumb -o "USB_DEVICE/App/usbd_audio_if.o"
arm-none-eabi-gcc "../USB_DEVICE/App/usbd_desc.c" -mcpu=cortex-m4 -std=gnu11 -g3 -DDEBUG -DUSE_HAL_DRIVER -DSTM32F411xE -c -I../Core/Inc -I../Drivers/STM32F4xx_HAL_Driver/Inc -I../Drivers/STM32F4xx_HAL_Driver/Inc/Legacy -I../Drivers/CMSIS/Device/ST/STM32F4xx/Include -I../Drivers/CMSIS/Include -I../USB_DEVICE/App -I../USB_DEVICE/Target -I../Middlewares/ST/STM32_USB_Device_Library/Core/Inc -I../Middlewares/ST/STM32_USB_Device_Library/Class/AUDIO/Inc -I../Drivers/BSP -O0 -ffunction-sections -fdata-sections -Wall -fstack-usage -fcyclomatic-complexity -MMD -MP -MF"USB_DEVICE/App/usbd_desc.d" -MT"USB_DEVICE/App/usbd_desc.o" --specs=nano.specs -mfpu=fpv4-sp-d16 -mfloat-abi=hard -mthumb -o "USB_DEVICE/App/usbd_desc.o"
arm-none-eabi-gcc "../Middlewares/ST/STM32_USB_Device_Library/Core/Src/usbd_core.c" -mcpu=cortex-m4 -std=gnu11 -g3 -DDEBUG -DUSE_HAL_DRIVER -DSTM32F411xE -c -I../Core/Inc -I../Drivers/STM32F4xx_HAL_Driver/Inc -I../Drivers/STM32F4xx_HAL_Driver/Inc/Legacy -I../Drivers/CMSIS/Device/ST/STM32F4xx/Include -I../Drivers/CMSIS/Include -I../USB_DEVICE/App -I../USB_DEVICE/Target -I../Middlewares/ST/STM32_USB_Device_Library/Core/Inc -I../Middlewares/ST/STM32_USB_Device_Library/Class/AUDIO/Inc -I../Drivers/BSP -O0 -ffunction-sections -fdata-sections -Wall -fstack-usage -fcyclomatic-complexity -MMD -MP -MF"Middlewares/ST/STM32_USB_Device_Library/Core/Src/usbd_core.d" -MT"Middlewares/ST/STM32_USB_Device_Library/Core/Src/usbd_core.o" --specs=nano.specs -mfpu=fpv4-sp-d16 -mfloat-abi=hard -mthumb -o "Middlewares/ST/STM32_USB_Device_Library/Core/Src/usbd_core.o"
arm-none-eabi-gcc "../Middlewares/ST/STM32_USB_Device_Library/Core/Src/usbd_ctlreq.c" -mcpu=cortex-m4 -std=gnu11 -g3 -DDEBUG -DUSE_HAL_DRIVER -DSTM32F411xE -c -I../Core/Inc -I../Drivers/STM32F4xx_HAL_Driver/Inc -I../Drivers/STM32F4xx_HAL_Driver/Inc/Legacy -I../Drivers/CMSIS/Device/ST/STM32F4xx/Include -I../Drivers/CMSIS/Include -I../USB_DEVICE/App -I../USB_DEVICE/Target -I../Middlewares/ST/STM32_USB_Device_Library/Core/Inc -I../Middlewares/ST/STM32_USB_Device_Library/Class/AUDIO/Inc -I../Drivers/BSP -O0 -ffunction-sections -fdata-sections -Wall -fstack-usage -fcyclomatic-complexity -MMD -MP -MF"Middlewares/ST/STM32_USB_Device_Library/Core/Src/usbd_ctlreq.d" -MT"Middlewares/ST/STM32_USB_Device_Library/Core/Src/usbd_ctlreq.o" --specs=nano.specs -mfpu=fpv4-sp-d16 -mfloat-abi=hard -mthumb -o "Middlewares/ST/STM32_USB_Device_Library/Core/Src/usbd_ctlreq.o"
arm-none-eabi-gcc "../Middlewares/ST/STM32_USB_Device_Library/Core/Src/usbd_ioreq.c" -mcpu=cortex-m4 -std=gnu11 -g3 -DDEBUG -DUSE_HAL_DRIVER -DSTM32F411xE -c -I../Core/Inc -I../Drivers/STM32F4xx_HAL_Driver/Inc -I../Drivers/STM32F4xx_HAL_Driver/Inc/Legacy -I../Drivers/CMSIS/Device/ST/STM32F4xx/Include -I../Drivers/CMSIS/Include -I../USB_DEVICE/App -I../USB_DEVICE/Target -I../Middlewares/ST/STM32_USB_Device_Library/Core/Inc -I../Middlewares/ST/STM32_USB_Device_Library/Class/AUDIO/Inc -I../Drivers/BSP -O0 -ffunction-sections -fdata-sections -Wall -fstack-usage -fcyclomatic-complexity -MMD -MP -MF"Middlewares/ST/STM32_USB_Device_Library/Core/Src/usbd_ioreq.d" -MT"Middlewares/ST/STM32_USB_Device_Library/Core/Src/usbd_ioreq.o" --specs=nano.specs -mfpu=fpv4-sp-d16 -mfloat-abi=hard -mthumb -o "Middlewares/ST/STM32_USB_Device_Library/Core/Src/usbd_ioreq.o"
arm-none-eabi-gcc "../Middlewares/ST/STM32_USB_Device_Library/Class/AUDIO/Src/usbd_audio.c" -mcpu=cortex-m4 -std=gnu11 -g3 -DDEBUG -DUSE_HAL_DRIVER -DSTM32F411xE -c -I../Core/Inc -I../Drivers/STM32F4xx_HAL_Driver/Inc -I../Drivers/STM32F4xx_HAL_Driver/Inc/Legacy -I../Drivers/CMSIS/Device/ST/STM32F4xx/Include -I../Drivers/CMSIS/Include -I../USB_DEVICE/App -I../USB_DEVICE/Target -I../Middlewares/ST/STM32_USB_Device_Library/Core/Inc -I../Middlewares/ST/STM32_USB_Device_Library/Class/AUDIO/Inc -I../Drivers/BSP -O0 -ffunction-sections -fdata-sections -Wall -fstack-usage -fcyclomatic-complexity -MMD -MP -MF"Middlewares/ST/STM32_USB_Device_Library/Class/AUDIO/Src/usbd_audio.d" -MT"Middlewares/ST/STM32_USB_Device_Library/Class/AUDIO/Src/usbd_audio.o" --specs=nano.specs -mfpu=fpv4-sp-d16 -mfloat-abi=hard -mthumb -o "Middlewares/ST/STM32_USB_Device_Library/Class/AUDIO/Src/usbd_audio.o"
arm-none-eabi-gcc "../Drivers/BSP/bsp_audio.c" -mcpu=cortex-m4 -std=gnu11 -g3 -DDEBUG -DUSE_HAL_DRIVER -DSTM32F411xE -c -I../Core/Inc -I../Drivers/STM32F4xx_HAL_Driver/Inc -I../Drivers/STM32F4xx_HAL_Driver/Inc/Legacy -I../Drivers/CMSIS/Device/ST/STM32F4xx/Include -I../Drivers/CMSIS/Include -I../USB_DEVICE/App -I../USB_DEVICE/Target -I../Middlewares/ST/STM32_USB_Device_Library/Core/Inc -I../Middlewares/ST/STM32_USB_Device_Library/Class/AUDIO/Inc -I../Drivers/BSP -O0 -ffunction-sections -fdata-sections -Wall -fstack-usage -fcyclomatic-complexity -MMD -MP -MF"Drivers/BSP/bsp_audio.d" -MT"Drivers/BSP/bsp_audio.o" --specs=nano.specs -mfpu=fpv4-sp-d16 -mfloat-abi=hard -mthumb -o "Drivers/BSP/bsp_audio.o"
arm-none-eabi-gcc "../Drivers/BSP/bsp_misc.c" -mcpu=cortex-m4 -std=gnu11 -g3 -DDEBUG -DUSE_HAL_DRIVER -DSTM32F411xE -c -I../Core/Inc -I../Drivers/STM32F4xx_HAL_Driver/Inc -I../Drivers/STM32F4xx_HAL_Driver/Inc/Legacy -I../Drivers/CMSIS/Device/ST/STM32F4xx/Include -I../Drivers/CMSIS/Include -I../USB_DEVICE/App -I../USB_DEVICE/Target -I../Middlewares/ST/STM32_USB_Device_Library/Core/Inc -I../Middlewares/ST/STM32_USB_Device_Library/Class/AUDIO/Inc -I../Drivers/BSP -O0 -ffunction-sections -fdata-sections -Wall -fstack-usage -fcyclomatic-complexity -MMD -MP -MF"Drivers/BSP/bsp_misc.d" -MT"Drivers/BSP/bsp_misc.o" --specs=nano.specs -mfpu=fpv4-sp-d16 -mfloat-abi=hard -mthumb -o "Drivers/BSP/bsp_misc.o"
arm-none-eabi-gcc "../Core/Src/main.c" -mcpu=cortex-m4 -std=gnu11 -g3 -DDEBUG -DUSE_HAL_DRIVER -DSTM32F411xE -c -I../Core/Inc -I../Drivers/STM32F4xx_HAL_Driver/Inc -I../Drivers/STM32F4xx_HAL_Driver/Inc/Legacy -I../Drivers/CMSIS/Device/ST/STM32F4xx/Include -I../Drivers/CMSIS/Include -I../USB_DEVICE/App -I../USB_DEVICE/Target -I../Middlewares/ST/STM32_USB_Device_Library/Core/Inc -I../Middlewares/ST/STM32_USB_Device_Library/Class/AUDIO/Inc -I../Drivers/BSP -O0 -ffunction-sections -fdata-sections -Wall -fstack-usage -fcyclomatic-complexity -MMD -MP -MF"Core/Src/main.d" -MT"Core/Src/main.o" --specs=nano.specs -mfpu=fpv4-sp-d16 -mfloat-abi=hard -mthumb -o "Core/Src/main.o"
arm-none-eabi-gcc "../Core/Src/stm32f4xx_hal_msp.c" -mcpu=cortex-m4 -std=gnu11 -g3 -DDEBUG -DUSE_HAL_DRIVER -DSTM32F411xE -c -I../Core/Inc -I../Drivers/STM32F4xx_HAL_Driver/Inc -I../Drivers/STM32F4xx_HAL_Driver/Inc/Legacy -I../Drivers/CMSIS/Device/ST/STM32F4xx/Include -I../Drivers/CMSIS/Include -I../USB_DEVICE/App -I../USB_DEVICE/Target -I../Middlewares/ST/STM32_USB_Device_Library/Core/Inc -I../Middlewares/ST/STM32_USB_Device_Library/Class/AUDIO/Inc -I../Drivers/BSP -O0 -ffunction-sections -fdata-sections -Wall -fstack-usage -fcyclomatic-complexity -MMD -MP -MF"Core/Src/stm32f4xx_hal_msp.d" -MT"Core/Src/stm32f4xx_hal_msp.o" --specs=nano.specs -mfpu=fpv4-sp-d16 -mfloat-abi=hard -mthumb -o "Core/Src/stm32f4xx_hal_msp.o"
../USB_DEVICE/App/usbd_audio_if.c: In function 'AUDIO_AudioCmd_FS':
../USB_DEVICE/App/usbd_audio_if.c:189:38: warning: passing argument 1 of 'BSP_AUDIO_OUT_Play' from incompatible pointer type [-Wincompatible-pointer-types]
  189 |                   BSP_AUDIO_OUT_Play(pbuf, size);
      |                                      ^~~~
      |                                      |
      |                                      uint8_t * {aka unsigned char *}
In file included from ../USB_DEVICE/App/usbd_audio_if.c:25:
../Drivers/BSP/bsp_audio.h:78:38: note: expected 'uint16_t *' {aka 'short unsigned int *'} but argument is of type 'uint8_t *' {aka 'unsigned char *'}
   78 | uint8_t BSP_AUDIO_OUT_Play(uint16_t* pBuffer, uint32_t size);
      |                            ~~~~~~~~~~^~~~~~~
../USB_DEVICE/App/usbd_audio_if.c:194:46: warning: passing argument 1 of 'BSP_AUDIO_OUT_ChangeBuffer' from incompatible pointer type [-Wincompatible-pointer-types]
  194 |                   BSP_AUDIO_OUT_ChangeBuffer(pbuf, size);
      |                                              ^~~~
      |                                              |
      |                                              uint8_t * {aka unsigned char *}
../Drivers/BSP/bsp_audio.h:79:46: note: expected 'uint16_t *' {aka 'short unsigned int *'} but argument is of type 'uint8_t *' {aka 'unsigned char *'}
   79 | void    BSP_AUDIO_OUT_ChangeBuffer(uint16_t *pData, uint16_t size);
      |                                    ~~~~~~~~~~^~~~~
arm-none-eabi-gcc "../Core/Src/stm32f4xx_it.c" -mcpu=cortex-m4 -std=gnu11 -g3 -DDEBUG -DUSE_HAL_DRIVER -DSTM32F411xE -c -I../Core/Inc -I../Drivers/STM32F4xx_HAL_Driver/Inc -I../Drivers/STM32F4xx_HAL_Driver/Inc/Legacy -I../Drivers/CMSIS/Device/ST/STM32F4xx/Include -I../Drivers/CMSIS/Include -I../USB_DEVICE/App -I../USB_DEVICE/Target -I../Middlewares/ST/STM32_USB_Device_Library/Core/Inc -I../Middlewares/ST/STM32_USB_Device_Library/Class/AUDIO/Inc -I../Drivers/BSP -O0 -ffunction-sections -fdata-sections -Wall -fstack-usage -fcyclomatic-complexity -MMD -MP -MF"Core/Src/stm32f4xx_it.d" -MT"Core/Src/stm32f4xx_it.o" --specs=nano.specs -mfpu=fpv4-sp-d16 -mfloat-abi=hard -mthumb -o "Core/Src/stm32f4xx_it.o"
arm-none-eabi-gcc -o "USB_Audio_DAC.elf" @"objects.list"   -mcpu=cortex-m4 -T"C:\ST\DefaultWorkspase\USB_Audio_DAC\STM32F411CEUX_FLASH.ld" --specs=nosys.specs -Wl,-Map="USB_Audio_DAC.map" -Wl,--gc-sections -static --specs=nano.specs -mfpu=fpv4-sp-d16 -mfloat-abi=hard -mthumb -Wl,--start-group -lc -lm -Wl,--end-group
Finished building target: USB_Audio_DAC.elf
 
arm-none-eabi-size  USB_Audio_DAC.elf 
arm-none-eabi-objdump -h -S USB_Audio_DAC.elf  > "USB_Audio_DAC.list"
   text	   data	    bss	    dec	    hex	filename
  37044	    300	  42900	  80244	  13974	USB_Audio_DAC.elf
Finished building: default.size.stdout
 
Finished building: USB_Audio_DAC.list
 
23:40:09 **** Incremental Build of configuration Debug for project USB_Audio_DAC ****
make -j12 all 
arm-none-eabi-size  USB_Audio_DAC.elf 
   text	   data	    bss	    dec	    hex	filename
  37044	    300	  42900	  80244	  13974	USB_Audio_DAC.elf
Finished building: default.size.stdout
 
23:40:23 **** Incremental Build of configuration Debug for project USB_Audio_DAC ****
make -j12 all 
arm-none-eabi-size  USB_Audio_DAC.elf 
   text	   data	    bss	    dec	    hex	filename
  37044	    300	  42900	  80244	  13974	USB_Audio_DAC.elf
Finished building: default.size.stdout
 
23:40:51 **** Incremental Build of configuration Debug for project USB_Audio_DAC ****
make -j12 all 
arm-none-eabi-size  USB_Audio_DAC.elf 
   text	   data	    bss	    dec	    hex	filename
  37044	    300	  42900	  80244	  13974	USB_Audio_DAC.elf
Finished building: default.size.stdout
 
23:40:55 **** Incremental Build of configuration Debug for project USB_Audio_DAC ****
make -j12 all 
arm-none-eabi-size  USB_Audio_DAC.elf 
   text	   data	    bss	    dec	    hex	filename
  37044	    300	  42900	  80244	  13974	USB_Audio_DAC.elf
Finished building: default.size.stdout
 
23:46:23 **** Incremental Build of configuration Debug for project USB_Audio_DAC ****
make -j12 all 
arm-none-eabi-gcc "../USB_DEVICE/App/usbd_audio_if.c" -mcpu=cortex-m4 -std=gnu11 -g3 -DDEBUG -DUSE_HAL_DRIVER -DSTM32F411xE -c -I../Core/Inc -I../Drivers/STM32F4xx_HAL_Driver/Inc -I../Drivers/STM32F4xx_HAL_Driver/Inc/Legacy -I../Drivers/CMSIS/Device/ST/STM32F4xx/Include -I../Drivers/CMSIS/Include -I../USB_DEVICE/App -I../USB_DEVICE/Target -I../Middlewares/ST/STM32_USB_Device_Library/Core/Inc -I../Middlewares/ST/STM32_USB_Device_Library/Class/AUDIO/Inc -I../Drivers/BSP -O0 -ffunction-sections -fdata-sections -Wall -fstack-usage -fcyclomatic-complexity -MMD -MP -MF"USB_DEVICE/App/usbd_audio_if.d" -MT"USB_DEVICE/App/usbd_audio_if.o" --specs=nano.specs -mfpu=fpv4-sp-d16 -mfloat-abi=hard -mthumb -o "USB_DEVICE/App/usbd_audio_if.o"
arm-none-eabi-gcc "../Drivers/BSP/bsp_audio.c" -mcpu=cortex-m4 -std=gnu11 -g3 -DDEBUG -DUSE_HAL_DRIVER -DSTM32F411xE -c -I../Core/Inc -I../Drivers/STM32F4xx_HAL_Driver/Inc -I../Drivers/STM32F4xx_HAL_Driver/Inc/Legacy -I../Drivers/CMSIS/Device/ST/STM32F4xx/Include -I../Drivers/CMSIS/Include -I../USB_DEVICE/App -I../USB_DEVICE/Target -I../Middlewares/ST/STM32_USB_Device_Library/Core/Inc -I../Middlewares/ST/STM32_USB_Device_Library/Class/AUDIO/Inc -I../Drivers/BSP -O0 -ffunction-sections -fdata-sections -Wall -fstack-usage -fcyclomatic-complexity -MMD -MP -MF"Drivers/BSP/bsp_audio.d" -MT"Drivers/BSP/bsp_audio.o" --specs=nano.specs -mfpu=fpv4-sp-d16 -mfloat-abi=hard -mthumb -o "Drivers/BSP/bsp_audio.o"
../USB_DEVICE/App/usbd_audio_if.c: In function 'AUDIO_AudioCmd_FS':
../USB_DEVICE/App/usbd_audio_if.c:189:38: warning: passing argument 1 of 'BSP_AUDIO_OUT_Play' from incompatible pointer type [-Wincompatible-pointer-types]
  189 |                   BSP_AUDIO_OUT_Play(pbuf, size);
      |                                      ^~~~
      |                                      |
      |                                      uint8_t * {aka unsigned char *}
In file included from ../USB_DEVICE/App/usbd_audio_if.c:25:
../Drivers/BSP/bsp_audio.h:78:38: note: expected 'uint16_t *' {aka 'short unsigned int *'} but argument is of type 'uint8_t *' {aka 'unsigned char *'}
   78 | uint8_t BSP_AUDIO_OUT_Play(uint16_t* pBuffer, uint32_t size);
      |                            ~~~~~~~~~~^~~~~~~
../USB_DEVICE/App/usbd_audio_if.c:194:46: warning: passing argument 1 of 'BSP_AUDIO_OUT_ChangeBuffer' from incompatible pointer type [-Wincompatible-pointer-types]
  194 |                   BSP_AUDIO_OUT_ChangeBuffer(pbuf, size);
      |                                              ^~~~
      |                                              |
      |                                              uint8_t * {aka unsigned char *}
../Drivers/BSP/bsp_audio.h:79:46: note: expected 'uint16_t *' {aka 'short unsigned int *'} but argument is of type 'uint8_t *' {aka 'unsigned char *'}
   79 | void    BSP_AUDIO_OUT_ChangeBuffer(uint16_t *pData, uint16_t size);
      |                                    ~~~~~~~~~~^~~~~
arm-none-eabi-gcc -o "USB_Audio_DAC.elf" @"objects.list"   -mcpu=cortex-m4 -T"C:\ST\DefaultWorkspase\USB_Audio_DAC\STM32F411CEUX_FLASH.ld" --specs=nosys.specs -Wl,-Map="USB_Audio_DAC.map" -Wl,--gc-sections -static --specs=nano.specs -mfpu=fpv4-sp-d16 -mfloat-abi=hard -mthumb -Wl,--start-group -lc -lm -Wl,--end-group
Finished building target: USB_Audio_DAC.elf
 
arm-none-eabi-size  USB_Audio_DAC.elf 
arm-none-eabi-objdump -h -S USB_Audio_DAC.elf  > "USB_Audio_DAC.list"
   text	   data	    bss	    dec	    hex	filename
  37044	    300	  42900	  80244	  13974	USB_Audio_DAC.elf
Finished building: default.size.stdout
 
Finished building: USB_Audio_DAC.list
 
23:46:32 **** Incremental Build of configuration Debug for project USB_Audio_DAC ****
make -j12 all 
arm-none-eabi-size  USB_Audio_DAC.elf 
   text	   data	    bss	    dec	    hex	filename
  37044	    300	  42900	  80244	  13974	USB_Audio_DAC.elf
Finished building: default.size.stdout
 
23:47:00 **** Incremental Build of configuration Debug for project USB_Audio_DAC ****
make -j12 all 
arm-none-eabi-size  USB_Audio_DAC.elf 
   text	   data	    bss	    dec	    hex	filename
  37044	    300	  42900	  80244	  13974	USB_Audio_DAC.elf
Finished building: default.size.stdout
 
23:49:45 **** Incremental Build of configuration Default for project STM32F411_USB_AUDIO_DAC-main ****
make all 
make: Nothing to be done for 'all'.
23:49:46 **** Incremental Build of configuration Debug for project USB_Audio_DAC ****
make -j12 all 
arm-none-eabi-size  USB_Audio_DAC.elf 
   text	   data	    bss	    dec	    hex	filename
  37044	    300	  42900	  80244	  13974	USB_Audio_DAC.elf
Finished building: default.size.stdout
 
23:49:47 **** Incremental Build of configuration Debug for project blackpill_soundcard_hal ****
make -j12 all 
arm-none-eabi-size  blackpill_soundcard_hal.elf 
   text	   data	    bss	    dec	    hex	filename
  33296	    300	  18404	  52000	   cb20	blackpill_soundcard_hal.elf
Finished building: default.size.stdout
 
23:49:47 **** Incremental Build of configuration Debug for project blackpill_soundcard_ll ****
make -j12 all 
arm-none-eabi-size  blackpill_soundcard_ll.elf 
   text	   data	    bss	    dec	    hex	filename
   6528	      4	   1564	   8096	   1fa0	blackpill_soundcard_ll.elf
Finished building: default.size.stdout
 
23:49:48 **** Incremental Build of configuration Debug for project blackpill_soundcard_reg ****
make -j12 all 
arm-none-eabi-size  blackpill_soundcard_reg.elf 
   text	   data	    bss	    dec	    hex	filename
   6252	     12	   1580	   7844	   1ea4	blackpill_soundcard_reg.elf
Finished building: default.size.stdout
 
23:49:48 **** Incremental Build of configuration Debug for project dummy ****
make -j12 all 
arm-none-eabi-size  dummy.elf 
   text	   data	    bss	    dec	    hex	filename
   4748	     12	   1572	   6332	   18bc	dummy.elf
Finished building: default.size.stdout
 
23:49:49 **** Incremental Build of configuration Debug for project lcd_1602_no_spi ****
make -j12 all 
arm-none-eabi-size  lcd_1602_no_spi.elf 
   text	   data	    bss	    dec	    hex	filename
   6388	     12	   1572	   7972	   1f24	lcd_1602_no_spi.elf
Finished building: default.size.stdout
 
23:49:50 **** Incremental Build of configuration Debug for project sdcard_spi ****
make -j12 all 
arm-none-eabi-size  sdcard_spi.elf 
   text	   data	    bss	    dec	    hex	filename
  26580	     36	  10548	  37164	   912c	sdcard_spi.elf
Finished building: default.size.stdout
 
23:49:50 **** Incremental Build of configuration Debug for project soundcard_v1 (Steppe) ****
make -j12 all 
arm-none-eabi-size  soundcard_v1\ (Steppe).elf 
arm-none-eabi-objdump -h -S soundcard_v1\ (Steppe).elf  > "soundcard_v1 (Steppe).list"
c:/st/stm32cubeide_1.19.0/stm32cubeide/plugins/com.st.stm32cube.ide.mcu.externaltools.make.win32_2.2.0.202409170845/tools/bin/sh: syntax error: unexpected "("
make: *** [makefile:73: default.size.stdout] Error 2
make: *** Waiting for unfinished jobs....
c:/st/stm32cubeide_1.19.0/stm32cubeide/plugins/com.st.stm32cube.ide.mcu.externaltools.make.win32_2.2.0.202409170845/tools/bin/sh: syntax error: unexpected "("
make: *** [makefile:78: soundcard_v1 (Steppe).list] Error 2
"make -j12 all" terminated with exit code 2. Build might be incomplete.
10:22:38 **** Incremental Build of configuration Default for project STM32F411_USB_AUDIO_DAC-main ****
make all 
make: Nothing to be done for 'all'.
10:22:58 **** Incremental Build of configuration Default for project STM32F411_USB_AUDIO_DAC-main ****
make all 
make: Nothing to be done for 'all'.
10:23:06 **** Clean-only build of configuration Default for project STM32F411_USB_AUDIO_DAC-main ****
make clean 
rm -fR ./build
10:23:07 **** Build of configuration Default for project STM32F411_USB_AUDIO_DAC-main ****
make all 
mkdir build		
arm-none-eabi-gcc -c -mcpu=cortex-m4 -mthumb -mfpu=fpv4-sp-d16 -mfloat-abi=hard -DUSE_HAL_DRIVER -DUSE_FULL_ASSERT -DSTM32F411xE -DDAC_PCM5102A -Isrc -Idrivers/BSP -Idrivers/usb/Core/Inc -Idrivers/usb/Class/AUDIO/Inc -Idrivers/CMSIS/Device/ST/STM32F4xx/Include -Idrivers/CMSIS/Include -Idrivers/STM32F4xx_HAL_Driver/Inc -Idrivers/STM32F4xx_HAL_Driver/Inc/Legacy -O2 -Wall -fdata-sections -ffunction-sections -MMD -MP -MF"build/main.d" -Wa,-a,-ad,-alms=./build/main.lst src/main.c -o build/main.o
arm-none-eabi-gcc -c -mcpu=cortex-m4 -mthumb -mfpu=fpv4-sp-d16 -mfloat-abi=hard -DUSE_HAL_DRIVER -DUSE_FULL_ASSERT -DSTM32F411xE -DDAC_PCM5102A -Isrc -Idrivers/BSP -Idrivers/usb/Core/Inc -Idrivers/usb/Class/AUDIO/Inc -Idrivers/CMSIS/Device/ST/STM32F4xx/Include -Idrivers/CMSIS/Include -Idrivers/STM32F4xx_HAL_Driver/Inc -Idrivers/STM32F4xx_HAL_Driver/Inc/Legacy -O2 -Wall -fdata-sections -ffunction-sections -MMD -MP -MF"build/usart.d" -Wa,-a,-ad,-alms=./build/usart.lst src/usart.c -o build/usart.o
arm-none-eabi-gcc -c -mcpu=cortex-m4 -mthumb -mfpu=fpv4-sp-d16 -mfloat-abi=hard -DUSE_HAL_DRIVER -DUSE_FULL_ASSERT -DSTM32F411xE -DDAC_PCM5102A -Isrc -Idrivers/BSP -Idrivers/usb/Core/Inc -Idrivers/usb/Class/AUDIO/Inc -Idrivers/CMSIS/Device/ST/STM32F4xx/Include -Idrivers/CMSIS/Include -Idrivers/STM32F4xx_HAL_Driver/Inc -Idrivers/STM32F4xx_HAL_Driver/Inc/Legacy -O2 -Wall -fdata-sections -ffunction-sections -MMD -MP -MF"build/usbd_conf.d" -Wa,-a,-ad,-alms=./build/usbd_conf.lst src/usbd_conf.c -o build/usbd_conf.o
arm-none-eabi-gcc -c -mcpu=cortex-m4 -mthumb -mfpu=fpv4-sp-d16 -mfloat-abi=hard -DUSE_HAL_DRIVER -DUSE_FULL_ASSERT -DSTM32F411xE -DDAC_PCM5102A -Isrc -Idrivers/BSP -Idrivers/usb/Core/Inc -Idrivers/usb/Class/AUDIO/Inc -Idrivers/CMSIS/Device/ST/STM32F4xx/Include -Idrivers/CMSIS/Include -Idrivers/STM32F4xx_HAL_Driver/Inc -Idrivers/STM32F4xx_HAL_Driver/Inc/Legacy -O2 -Wall -fdata-sections -ffunction-sections -MMD -MP -MF"build/usbd_desc.d" -Wa,-a,-ad,-alms=./build/usbd_desc.lst src/usbd_desc.c -o build/usbd_desc.o
arm-none-eabi-gcc -c -mcpu=cortex-m4 -mthumb -mfpu=fpv4-sp-d16 -mfloat-abi=hard -DUSE_HAL_DRIVER -DUSE_FULL_ASSERT -DSTM32F411xE -DDAC_PCM5102A -Isrc -Idrivers/BSP -Idrivers/usb/Core/Inc -Idrivers/usb/Class/AUDIO/Inc -Idrivers/CMSIS/Device/ST/STM32F4xx/Include -Idrivers/CMSIS/Include -Idrivers/STM32F4xx_HAL_Driver/Inc -Idrivers/STM32F4xx_HAL_Driver/Inc/Legacy -O2 -Wall -fdata-sections -ffunction-sections -MMD -MP -MF"build/usbd_audio_if.d" -Wa,-a,-ad,-alms=./build/usbd_audio_if.lst src/usbd_audio_if.c -o build/usbd_audio_if.o
arm-none-eabi-gcc -c -mcpu=cortex-m4 -mthumb -mfpu=fpv4-sp-d16 -mfloat-abi=hard -DUSE_HAL_DRIVER -DUSE_FULL_ASSERT -DSTM32F411xE -DDAC_PCM5102A -Isrc -Idrivers/BSP -Idrivers/usb/Core/Inc -Idrivers/usb/Class/AUDIO/Inc -Idrivers/CMSIS/Device/ST/STM32F4xx/Include -Idrivers/CMSIS/Include -Idrivers/STM32F4xx_HAL_Driver/Inc -Idrivers/STM32F4xx_HAL_Driver/Inc/Legacy -O2 -Wall -fdata-sections -ffunction-sections -MMD -MP -MF"build/stm32f4xx_it.d" -Wa,-a,-ad,-alms=./build/stm32f4xx_it.lst src/stm32f4xx_it.c -o build/stm32f4xx_it.o
arm-none-eabi-gcc -c -mcpu=cortex-m4 -mthumb -mfpu=fpv4-sp-d16 -mfloat-abi=hard -DUSE_HAL_DRIVER -DUSE_FULL_ASSERT -DSTM32F411xE -DDAC_PCM5102A -Isrc -Idrivers/BSP -Idrivers/usb/Core/Inc -Idrivers/usb/Class/AUDIO/Inc -Idrivers/CMSIS/Device/ST/STM32F4xx/Include -Idrivers/CMSIS/Include -Idrivers/STM32F4xx_HAL_Driver/Inc -Idrivers/STM32F4xx_HAL_Driver/Inc/Legacy -O2 -Wall -fdata-sections -ffunction-sections -MMD -MP -MF"build/system_stm32f4xx.d" -Wa,-a,-ad,-alms=./build/system_stm32f4xx.lst src/system_stm32f4xx.c -o build/system_stm32f4xx.o
arm-none-eabi-gcc -c -mcpu=cortex-m4 -mthumb -mfpu=fpv4-sp-d16 -mfloat-abi=hard -DUSE_HAL_DRIVER -DUSE_FULL_ASSERT -DSTM32F411xE -DDAC_PCM5102A -Isrc -Idrivers/BSP -Idrivers/usb/Core/Inc -Idrivers/usb/Class/AUDIO/Inc -Idrivers/CMSIS/Device/ST/STM32F4xx/Include -Idrivers/CMSIS/Include -Idrivers/STM32F4xx_HAL_Driver/Inc -Idrivers/STM32F4xx_HAL_Driver/Inc/Legacy -O2 -Wall -fdata-sections -ffunction-sections -MMD -MP -MF"build/usbd_core.d" -Wa,-a,-ad,-alms=./build/usbd_core.lst drivers/usb/Core/Src/usbd_core.c -o build/usbd_core.o
arm-none-eabi-gcc -c -mcpu=cortex-m4 -mthumb -mfpu=fpv4-sp-d16 -mfloat-abi=hard -DUSE_HAL_DRIVER -DUSE_FULL_ASSERT -DSTM32F411xE -DDAC_PCM5102A -Isrc -Idrivers/BSP -Idrivers/usb/Core/Inc -Idrivers/usb/Class/AUDIO/Inc -Idrivers/CMSIS/Device/ST/STM32F4xx/Include -Idrivers/CMSIS/Include -Idrivers/STM32F4xx_HAL_Driver/Inc -Idrivers/STM32F4xx_HAL_Driver/Inc/Legacy -O2 -Wall -fdata-sections -ffunction-sections -MMD -MP -MF"build/usbd_ctlreq.d" -Wa,-a,-ad,-alms=./build/usbd_ctlreq.lst drivers/usb/Core/Src/usbd_ctlreq.c -o build/usbd_ctlreq.o
arm-none-eabi-gcc -c -mcpu=cortex-m4 -mthumb -mfpu=fpv4-sp-d16 -mfloat-abi=hard -DUSE_HAL_DRIVER -DUSE_FULL_ASSERT -DSTM32F411xE -DDAC_PCM5102A -Isrc -Idrivers/BSP -Idrivers/usb/Core/Inc -Idrivers/usb/Class/AUDIO/Inc -Idrivers/CMSIS/Device/ST/STM32F4xx/Include -Idrivers/CMSIS/Include -Idrivers/STM32F4xx_HAL_Driver/Inc -Idrivers/STM32F4xx_HAL_Driver/Inc/Legacy -O2 -Wall -fdata-sections -ffunction-sections -MMD -MP -MF"build/usbd_ioreq.d" -Wa,-a,-ad,-alms=./build/usbd_ioreq.lst drivers/usb/Core/Src/usbd_ioreq.c -o build/usbd_ioreq.o
arm-none-eabi-gcc -c -mcpu=cortex-m4 -mthumb -mfpu=fpv4-sp-d16 -mfloat-abi=hard -DUSE_HAL_DRIVER -DUSE_FULL_ASSERT -DSTM32F411xE -DDAC_PCM5102A -Isrc -Idrivers/BSP -Idrivers/usb/Core/Inc -Idrivers/usb/Class/AUDIO/Inc -Idrivers/CMSIS/Device/ST/STM32F4xx/Include -Idrivers/CMSIS/Include -Idrivers/STM32F4xx_HAL_Driver/Inc -Idrivers/STM32F4xx_HAL_Driver/Inc/Legacy -O2 -Wall -fdata-sections -ffunction-sections -MMD -MP -MF"build/usbd_audio.d" -Wa,-a,-ad,-alms=./build/usbd_audio.lst drivers/usb/Class/AUDIO/Src/usbd_audio.c -o build/usbd_audio.o
arm-none-eabi-gcc -c -mcpu=cortex-m4 -mthumb -mfpu=fpv4-sp-d16 -mfloat-abi=hard -DUSE_HAL_DRIVER -DUSE_FULL_ASSERT -DSTM32F411xE -DDAC_PCM5102A -Isrc -Idrivers/BSP -Idrivers/usb/Core/Inc -Idrivers/usb/Class/AUDIO/Inc -Idrivers/CMSIS/Device/ST/STM32F4xx/Include -Idrivers/CMSIS/Include -Idrivers/STM32F4xx_HAL_Driver/Inc -Idrivers/STM32F4xx_HAL_Driver/Inc/Legacy -O2 -Wall -fdata-sections -ffunction-sections -MMD -MP -MF"build/bsp_misc.d" -Wa,-a,-ad,-alms=./build/bsp_misc.lst drivers/BSP/bsp_misc.c -o build/bsp_misc.o
arm-none-eabi-gcc -c -mcpu=cortex-m4 -mthumb -mfpu=fpv4-sp-d16 -mfloat-abi=hard -DUSE_HAL_DRIVER -DUSE_FULL_ASSERT -DSTM32F411xE -DDAC_PCM5102A -Isrc -Idrivers/BSP -Idrivers/usb/Core/Inc -Idrivers/usb/Class/AUDIO/Inc -Idrivers/CMSIS/Device/ST/STM32F4xx/Include -Idrivers/CMSIS/Include -Idrivers/STM32F4xx_HAL_Driver/Inc -Idrivers/STM32F4xx_HAL_Driver/Inc/Legacy -O2 -Wall -fdata-sections -ffunction-sections -MMD -MP -MF"build/bsp_audio.d" -Wa,-a,-ad,-alms=./build/bsp_audio.lst drivers/BSP/bsp_audio.c -o build/bsp_audio.o
arm-none-eabi-gcc -c -mcpu=cortex-m4 -mthumb -mfpu=fpv4-sp-d16 -mfloat-abi=hard -DUSE_HAL_DRIVER -DUSE_FULL_ASSERT -DSTM32F411xE -DDAC_PCM5102A -Isrc -Idrivers/BSP -Idrivers/usb/Core/Inc -Idrivers/usb/Class/AUDIO/Inc -Idrivers/CMSIS/Device/ST/STM32F4xx/Include -Idrivers/CMSIS/Include -Idrivers/STM32F4xx_HAL_Driver/Inc -Idrivers/STM32F4xx_HAL_Driver/Inc/Legacy -O2 -Wall -fdata-sections -ffunction-sections -MMD -MP -MF"build/stm32f4xx_hal_pcd.d" -Wa,-a,-ad,-alms=./build/stm32f4xx_hal_pcd.lst drivers/STM32F4xx_HAL_Driver/Src/stm32f4xx_hal_pcd.c -o build/stm32f4xx_hal_pcd.o
arm-none-eabi-gcc -c -mcpu=cortex-m4 -mthumb -mfpu=fpv4-sp-d16 -mfloat-abi=hard -DUSE_HAL_DRIVER -DUSE_FULL_ASSERT -DSTM32F411xE -DDAC_PCM5102A -Isrc -Idrivers/BSP -Idrivers/usb/Core/Inc -Idrivers/usb/Class/AUDIO/Inc -Idrivers/CMSIS/Device/ST/STM32F4xx/Include -Idrivers/CMSIS/Include -Idrivers/STM32F4xx_HAL_Driver/Inc -Idrivers/STM32F4xx_HAL_Driver/Inc/Legacy -O2 -Wall -fdata-sections -ffunction-sections -MMD -MP -MF"build/stm32f4xx_hal_pcd_ex.d" -Wa,-a,-ad,-alms=./build/stm32f4xx_hal_pcd_ex.lst drivers/STM32F4xx_HAL_Driver/Src/stm32f4xx_hal_pcd_ex.c -o build/stm32f4xx_hal_pcd_ex.o
arm-none-eabi-gcc -c -mcpu=cortex-m4 -mthumb -mfpu=fpv4-sp-d16 -mfloat-abi=hard -DUSE_HAL_DRIVER -DUSE_FULL_ASSERT -DSTM32F411xE -DDAC_PCM5102A -Isrc -Idrivers/BSP -Idrivers/usb/Core/Inc -Idrivers/usb/Class/AUDIO/Inc -Idrivers/CMSIS/Device/ST/STM32F4xx/Include -Idrivers/CMSIS/Include -Idrivers/STM32F4xx_HAL_Driver/Inc -Idrivers/STM32F4xx_HAL_Driver/Inc/Legacy -O2 -Wall -fdata-sections -ffunction-sections -MMD -MP -MF"build/stm32f4xx_ll_usb.d" -Wa,-a,-ad,-alms=./build/stm32f4xx_ll_usb.lst drivers/STM32F4xx_HAL_Driver/Src/stm32f4xx_ll_usb.c -o build/stm32f4xx_ll_usb.o
arm-none-eabi-gcc -c -mcpu=cortex-m4 -mthumb -mfpu=fpv4-sp-d16 -mfloat-abi=hard -DUSE_HAL_DRIVER -DUSE_FULL_ASSERT -DSTM32F411xE -DDAC_PCM5102A -Isrc -Idrivers/BSP -Idrivers/usb/Core/Inc -Idrivers/usb/Class/AUDIO/Inc -Idrivers/CMSIS/Device/ST/STM32F4xx/Include -Idrivers/CMSIS/Include -Idrivers/STM32F4xx_HAL_Driver/Inc -Idrivers/STM32F4xx_HAL_Driver/Inc/Legacy -O2 -Wall -fdata-sections -ffunction-sections -MMD -MP -MF"build/stm32f4xx_hal_i2s.d" -Wa,-a,-ad,-alms=./build/stm32f4xx_hal_i2s.lst drivers/STM32F4xx_HAL_Driver/Src/stm32f4xx_hal_i2s.c -o build/stm32f4xx_hal_i2s.o
arm-none-eabi-gcc -c -mcpu=cortex-m4 -mthumb -mfpu=fpv4-sp-d16 -mfloat-abi=hard -DUSE_HAL_DRIVER -DUSE_FULL_ASSERT -DSTM32F411xE -DDAC_PCM5102A -Isrc -Idrivers/BSP -Idrivers/usb/Core/Inc -Idrivers/usb/Class/AUDIO/Inc -Idrivers/CMSIS/Device/ST/STM32F4xx/Include -Idrivers/CMSIS/Include -Idrivers/STM32F4xx_HAL_Driver/Inc -Idrivers/STM32F4xx_HAL_Driver/Inc/Legacy -O2 -Wall -fdata-sections -ffunction-sections -MMD -MP -MF"build/stm32f4xx_hal_i2s_ex.d" -Wa,-a,-ad,-alms=./build/stm32f4xx_hal_i2s_ex.lst drivers/STM32F4xx_HAL_Driver/Src/stm32f4xx_hal_i2s_ex.c -o build/stm32f4xx_hal_i2s_ex.o
arm-none-eabi-gcc -c -mcpu=cortex-m4 -mthumb -mfpu=fpv4-sp-d16 -mfloat-abi=hard -DUSE_HAL_DRIVER -DUSE_FULL_ASSERT -DSTM32F411xE -DDAC_PCM5102A -Isrc -Idrivers/BSP -Idrivers/usb/Core/Inc -Idrivers/usb/Class/AUDIO/Inc -Idrivers/CMSIS/Device/ST/STM32F4xx/Include -Idrivers/CMSIS/Include -Idrivers/STM32F4xx_HAL_Driver/Inc -Idrivers/STM32F4xx_HAL_Driver/Inc/Legacy -O2 -Wall -fdata-sections -ffunction-sections -MMD -MP -MF"build/stm32f4xx_hal_tim.d" -Wa,-a,-ad,-alms=./build/stm32f4xx_hal_tim.lst drivers/STM32F4xx_HAL_Driver/Src/stm32f4xx_hal_tim.c -o build/stm32f4xx_hal_tim.o
arm-none-eabi-gcc -c -mcpu=cortex-m4 -mthumb -mfpu=fpv4-sp-d16 -mfloat-abi=hard -DUSE_HAL_DRIVER -DUSE_FULL_ASSERT -DSTM32F411xE -DDAC_PCM5102A -Isrc -Idrivers/BSP -Idrivers/usb/Core/Inc -Idrivers/usb/Class/AUDIO/Inc -Idrivers/CMSIS/Device/ST/STM32F4xx/Include -Idrivers/CMSIS/Include -Idrivers/STM32F4xx_HAL_Driver/Inc -Idrivers/STM32F4xx_HAL_Driver/Inc/Legacy -O2 -Wall -fdata-sections -ffunction-sections -MMD -MP -MF"build/stm32f4xx_hal_tim_ex.d" -Wa,-a,-ad,-alms=./build/stm32f4xx_hal_tim_ex.lst drivers/STM32F4xx_HAL_Driver/Src/stm32f4xx_hal_tim_ex.c -o build/stm32f4xx_hal_tim_ex.o
arm-none-eabi-gcc -c -mcpu=cortex-m4 -mthumb -mfpu=fpv4-sp-d16 -mfloat-abi=hard -DUSE_HAL_DRIVER -DUSE_FULL_ASSERT -DSTM32F411xE -DDAC_PCM5102A -Isrc -Idrivers/BSP -Idrivers/usb/Core/Inc -Idrivers/usb/Class/AUDIO/Inc -Idrivers/CMSIS/Device/ST/STM32F4xx/Include -Idrivers/CMSIS/Include -Idrivers/STM32F4xx_HAL_Driver/Inc -Idrivers/STM32F4xx_HAL_Driver/Inc/Legacy -O2 -Wall -fdata-sections -ffunction-sections -MMD -MP -MF"build/stm32f4xx_hal_rcc.d" -Wa,-a,-ad,-alms=./build/stm32f4xx_hal_rcc.lst drivers/STM32F4xx_HAL_Driver/Src/stm32f4xx_hal_rcc.c -o build/stm32f4xx_hal_rcc.o
arm-none-eabi-gcc -c -mcpu=cortex-m4 -mthumb -mfpu=fpv4-sp-d16 -mfloat-abi=hard -DUSE_HAL_DRIVER -DUSE_FULL_ASSERT -DSTM32F411xE -DDAC_PCM5102A -Isrc -Idrivers/BSP -Idrivers/usb/Core/Inc -Idrivers/usb/Class/AUDIO/Inc -Idrivers/CMSIS/Device/ST/STM32F4xx/Include -Idrivers/CMSIS/Include -Idrivers/STM32F4xx_HAL_Driver/Inc -Idrivers/STM32F4xx_HAL_Driver/Inc/Legacy -O2 -Wall -fdata-sections -ffunction-sections -MMD -MP -MF"build/stm32f4xx_hal_rcc_ex.d" -Wa,-a,-ad,-alms=./build/stm32f4xx_hal_rcc_ex.lst drivers/STM32F4xx_HAL_Driver/Src/stm32f4xx_hal_rcc_ex.c -o build/stm32f4xx_hal_rcc_ex.o
arm-none-eabi-gcc -c -mcpu=cortex-m4 -mthumb -mfpu=fpv4-sp-d16 -mfloat-abi=hard -DUSE_HAL_DRIVER -DUSE_FULL_ASSERT -DSTM32F411xE -DDAC_PCM5102A -Isrc -Idrivers/BSP -Idrivers/usb/Core/Inc -Idrivers/usb/Class/AUDIO/Inc -Idrivers/CMSIS/Device/ST/STM32F4xx/Include -Idrivers/CMSIS/Include -Idrivers/STM32F4xx_HAL_Driver/Inc -Idrivers/STM32F4xx_HAL_Driver/Inc/Legacy -O2 -Wall -fdata-sections -ffunction-sections -MMD -MP -MF"build/stm32f4xx_hal_flash.d" -Wa,-a,-ad,-alms=./build/stm32f4xx_hal_flash.lst drivers/STM32F4xx_HAL_Driver/Src/stm32f4xx_hal_flash.c -o build/stm32f4xx_hal_flash.o
arm-none-eabi-gcc -c -mcpu=cortex-m4 -mthumb -mfpu=fpv4-sp-d16 -mfloat-abi=hard -DUSE_HAL_DRIVER -DUSE_FULL_ASSERT -DSTM32F411xE -DDAC_PCM5102A -Isrc -Idrivers/BSP -Idrivers/usb/Core/Inc -Idrivers/usb/Class/AUDIO/Inc -Idrivers/CMSIS/Device/ST/STM32F4xx/Include -Idrivers/CMSIS/Include -Idrivers/STM32F4xx_HAL_Driver/Inc -Idrivers/STM32F4xx_HAL_Driver/Inc/Legacy -O2 -Wall -fdata-sections -ffunction-sections -MMD -MP -MF"build/stm32f4xx_hal_flash_ex.d" -Wa,-a,-ad,-alms=./build/stm32f4xx_hal_flash_ex.lst drivers/STM32F4xx_HAL_Driver/Src/stm32f4xx_hal_flash_ex.c -o build/stm32f4xx_hal_flash_ex.o
arm-none-eabi-gcc -c -mcpu=cortex-m4 -mthumb -mfpu=fpv4-sp-d16 -mfloat-abi=hard -DUSE_HAL_DRIVER -DUSE_FULL_ASSERT -DSTM32F411xE -DDAC_PCM5102A -Isrc -Idrivers/BSP -Idrivers/usb/Core/Inc -Idrivers/usb/Class/AUDIO/Inc -Idrivers/CMSIS/Device/ST/STM32F4xx/Include -Idrivers/CMSIS/Include -Idrivers/STM32F4xx_HAL_Driver/Inc -Idrivers/STM32F4xx_HAL_Driver/Inc/Legacy -O2 -Wall -fdata-sections -ffunction-sections -MMD -MP -MF"build/stm32f4xx_hal_flash_ramfunc.d" -Wa,-a,-ad,-alms=./build/stm32f4xx_hal_flash_ramfunc.lst drivers/STM32F4xx_HAL_Driver/Src/stm32f4xx_hal_flash_ramfunc.c -o build/stm32f4xx_hal_flash_ramfunc.o
arm-none-eabi-gcc -c -mcpu=cortex-m4 -mthumb -mfpu=fpv4-sp-d16 -mfloat-abi=hard -DUSE_HAL_DRIVER -DUSE_FULL_ASSERT -DSTM32F411xE -DDAC_PCM5102A -Isrc -Idrivers/BSP -Idrivers/usb/Core/Inc -Idrivers/usb/Class/AUDIO/Inc -Idrivers/CMSIS/Device/ST/STM32F4xx/Include -Idrivers/CMSIS/Include -Idrivers/STM32F4xx_HAL_Driver/Inc -Idrivers/STM32F4xx_HAL_Driver/Inc/Legacy -O2 -Wall -fdata-sections -ffunction-sections -MMD -MP -MF"build/stm32f4xx_hal_gpio.d" -Wa,-a,-ad,-alms=./build/stm32f4xx_hal_gpio.lst drivers/STM32F4xx_HAL_Driver/Src/stm32f4xx_hal_gpio.c -o build/stm32f4xx_hal_gpio.o
arm-none-eabi-gcc -c -mcpu=cortex-m4 -mthumb -mfpu=fpv4-sp-d16 -mfloat-abi=hard -DUSE_HAL_DRIVER -DUSE_FULL_ASSERT -DSTM32F411xE -DDAC_PCM5102A -Isrc -Idrivers/BSP -Idrivers/usb/Core/Inc -Idrivers/usb/Class/AUDIO/Inc -Idrivers/CMSIS/Device/ST/STM32F4xx/Include -Idrivers/CMSIS/Include -Idrivers/STM32F4xx_HAL_Driver/Inc -Idrivers/STM32F4xx_HAL_Driver/Inc/Legacy -O2 -Wall -fdata-sections -ffunction-sections -MMD -MP -MF"build/stm32f4xx_hal_dma_ex.d" -Wa,-a,-ad,-alms=./build/stm32f4xx_hal_dma_ex.lst drivers/STM32F4xx_HAL_Driver/Src/stm32f4xx_hal_dma_ex.c -o build/stm32f4xx_hal_dma_ex.o
arm-none-eabi-gcc -c -mcpu=cortex-m4 -mthumb -mfpu=fpv4-sp-d16 -mfloat-abi=hard -DUSE_HAL_DRIVER -DUSE_FULL_ASSERT -DSTM32F411xE -DDAC_PCM5102A -Isrc -Idrivers/BSP -Idrivers/usb/Core/Inc -Idrivers/usb/Class/AUDIO/Inc -Idrivers/CMSIS/Device/ST/STM32F4xx/Include -Idrivers/CMSIS/Include -Idrivers/STM32F4xx_HAL_Driver/Inc -Idrivers/STM32F4xx_HAL_Driver/Inc/Legacy -O2 -Wall -fdata-sections -ffunction-sections -MMD -MP -MF"build/stm32f4xx_hal_dma.d" -Wa,-a,-ad,-alms=./build/stm32f4xx_hal_dma.lst drivers/STM32F4xx_HAL_Driver/Src/stm32f4xx_hal_dma.c -o build/stm32f4xx_hal_dma.o
arm-none-eabi-gcc -c -mcpu=cortex-m4 -mthumb -mfpu=fpv4-sp-d16 -mfloat-abi=hard -DUSE_HAL_DRIVER -DUSE_FULL_ASSERT -DSTM32F411xE -DDAC_PCM5102A -Isrc -Idrivers/BSP -Idrivers/usb/Core/Inc -Idrivers/usb/Class/AUDIO/Inc -Idrivers/CMSIS/Device/ST/STM32F4xx/Include -Idrivers/CMSIS/Include -Idrivers/STM32F4xx_HAL_Driver/Inc -Idrivers/STM32F4xx_HAL_Driver/Inc/Legacy -O2 -Wall -fdata-sections -ffunction-sections -MMD -MP -MF"build/stm32f4xx_hal_pwr.d" -Wa,-a,-ad,-alms=./build/stm32f4xx_hal_pwr.lst drivers/STM32F4xx_HAL_Driver/Src/stm32f4xx_hal_pwr.c -o build/stm32f4xx_hal_pwr.o
arm-none-eabi-gcc -c -mcpu=cortex-m4 -mthumb -mfpu=fpv4-sp-d16 -mfloat-abi=hard -DUSE_HAL_DRIVER -DUSE_FULL_ASSERT -DSTM32F411xE -DDAC_PCM5102A -Isrc -Idrivers/BSP -Idrivers/usb/Core/Inc -Idrivers/usb/Class/AUDIO/Inc -Idrivers/CMSIS/Device/ST/STM32F4xx/Include -Idrivers/CMSIS/Include -Idrivers/STM32F4xx_HAL_Driver/Inc -Idrivers/STM32F4xx_HAL_Driver/Inc/Legacy -O2 -Wall -fdata-sections -ffunction-sections -MMD -MP -MF"build/stm32f4xx_hal_uart.d" -Wa,-a,-ad,-alms=./build/stm32f4xx_hal_uart.lst drivers/STM32F4xx_HAL_Driver/Src/stm32f4xx_hal_uart.c -o build/stm32f4xx_hal_uart.o
arm-none-eabi-gcc -c -mcpu=cortex-m4 -mthumb -mfpu=fpv4-sp-d16 -mfloat-abi=hard -DUSE_HAL_DRIVER -DUSE_FULL_ASSERT -DSTM32F411xE -DDAC_PCM5102A -Isrc -Idrivers/BSP -Idrivers/usb/Core/Inc -Idrivers/usb/Class/AUDIO/Inc -Idrivers/CMSIS/Device/ST/STM32F4xx/Include -Idrivers/CMSIS/Include -Idrivers/STM32F4xx_HAL_Driver/Inc -Idrivers/STM32F4xx_HAL_Driver/Inc/Legacy -O2 -Wall -fdata-sections -ffunction-sections -MMD -MP -MF"build/stm32f4xx_hal_pwr_ex.d" -Wa,-a,-ad,-alms=./build/stm32f4xx_hal_pwr_ex.lst drivers/STM32F4xx_HAL_Driver/Src/stm32f4xx_hal_pwr_ex.c -o build/stm32f4xx_hal_pwr_ex.o
arm-none-eabi-gcc -c -mcpu=cortex-m4 -mthumb -mfpu=fpv4-sp-d16 -mfloat-abi=hard -DUSE_HAL_DRIVER -DUSE_FULL_ASSERT -DSTM32F411xE -DDAC_PCM5102A -Isrc -Idrivers/BSP -Idrivers/usb/Core/Inc -Idrivers/usb/Class/AUDIO/Inc -Idrivers/CMSIS/Device/ST/STM32F4xx/Include -Idrivers/CMSIS/Include -Idrivers/STM32F4xx_HAL_Driver/Inc -Idrivers/STM32F4xx_HAL_Driver/Inc/Legacy -O2 -Wall -fdata-sections -ffunction-sections -MMD -MP -MF"build/stm32f4xx_hal_cortex.d" -Wa,-a,-ad,-alms=./build/stm32f4xx_hal_cortex.lst drivers/STM32F4xx_HAL_Driver/Src/stm32f4xx_hal_cortex.c -o build/stm32f4xx_hal_cortex.o
arm-none-eabi-gcc -c -mcpu=cortex-m4 -mthumb -mfpu=fpv4-sp-d16 -mfloat-abi=hard -DUSE_HAL_DRIVER -DUSE_FULL_ASSERT -DSTM32F411xE -DDAC_PCM5102A -Isrc -Idrivers/BSP -Idrivers/usb/Core/Inc -Idrivers/usb/Class/AUDIO/Inc -Idrivers/CMSIS/Device/ST/STM32F4xx/Include -Idrivers/CMSIS/Include -Idrivers/STM32F4xx_HAL_Driver/Inc -Idrivers/STM32F4xx_HAL_Driver/Inc/Legacy -O2 -Wall -fdata-sections -ffunction-sections -MMD -MP -MF"build/stm32f4xx_hal.d" -Wa,-a,-ad,-alms=./build/stm32f4xx_hal.lst drivers/STM32F4xx_HAL_Driver/Src/stm32f4xx_hal.c -o build/stm32f4xx_hal.o
arm-none-eabi-gcc -c -mcpu=cortex-m4 -mthumb -mfpu=fpv4-sp-d16 -mfloat-abi=hard -DUSE_HAL_DRIVER -DUSE_FULL_ASSERT -DSTM32F411xE -DDAC_PCM5102A -Isrc -Idrivers/BSP -Idrivers/usb/Core/Inc -Idrivers/usb/Class/AUDIO/Inc -Idrivers/CMSIS/Device/ST/STM32F4xx/Include -Idrivers/CMSIS/Include -Idrivers/STM32F4xx_HAL_Driver/Inc -Idrivers/STM32F4xx_HAL_Driver/Inc/Legacy -O2 -Wall -fdata-sections -ffunction-sections -MMD -MP -MF"build/stm32f4xx_hal_exti.d" -Wa,-a,-ad,-alms=./build/stm32f4xx_hal_exti.lst drivers/STM32F4xx_HAL_Driver/Src/stm32f4xx_hal_exti.c -o build/stm32f4xx_hal_exti.o
arm-none-eabi-gcc -x assembler-with-cpp -c -mcpu=cortex-m4 -mthumb -mfpu=fpv4-sp-d16 -mfloat-abi=hard -DUSE_HAL_DRIVER -DUSE_FULL_ASSERT -DSTM32F411xE -DDAC_PCM5102A -Isrc -Idrivers/BSP -Idrivers/usb/Core/Inc -Idrivers/usb/Class/AUDIO/Inc -Idrivers/CMSIS/Device/ST/STM32F4xx/Include -Idrivers/CMSIS/Include -Idrivers/STM32F4xx_HAL_Driver/Inc -Idrivers/STM32F4xx_HAL_Driver/Inc/Legacy -O2 -Wall -fdata-sections -ffunction-sections -MMD -MP -MF"build/startup_stm32f411ceux.d" startup_stm32f411ceux.s -o build/startup_stm32f411ceux.o
arm-none-eabi-gcc ./build/main.o ./build/usart.o ./build/usbd_conf.o ./build/usbd_desc.o ./build/usbd_audio_if.o ./build/stm32f4xx_it.o ./build/system_stm32f4xx.o ./build/usbd_core.o ./build/usbd_ctlreq.o ./build/usbd_ioreq.o ./build/usbd_audio.o ./build/bsp_misc.o ./build/bsp_audio.o ./build/stm32f4xx_hal_pcd.o ./build/stm32f4xx_hal_pcd_ex.o ./build/stm32f4xx_ll_usb.o ./build/stm32f4xx_hal_i2s.o ./build/stm32f4xx_hal_i2s_ex.o ./build/stm32f4xx_hal_tim.o ./build/stm32f4xx_hal_tim_ex.o ./build/stm32f4xx_hal_rcc.o ./build/stm32f4xx_hal_rcc_ex.o ./build/stm32f4xx_hal_flash.o ./build/stm32f4xx_hal_flash_ex.o ./build/stm32f4xx_hal_flash_ramfunc.o ./build/stm32f4xx_hal_gpio.o ./build/stm32f4xx_hal_dma_ex.o ./build/stm32f4xx_hal_dma.o ./build/stm32f4xx_hal_pwr.o ./build/stm32f4xx_hal_uart.o ./build/stm32f4xx_hal_pwr_ex.o ./build/stm32f4xx_hal_cortex.o ./build/stm32f4xx_hal.o ./build/stm32f4xx_hal_exti.o ./build/startup_stm32f411ceux.o -mcpu=cortex-m4 -mthumb -mfpu=fpv4-sp-d16 -mfloat-abi=hard -specs=nano.specs  -u _printf_float -TSTM32F411CEUX_FLASH.ld  -lc -lm -lnosys  -Wl,-Map=./build/usb_audio_i2s.map,--cref -Wl,--gc-sections -o build/usb_audio_i2s.elf
C:/ST/STM32CubeIDE_1.19.0/STM32CubeIDE/plugins/com.st.stm32cube.ide.mcu.externaltools.gnu-tools-for-stm32.13.3.rel1.win32_1.0.0.202411081344/tools/bin/../lib/gcc/arm-none-eabi/13.3.1/../../../../arm-none-eabi/bin/ld.exe: C:/ST/STM32CubeIDE_1.19.0/STM32CubeIDE/plugins/com.st.stm32cube.ide.mcu.externaltools.gnu-tools-for-stm32.13.3.rel1.win32_1.0.0.202411081344/tools/bin/../lib/gcc/arm-none-eabi/13.3.1/../../../../arm-none-eabi/lib/thumb/v7e-m+fp/hard\libc_nano.a(libc_a-closer.o): in function `_close_r':
(.text._close_r+0xc): warning: _close is not implemented and will always fail
C:/ST/STM32CubeIDE_1.19.0/STM32CubeIDE/plugins/com.st.stm32cube.ide.mcu.externaltools.gnu-tools-for-stm32.13.3.rel1.win32_1.0.0.202411081344/tools/bin/../lib/gcc/arm-none-eabi/13.3.1/../../../../arm-none-eabi/bin/ld.exe: C:/ST/STM32CubeIDE_1.19.0/STM32CubeIDE/plugins/com.st.stm32cube.ide.mcu.externaltools.gnu-tools-for-stm32.13.3.rel1.win32_1.0.0.202411081344/tools/bin/../lib/gcc/arm-none-eabi/13.3.1/../../../../arm-none-eabi/lib/thumb/v7e-m+fp/hard\libc_nano.a(libc_a-closer.o): note: the message above does not take linker garbage collection into account
C:/ST/STM32CubeIDE_1.19.0/STM32CubeIDE/plugins/com.st.stm32cube.ide.mcu.externaltools.gnu-tools-for-stm32.13.3.rel1.win32_1.0.0.202411081344/tools/bin/../lib/gcc/arm-none-eabi/13.3.1/../../../../arm-none-eabi/bin/ld.exe: C:/ST/STM32CubeIDE_1.19.0/STM32CubeIDE/plugins/com.st.stm32cube.ide.mcu.externaltools.gnu-tools-for-stm32.13.3.rel1.win32_1.0.0.202411081344/tools/bin/../lib/gcc/arm-none-eabi/13.3.1/../../../../arm-none-eabi/lib/thumb/v7e-m+fp/hard\libc_nano.a(libc_a-fstatr.o): in function `_fstat_r':
(.text._fstat_r+0xe): warning: _fstat is not implemented and will always fail
C:/ST/STM32CubeIDE_1.19.0/STM32CubeIDE/plugins/com.st.stm32cube.ide.mcu.externaltools.gnu-tools-for-stm32.13.3.rel1.win32_1.0.0.202411081344/tools/bin/../lib/gcc/arm-none-eabi/13.3.1/../../../../arm-none-eabi/bin/ld.exe: C:/ST/STM32CubeIDE_1.19.0/STM32CubeIDE/plugins/com.st.stm32cube.ide.mcu.externaltools.gnu-tools-for-stm32.13.3.rel1.win32_1.0.0.202411081344/tools/bin/../lib/gcc/arm-none-eabi/13.3.1/../../../../arm-none-eabi/lib/thumb/v7e-m+fp/hard\libc_nano.a(libc_a-fstatr.o): note: the message above does not take linker garbage collection into account
C:/ST/STM32CubeIDE_1.19.0/STM32CubeIDE/plugins/com.st.stm32cube.ide.mcu.externaltools.gnu-tools-for-stm32.13.3.rel1.win32_1.0.0.202411081344/tools/bin/../lib/gcc/arm-none-eabi/13.3.1/../../../../arm-none-eabi/bin/ld.exe: C:/ST/STM32CubeIDE_1.19.0/STM32CubeIDE/plugins/com.st.stm32cube.ide.mcu.externaltools.gnu-tools-for-stm32.13.3.rel1.win32_1.0.0.202411081344/tools/bin/../lib/gcc/arm-none-eabi/13.3.1/../../../../arm-none-eabi/lib/thumb/v7e-m+fp/hard\libc_nano.a(libc_a-signalr.o): in function `_getpid_r':
(.text._getpid_r+0x0): warning: _getpid is not implemented and will always fail
C:/ST/STM32CubeIDE_1.19.0/STM32CubeIDE/plugins/com.st.stm32cube.ide.mcu.externaltools.gnu-tools-for-stm32.13.3.rel1.win32_1.0.0.202411081344/tools/bin/../lib/gcc/arm-none-eabi/13.3.1/../../../../arm-none-eabi/bin/ld.exe: C:/ST/STM32CubeIDE_1.19.0/STM32CubeIDE/plugins/com.st.stm32cube.ide.mcu.externaltools.gnu-tools-for-stm32.13.3.rel1.win32_1.0.0.202411081344/tools/bin/../lib/gcc/arm-none-eabi/13.3.1/../../../../arm-none-eabi/lib/thumb/v7e-m+fp/hard\libc_nano.a(libc_a-signalr.o): note: the message above does not take linker garbage collection into account
C:/ST/STM32CubeIDE_1.19.0/STM32CubeIDE/plugins/com.st.stm32cube.ide.mcu.externaltools.gnu-tools-for-stm32.13.3.rel1.win32_1.0.0.202411081344/tools/bin/../lib/gcc/arm-none-eabi/13.3.1/../../../../arm-none-eabi/bin/ld.exe: C:/ST/STM32CubeIDE_1.19.0/STM32CubeIDE/plugins/com.st.stm32cube.ide.mcu.externaltools.gnu-tools-for-stm32.13.3.rel1.win32_1.0.0.202411081344/tools/bin/../lib/gcc/arm-none-eabi/13.3.1/../../../../arm-none-eabi/lib/thumb/v7e-m+fp/hard\libc_nano.a(libc_a-isattyr.o): in function `_isatty_r':
(.text._isatty_r+0xc): warning: _isatty is not implemented and will always fail
C:/ST/STM32CubeIDE_1.19.0/STM32CubeIDE/plugins/com.st.stm32cube.ide.mcu.externaltools.gnu-tools-for-stm32.13.3.rel1.win32_1.0.0.202411081344/tools/bin/../lib/gcc/arm-none-eabi/13.3.1/../../../../arm-none-eabi/bin/ld.exe: C:/ST/STM32CubeIDE_1.19.0/STM32CubeIDE/plugins/com.st.stm32cube.ide.mcu.externaltools.gnu-tools-for-stm32.13.3.rel1.win32_1.0.0.202411081344/tools/bin/../lib/gcc/arm-none-eabi/13.3.1/../../../../arm-none-eabi/lib/thumb/v7e-m+fp/hard\libc_nano.a(libc_a-isattyr.o): note: the message above does not take linker garbage collection into account
C:/ST/STM32CubeIDE_1.19.0/STM32CubeIDE/plugins/com.st.stm32cube.ide.mcu.externaltools.gnu-tools-for-stm32.13.3.rel1.win32_1.0.0.202411081344/tools/bin/../lib/gcc/arm-none-eabi/13.3.1/../../../../arm-none-eabi/bin/ld.exe: C:/ST/STM32CubeIDE_1.19.0/STM32CubeIDE/plugins/com.st.stm32cube.ide.mcu.externaltools.gnu-tools-for-stm32.13.3.rel1.win32_1.0.0.202411081344/tools/bin/../lib/gcc/arm-none-eabi/13.3.1/../../../../arm-none-eabi/lib/thumb/v7e-m+fp/hard\libc_nano.a(libc_a-signalr.o): in function `_kill_r':
(.text._kill_r+0xe): warning: _kill is not implemented and will always fail
C:/ST/STM32CubeIDE_1.19.0/STM32CubeIDE/plugins/com.st.stm32cube.ide.mcu.externaltools.gnu-tools-for-stm32.13.3.rel1.win32_1.0.0.202411081344/tools/bin/../lib/gcc/arm-none-eabi/13.3.1/../../../../arm-none-eabi/bin/ld.exe: C:/ST/STM32CubeIDE_1.19.0/STM32CubeIDE/plugins/com.st.stm32cube.ide.mcu.externaltools.gnu-tools-for-stm32.13.3.rel1.win32_1.0.0.202411081344/tools/bin/../lib/gcc/arm-none-eabi/13.3.1/../../../../arm-none-eabi/lib/thumb/v7e-m+fp/hard\libc_nano.a(libc_a-signalr.o): note: the message above does not take linker garbage collection into account
C:/ST/STM32CubeIDE_1.19.0/STM32CubeIDE/plugins/com.st.stm32cube.ide.mcu.externaltools.gnu-tools-for-stm32.13.3.rel1.win32_1.0.0.202411081344/tools/bin/../lib/gcc/arm-none-eabi/13.3.1/../../../../arm-none-eabi/bin/ld.exe: C:/ST/STM32CubeIDE_1.19.0/STM32CubeIDE/plugins/com.st.stm32cube.ide.mcu.externaltools.gnu-tools-for-stm32.13.3.rel1.win32_1.0.0.202411081344/tools/bin/../lib/gcc/arm-none-eabi/13.3.1/../../../../arm-none-eabi/lib/thumb/v7e-m+fp/hard\libc_nano.a(libc_a-lseekr.o): in function `_lseek_r':
(.text._lseek_r+0x10): warning: _lseek is not implemented and will always fail
C:/ST/STM32CubeIDE_1.19.0/STM32CubeIDE/plugins/com.st.stm32cube.ide.mcu.externaltools.gnu-tools-for-stm32.13.3.rel1.win32_1.0.0.202411081344/tools/bin/../lib/gcc/arm-none-eabi/13.3.1/../../../../arm-none-eabi/bin/ld.exe: C:/ST/STM32CubeIDE_1.19.0/STM32CubeIDE/plugins/com.st.stm32cube.ide.mcu.externaltools.gnu-tools-for-stm32.13.3.rel1.win32_1.0.0.202411081344/tools/bin/../lib/gcc/arm-none-eabi/13.3.1/../../../../arm-none-eabi/lib/thumb/v7e-m+fp/hard\libc_nano.a(libc_a-lseekr.o): note: the message above does not take linker garbage collection into account
C:/ST/STM32CubeIDE_1.19.0/STM32CubeIDE/plugins/com.st.stm32cube.ide.mcu.externaltools.gnu-tools-for-stm32.13.3.rel1.win32_1.0.0.202411081344/tools/bin/../lib/gcc/arm-none-eabi/13.3.1/../../../../arm-none-eabi/bin/ld.exe: C:/ST/STM32CubeIDE_1.19.0/STM32CubeIDE/plugins/com.st.stm32cube.ide.mcu.externaltools.gnu-tools-for-stm32.13.3.rel1.win32_1.0.0.202411081344/tools/bin/../lib/gcc/arm-none-eabi/13.3.1/../../../../arm-none-eabi/lib/thumb/v7e-m+fp/hard\libc_nano.a(libc_a-readr.o): in function `_read_r':
C:/ST/STM32CubeIDE_1.19.0/STM32CubeIDE/plugins/com.st.stm32cube.ide.mcu.externaltools.gnu-tools-for-stm32.13.3.rel1.win32_1.0.0.202411081344/tools/bin/../lib/gcc/arm-none-eabi/13.3.1/../../../../arm-none-eabi/bin/ld.exe: C:/ST/STM32CubeIDE_1.19.0/STM32CubeIDE/plugins/com.st.stm32cube.ide.mcu.externaltools.gnu-tools-for-stm32.13.3.rel1.win32_1.0.0.202411081344/tools/bin/../lib/gcc/arm-none-eabi/13.3.1/../../../../arm-none-eabi/lib/thumb/v7e-m+fp/hard\libc_nano.a(libc_a-readr.o): note: the message above does not take linker garbage collection into account
(.text._read_r+0x10): warning: _read is not implemented and will always fail
C:/ST/STM32CubeIDE_1.19.0/STM32CubeIDE/plugins/com.st.stm32cube.ide.mcu.externaltools.gnu-tools-for-stm32.13.3.rel1.win32_1.0.0.202411081344/tools/bin/../lib/gcc/arm-none-eabi/13.3.1/../../../../arm-none-eabi/bin/ld.exe: C:/ST/STM32CubeIDE_1.19.0/STM32CubeIDE/plugins/com.st.stm32cube.ide.mcu.externaltools.gnu-tools-for-stm32.13.3.rel1.win32_1.0.0.202411081344/tools/bin/../lib/gcc/arm-none-eabi/13.3.1/../../../../arm-none-eabi/lib/thumb/v7e-m+fp/hard\libc_nano.a(libc_a-writer.o): in function `_write_r':
(.text._write_r+0x10): warning: _write is not implemented and will always fail
C:/ST/STM32CubeIDE_1.19.0/STM32CubeIDE/plugins/com.st.stm32cube.ide.mcu.externaltools.gnu-tools-for-stm32.13.3.rel1.win32_1.0.0.202411081344/tools/bin/../lib/gcc/arm-none-eabi/13.3.1/../../../../arm-none-eabi/bin/ld.exe: C:/ST/STM32CubeIDE_1.19.0/STM32CubeIDE/plugins/com.st.stm32cube.ide.mcu.externaltools.gnu-tools-for-stm32.13.3.rel1.win32_1.0.0.202411081344/tools/bin/../lib/gcc/arm-none-eabi/13.3.1/../../../../arm-none-eabi/lib/thumb/v7e-m+fp/hard\libc_nano.a(libc_a-writer.o): note: the message above does not take linker garbage collection into account
arm-none-eabi-size build/usb_audio_i2s.elf
   text	   data	    bss	    dec	    hex	filename
  38616	    800	   5160	  44576	   ae20	build/usb_audio_i2s.elf
arm-none-eabi-objcopy -O ihex build/usb_audio_i2s.elf build/usb_audio_i2s.hex
arm-none-eabi-objcopy -O binary -S build/usb_audio_i2s.elf build/usb_audio_i2s.bin	
10:23:25 **** Incremental Build of configuration Debug for project USB_Audio_DAC ****
make -j12 all 
arm-none-eabi-gcc "../USB_DEVICE/Target/usbd_conf.c" -mcpu=cortex-m4 -std=gnu11 -g3 -DDEBUG -DUSE_HAL_DRIVER -DSTM32F411xE -c -I../Core/Inc -I../Drivers/STM32F4xx_HAL_Driver/Inc -I../Drivers/STM32F4xx_HAL_Driver/Inc/Legacy -I../Drivers/CMSIS/Device/ST/STM32F4xx/Include -I../Drivers/CMSIS/Include -I../USB_DEVICE/App -I../USB_DEVICE/Target -I../Middlewares/ST/STM32_USB_Device_Library/Core/Inc -I../Middlewares/ST/STM32_USB_Device_Library/Class/AUDIO/Inc -O0 -ffunction-sections -fdata-sections -Wall -fstack-usage -fcyclomatic-complexity -MMD -MP -MF"USB_DEVICE/Target/usbd_conf.d" -MT"USB_DEVICE/Target/usbd_conf.o" --specs=nano.specs -mfpu=fpv4-sp-d16 -mfloat-abi=hard -mthumb -o "USB_DEVICE/Target/usbd_conf.o"
arm-none-eabi-gcc "../USB_DEVICE/App/usb_device.c" -mcpu=cortex-m4 -std=gnu11 -g3 -DDEBUG -DUSE_HAL_DRIVER -DSTM32F411xE -c -I../Core/Inc -I../Drivers/STM32F4xx_HAL_Driver/Inc -I../Drivers/STM32F4xx_HAL_Driver/Inc/Legacy -I../Drivers/CMSIS/Device/ST/STM32F4xx/Include -I../Drivers/CMSIS/Include -I../USB_DEVICE/App -I../USB_DEVICE/Target -I../Middlewares/ST/STM32_USB_Device_Library/Core/Inc -I../Middlewares/ST/STM32_USB_Device_Library/Class/AUDIO/Inc -O0 -ffunction-sections -fdata-sections -Wall -fstack-usage -fcyclomatic-complexity -MMD -MP -MF"USB_DEVICE/App/usb_device.d" -MT"USB_DEVICE/App/usb_device.o" --specs=nano.specs -mfpu=fpv4-sp-d16 -mfloat-abi=hard -mthumb -o "USB_DEVICE/App/usb_device.o"
arm-none-eabi-gcc "../USB_DEVICE/App/usbd_audio_if.c" -mcpu=cortex-m4 -std=gnu11 -g3 -DDEBUG -DUSE_HAL_DRIVER -DSTM32F411xE -c -I../Core/Inc -I../Drivers/STM32F4xx_HAL_Driver/Inc -I../Drivers/STM32F4xx_HAL_Driver/Inc/Legacy -I../Drivers/CMSIS/Device/ST/STM32F4xx/Include -I../Drivers/CMSIS/Include -I../USB_DEVICE/App -I../USB_DEVICE/Target -I../Middlewares/ST/STM32_USB_Device_Library/Core/Inc -I../Middlewares/ST/STM32_USB_Device_Library/Class/AUDIO/Inc -O0 -ffunction-sections -fdata-sections -Wall -fstack-usage -fcyclomatic-complexity -MMD -MP -MF"USB_DEVICE/App/usbd_audio_if.d" -MT"USB_DEVICE/App/usbd_audio_if.o" --specs=nano.specs -mfpu=fpv4-sp-d16 -mfloat-abi=hard -mthumb -o "USB_DEVICE/App/usbd_audio_if.o"
arm-none-eabi-gcc "../USB_DEVICE/App/usbd_desc.c" -mcpu=cortex-m4 -std=gnu11 -g3 -DDEBUG -DUSE_HAL_DRIVER -DSTM32F411xE -c -I../Core/Inc -I../Drivers/STM32F4xx_HAL_Driver/Inc -I../Drivers/STM32F4xx_HAL_Driver/Inc/Legacy -I../Drivers/CMSIS/Device/ST/STM32F4xx/Include -I../Drivers/CMSIS/Include -I../USB_DEVICE/App -I../USB_DEVICE/Target -I../Middlewares/ST/STM32_USB_Device_Library/Core/Inc -I../Middlewares/ST/STM32_USB_Device_Library/Class/AUDIO/Inc -O0 -ffunction-sections -fdata-sections -Wall -fstack-usage -fcyclomatic-complexity -MMD -MP -MF"USB_DEVICE/App/usbd_desc.d" -MT"USB_DEVICE/App/usbd_desc.o" --specs=nano.specs -mfpu=fpv4-sp-d16 -mfloat-abi=hard -mthumb -o "USB_DEVICE/App/usbd_desc.o"
arm-none-eabi-gcc "../Middlewares/ST/STM32_USB_Device_Library/Core/Src/usbd_core.c" -mcpu=cortex-m4 -std=gnu11 -g3 -DDEBUG -DUSE_HAL_DRIVER -DSTM32F411xE -c -I../Core/Inc -I../Drivers/STM32F4xx_HAL_Driver/Inc -I../Drivers/STM32F4xx_HAL_Driver/Inc/Legacy -I../Drivers/CMSIS/Device/ST/STM32F4xx/Include -I../Drivers/CMSIS/Include -I../USB_DEVICE/App -I../USB_DEVICE/Target -I../Middlewares/ST/STM32_USB_Device_Library/Core/Inc -I../Middlewares/ST/STM32_USB_Device_Library/Class/AUDIO/Inc -O0 -ffunction-sections -fdata-sections -Wall -fstack-usage -fcyclomatic-complexity -MMD -MP -MF"Middlewares/ST/STM32_USB_Device_Library/Core/Src/usbd_core.d" -MT"Middlewares/ST/STM32_USB_Device_Library/Core/Src/usbd_core.o" --specs=nano.specs -mfpu=fpv4-sp-d16 -mfloat-abi=hard -mthumb -o "Middlewares/ST/STM32_USB_Device_Library/Core/Src/usbd_core.o"
arm-none-eabi-gcc "../Middlewares/ST/STM32_USB_Device_Library/Core/Src/usbd_ctlreq.c" -mcpu=cortex-m4 -std=gnu11 -g3 -DDEBUG -DUSE_HAL_DRIVER -DSTM32F411xE -c -I../Core/Inc -I../Drivers/STM32F4xx_HAL_Driver/Inc -I../Drivers/STM32F4xx_HAL_Driver/Inc/Legacy -I../Drivers/CMSIS/Device/ST/STM32F4xx/Include -I../Drivers/CMSIS/Include -I../USB_DEVICE/App -I../USB_DEVICE/Target -I../Middlewares/ST/STM32_USB_Device_Library/Core/Inc -I../Middlewares/ST/STM32_USB_Device_Library/Class/AUDIO/Inc -O0 -ffunction-sections -fdata-sections -Wall -fstack-usage -fcyclomatic-complexity -MMD -MP -MF"Middlewares/ST/STM32_USB_Device_Library/Core/Src/usbd_ctlreq.d" -MT"Middlewares/ST/STM32_USB_Device_Library/Core/Src/usbd_ctlreq.o" --specs=nano.specs -mfpu=fpv4-sp-d16 -mfloat-abi=hard -mthumb -o "Middlewares/ST/STM32_USB_Device_Library/Core/Src/usbd_ctlreq.o"
arm-none-eabi-gcc "../Middlewares/ST/STM32_USB_Device_Library/Core/Src/usbd_ioreq.c" -mcpu=cortex-m4 -std=gnu11 -g3 -DDEBUG -DUSE_HAL_DRIVER -DSTM32F411xE -c -I../Core/Inc -I../Drivers/STM32F4xx_HAL_Driver/Inc -I../Drivers/STM32F4xx_HAL_Driver/Inc/Legacy -I../Drivers/CMSIS/Device/ST/STM32F4xx/Include -I../Drivers/CMSIS/Include -I../USB_DEVICE/App -I../USB_DEVICE/Target -I../Middlewares/ST/STM32_USB_Device_Library/Core/Inc -I../Middlewares/ST/STM32_USB_Device_Library/Class/AUDIO/Inc -O0 -ffunction-sections -fdata-sections -Wall -fstack-usage -fcyclomatic-complexity -MMD -MP -MF"Middlewares/ST/STM32_USB_Device_Library/Core/Src/usbd_ioreq.d" -MT"Middlewares/ST/STM32_USB_Device_Library/Core/Src/usbd_ioreq.o" --specs=nano.specs -mfpu=fpv4-sp-d16 -mfloat-abi=hard -mthumb -o "Middlewares/ST/STM32_USB_Device_Library/Core/Src/usbd_ioreq.o"
arm-none-eabi-gcc "../Middlewares/ST/STM32_USB_Device_Library/Class/AUDIO/Src/usbd_audio.c" -mcpu=cortex-m4 -std=gnu11 -g3 -DDEBUG -DUSE_HAL_DRIVER -DSTM32F411xE -c -I../Core/Inc -I../Drivers/STM32F4xx_HAL_Driver/Inc -I../Drivers/STM32F4xx_HAL_Driver/Inc/Legacy -I../Drivers/CMSIS/Device/ST/STM32F4xx/Include -I../Drivers/CMSIS/Include -I../USB_DEVICE/App -I../USB_DEVICE/Target -I../Middlewares/ST/STM32_USB_Device_Library/Core/Inc -I../Middlewares/ST/STM32_USB_Device_Library/Class/AUDIO/Inc -O0 -ffunction-sections -fdata-sections -Wall -fstack-usage -fcyclomatic-complexity -MMD -MP -MF"Middlewares/ST/STM32_USB_Device_Library/Class/AUDIO/Src/usbd_audio.d" -MT"Middlewares/ST/STM32_USB_Device_Library/Class/AUDIO/Src/usbd_audio.o" --specs=nano.specs -mfpu=fpv4-sp-d16 -mfloat-abi=hard -mthumb -o "Middlewares/ST/STM32_USB_Device_Library/Class/AUDIO/Src/usbd_audio.o"
arm-none-eabi-gcc "../Drivers/STM32F4xx_HAL_Driver/Src/stm32f4xx_hal.c" -mcpu=cortex-m4 -std=gnu11 -g3 -DDEBUG -DUSE_HAL_DRIVER -DSTM32F411xE -c -I../Core/Inc -I../Drivers/STM32F4xx_HAL_Driver/Inc -I../Drivers/STM32F4xx_HAL_Driver/Inc/Legacy -I../Drivers/CMSIS/Device/ST/STM32F4xx/Include -I../Drivers/CMSIS/Include -I../USB_DEVICE/App -I../USB_DEVICE/Target -I../Middlewares/ST/STM32_USB_Device_Library/Core/Inc -I../Middlewares/ST/STM32_USB_Device_Library/Class/AUDIO/Inc -O0 -ffunction-sections -fdata-sections -Wall -fstack-usage -fcyclomatic-complexity -MMD -MP -MF"Drivers/STM32F4xx_HAL_Driver/Src/stm32f4xx_hal.d" -MT"Drivers/STM32F4xx_HAL_Driver/Src/stm32f4xx_hal.o" --specs=nano.specs -mfpu=fpv4-sp-d16 -mfloat-abi=hard -mthumb -o "Drivers/STM32F4xx_HAL_Driver/Src/stm32f4xx_hal.o"
arm-none-eabi-gcc "../Drivers/STM32F4xx_HAL_Driver/Src/stm32f4xx_hal_cortex.c" -mcpu=cortex-m4 -std=gnu11 -g3 -DDEBUG -DUSE_HAL_DRIVER -DSTM32F411xE -c -I../Core/Inc -I../Drivers/STM32F4xx_HAL_Driver/Inc -I../Drivers/STM32F4xx_HAL_Driver/Inc/Legacy -I../Drivers/CMSIS/Device/ST/STM32F4xx/Include -I../Drivers/CMSIS/Include -I../USB_DEVICE/App -I../USB_DEVICE/Target -I../Middlewares/ST/STM32_USB_Device_Library/Core/Inc -I../Middlewares/ST/STM32_USB_Device_Library/Class/AUDIO/Inc -O0 -ffunction-sections -fdata-sections -Wall -fstack-usage -fcyclomatic-complexity -MMD -MP -MF"Drivers/STM32F4xx_HAL_Driver/Src/stm32f4xx_hal_cortex.d" -MT"Drivers/STM32F4xx_HAL_Driver/Src/stm32f4xx_hal_cortex.o" --specs=nano.specs -mfpu=fpv4-sp-d16 -mfloat-abi=hard -mthumb -o "Drivers/STM32F4xx_HAL_Driver/Src/stm32f4xx_hal_cortex.o"
arm-none-eabi-gcc "../Drivers/STM32F4xx_HAL_Driver/Src/stm32f4xx_hal_dma.c" -mcpu=cortex-m4 -std=gnu11 -g3 -DDEBUG -DUSE_HAL_DRIVER -DSTM32F411xE -c -I../Core/Inc -I../Drivers/STM32F4xx_HAL_Driver/Inc -I../Drivers/STM32F4xx_HAL_Driver/Inc/Legacy -I../Drivers/CMSIS/Device/ST/STM32F4xx/Include -I../Drivers/CMSIS/Include -I../USB_DEVICE/App -I../USB_DEVICE/Target -I../Middlewares/ST/STM32_USB_Device_Library/Core/Inc -I../Middlewares/ST/STM32_USB_Device_Library/Class/AUDIO/Inc -O0 -ffunction-sections -fdata-sections -Wall -fstack-usage -fcyclomatic-complexity -MMD -MP -MF"Drivers/STM32F4xx_HAL_Driver/Src/stm32f4xx_hal_dma.d" -MT"Drivers/STM32F4xx_HAL_Driver/Src/stm32f4xx_hal_dma.o" --specs=nano.specs -mfpu=fpv4-sp-d16 -mfloat-abi=hard -mthumb -o "Drivers/STM32F4xx_HAL_Driver/Src/stm32f4xx_hal_dma.o"
arm-none-eabi-gcc "../Drivers/STM32F4xx_HAL_Driver/Src/stm32f4xx_hal_dma_ex.c" -mcpu=cortex-m4 -std=gnu11 -g3 -DDEBUG -DUSE_HAL_DRIVER -DSTM32F411xE -c -I../Core/Inc -I../Drivers/STM32F4xx_HAL_Driver/Inc -I../Drivers/STM32F4xx_HAL_Driver/Inc/Legacy -I../Drivers/CMSIS/Device/ST/STM32F4xx/Include -I../Drivers/CMSIS/Include -I../USB_DEVICE/App -I../USB_DEVICE/Target -I../Middlewares/ST/STM32_USB_Device_Library/Core/Inc -I../Middlewares/ST/STM32_USB_Device_Library/Class/AUDIO/Inc -O0 -ffunction-sections -fdata-sections -Wall -fstack-usage -fcyclomatic-complexity -MMD -MP -MF"Drivers/STM32F4xx_HAL_Driver/Src/stm32f4xx_hal_dma_ex.d" -MT"Drivers/STM32F4xx_HAL_Driver/Src/stm32f4xx_hal_dma_ex.o" --specs=nano.specs -mfpu=fpv4-sp-d16 -mfloat-abi=hard -mthumb -o "Drivers/STM32F4xx_HAL_Driver/Src/stm32f4xx_hal_dma_ex.o"
../USB_DEVICE/App/usbd_audio_if.c:25:10: fatal error: bsp_audio.h: No such file or directory
   25 | #include "bsp_audio.h"
      |          ^~~~~~~~~~~~~
compilation terminated.
make: *** [USB_DEVICE/App/subdir.mk:25: USB_DEVICE/App/usbd_audio_if.o] Error 1
make: *** Waiting for unfinished jobs....
"make -j12 all" terminated with exit code 2. Build might be incomplete.
10:23:27 **** Incremental Build of configuration Debug for project blackpill_soundcard_hal ****
make -j12 all 
arm-none-eabi-size  blackpill_soundcard_hal.elf 
   text	   data	    bss	    dec	    hex	filename
  33296	    300	  18404	  52000	   cb20	blackpill_soundcard_hal.elf
Finished building: default.size.stdout
 
10:23:28 **** Incremental Build of configuration Debug for project blackpill_soundcard_ll ****
make -j12 all 
arm-none-eabi-size  blackpill_soundcard_ll.elf 
   text	   data	    bss	    dec	    hex	filename
   6528	      4	   1564	   8096	   1fa0	blackpill_soundcard_ll.elf
Finished building: default.size.stdout
 
10:23:28 **** Incremental Build of configuration Debug for project blackpill_soundcard_reg ****
make -j12 all 
arm-none-eabi-size  blackpill_soundcard_reg.elf 
   text	   data	    bss	    dec	    hex	filename
   6252	     12	   1580	   7844	   1ea4	blackpill_soundcard_reg.elf
Finished building: default.size.stdout
 
10:23:29 **** Incremental Build of configuration Debug for project dummy ****
make -j12 all 
arm-none-eabi-size  dummy.elf 
   text	   data	    bss	    dec	    hex	filename
   4748	     12	   1572	   6332	   18bc	dummy.elf
Finished building: default.size.stdout
 
10:23:30 **** Incremental Build of configuration Debug for project lcd_1602_no_spi ****
make -j12 all 
arm-none-eabi-size  lcd_1602_no_spi.elf 
   text	   data	    bss	    dec	    hex	filename
   6388	     12	   1572	   7972	   1f24	lcd_1602_no_spi.elf
Finished building: default.size.stdout
 
10:23:30 **** Incremental Build of configuration Debug for project sdcard_spi ****
make -j12 all 
arm-none-eabi-size  sdcard_spi.elf 
   text	   data	    bss	    dec	    hex	filename
  26580	     36	  10548	  37164	   912c	sdcard_spi.elf
Finished building: default.size.stdout
 
10:23:31 **** Incremental Build of configuration Debug for project soundcard_v1 (Steppe) ****
make -j12 all 
arm-none-eabi-size  soundcard_v1\ (Steppe).elf 
arm-none-eabi-objdump -h -S soundcard_v1\ (Steppe).elf  > "soundcard_v1 (Steppe).list"
c:/st/stm32cubeide_1.19.0/stm32cubeide/plugins/com.st.stm32cube.ide.mcu.externaltools.make.win32_2.2.0.202409170845/tools/bin/sh: syntax error: unexpected "("
make: *** [makefile:73: default.size.stdout] Error 2
make: *** Waiting for unfinished jobs....
c:/st/stm32cubeide_1.19.0/stm32cubeide/plugins/com.st.stm32cube.ide.mcu.externaltools.make.win32_2.2.0.202409170845/tools/bin/sh: syntax error: unexpected "("
make: *** [makefile:78: soundcard_v1 (Steppe).list] Error 2
"make -j12 all" terminated with exit code 2. Build might be incomplete.
10:23:37 **** Incremental Build of configuration Default for project STM32F411_USB_AUDIO_DAC-main ****
make all 
make: Nothing to be done for 'all'.
10:36:12 **** Incremental Build of configuration Debug for project USB_Audio_DAC ****
make -j12 all 
arm-none-eabi-gcc "../USB_DEVICE/Target/usbd_conf.c" -mcpu=cortex-m4 -std=gnu11 -g3 -DDEBUG -DUSE_HAL_DRIVER -DSTM32F411xE -c -I../Core/Inc -I../Drivers/STM32F4xx_HAL_Driver/Inc -I../Drivers/STM32F4xx_HAL_Driver/Inc/Legacy -I../Drivers/CMSIS/Device/ST/STM32F4xx/Include -I../Drivers/CMSIS/Include -I../USB_DEVICE/App -I../USB_DEVICE/Target -I../Middlewares/ST/STM32_USB_Device_Library/Core/Inc -I../Middlewares/ST/STM32_USB_Device_Library/Class/AUDIO/Inc -O0 -ffunction-sections -fdata-sections -Wall -fstack-usage -fcyclomatic-complexity -MMD -MP -MF"USB_DEVICE/Target/usbd_conf.d" -MT"USB_DEVICE/Target/usbd_conf.o" --specs=nano.specs -mfpu=fpv4-sp-d16 -mfloat-abi=hard -mthumb -o "USB_DEVICE/Target/usbd_conf.o"
arm-none-eabi-gcc "../USB_DEVICE/App/usb_device.c" -mcpu=cortex-m4 -std=gnu11 -g3 -DDEBUG -DUSE_HAL_DRIVER -DSTM32F411xE -c -I../Core/Inc -I../Drivers/STM32F4xx_HAL_Driver/Inc -I../Drivers/STM32F4xx_HAL_Driver/Inc/Legacy -I../Drivers/CMSIS/Device/ST/STM32F4xx/Include -I../Drivers/CMSIS/Include -I../USB_DEVICE/App -I../USB_DEVICE/Target -I../Middlewares/ST/STM32_USB_Device_Library/Core/Inc -I../Middlewares/ST/STM32_USB_Device_Library/Class/AUDIO/Inc -O0 -ffunction-sections -fdata-sections -Wall -fstack-usage -fcyclomatic-complexity -MMD -MP -MF"USB_DEVICE/App/usb_device.d" -MT"USB_DEVICE/App/usb_device.o" --specs=nano.specs -mfpu=fpv4-sp-d16 -mfloat-abi=hard -mthumb -o "USB_DEVICE/App/usb_device.o"
arm-none-eabi-gcc "../USB_DEVICE/App/usbd_audio_if.c" -mcpu=cortex-m4 -std=gnu11 -g3 -DDEBUG -DUSE_HAL_DRIVER -DSTM32F411xE -c -I../Core/Inc -I../Drivers/STM32F4xx_HAL_Driver/Inc -I../Drivers/STM32F4xx_HAL_Driver/Inc/Legacy -I../Drivers/CMSIS/Device/ST/STM32F4xx/Include -I../Drivers/CMSIS/Include -I../USB_DEVICE/App -I../USB_DEVICE/Target -I../Middlewares/ST/STM32_USB_Device_Library/Core/Inc -I../Middlewares/ST/STM32_USB_Device_Library/Class/AUDIO/Inc -O0 -ffunction-sections -fdata-sections -Wall -fstack-usage -fcyclomatic-complexity -MMD -MP -MF"USB_DEVICE/App/usbd_audio_if.d" -MT"USB_DEVICE/App/usbd_audio_if.o" --specs=nano.specs -mfpu=fpv4-sp-d16 -mfloat-abi=hard -mthumb -o "USB_DEVICE/App/usbd_audio_if.o"
arm-none-eabi-gcc "../USB_DEVICE/App/usbd_desc.c" -mcpu=cortex-m4 -std=gnu11 -g3 -DDEBUG -DUSE_HAL_DRIVER -DSTM32F411xE -c -I../Core/Inc -I../Drivers/STM32F4xx_HAL_Driver/Inc -I../Drivers/STM32F4xx_HAL_Driver/Inc/Legacy -I../Drivers/CMSIS/Device/ST/STM32F4xx/Include -I../Drivers/CMSIS/Include -I../USB_DEVICE/App -I../USB_DEVICE/Target -I../Middlewares/ST/STM32_USB_Device_Library/Core/Inc -I../Middlewares/ST/STM32_USB_Device_Library/Class/AUDIO/Inc -O0 -ffunction-sections -fdata-sections -Wall -fstack-usage -fcyclomatic-complexity -MMD -MP -MF"USB_DEVICE/App/usbd_desc.d" -MT"USB_DEVICE/App/usbd_desc.o" --specs=nano.specs -mfpu=fpv4-sp-d16 -mfloat-abi=hard -mthumb -o "USB_DEVICE/App/usbd_desc.o"
arm-none-eabi-gcc "../Middlewares/ST/STM32_USB_Device_Library/Core/Src/usbd_core.c" -mcpu=cortex-m4 -std=gnu11 -g3 -DDEBUG -DUSE_HAL_DRIVER -DSTM32F411xE -c -I../Core/Inc -I../Drivers/STM32F4xx_HAL_Driver/Inc -I../Drivers/STM32F4xx_HAL_Driver/Inc/Legacy -I../Drivers/CMSIS/Device/ST/STM32F4xx/Include -I../Drivers/CMSIS/Include -I../USB_DEVICE/App -I../USB_DEVICE/Target -I../Middlewares/ST/STM32_USB_Device_Library/Core/Inc -I../Middlewares/ST/STM32_USB_Device_Library/Class/AUDIO/Inc -O0 -ffunction-sections -fdata-sections -Wall -fstack-usage -fcyclomatic-complexity -MMD -MP -MF"Middlewares/ST/STM32_USB_Device_Library/Core/Src/usbd_core.d" -MT"Middlewares/ST/STM32_USB_Device_Library/Core/Src/usbd_core.o" --specs=nano.specs -mfpu=fpv4-sp-d16 -mfloat-abi=hard -mthumb -o "Middlewares/ST/STM32_USB_Device_Library/Core/Src/usbd_core.o"
arm-none-eabi-gcc "../Middlewares/ST/STM32_USB_Device_Library/Core/Src/usbd_ctlreq.c" -mcpu=cortex-m4 -std=gnu11 -g3 -DDEBUG -DUSE_HAL_DRIVER -DSTM32F411xE -c -I../Core/Inc -I../Drivers/STM32F4xx_HAL_Driver/Inc -I../Drivers/STM32F4xx_HAL_Driver/Inc/Legacy -I../Drivers/CMSIS/Device/ST/STM32F4xx/Include -I../Drivers/CMSIS/Include -I../USB_DEVICE/App -I../USB_DEVICE/Target -I../Middlewares/ST/STM32_USB_Device_Library/Core/Inc -I../Middlewares/ST/STM32_USB_Device_Library/Class/AUDIO/Inc -O0 -ffunction-sections -fdata-sections -Wall -fstack-usage -fcyclomatic-complexity -MMD -MP -MF"Middlewares/ST/STM32_USB_Device_Library/Core/Src/usbd_ctlreq.d" -MT"Middlewares/ST/STM32_USB_Device_Library/Core/Src/usbd_ctlreq.o" --specs=nano.specs -mfpu=fpv4-sp-d16 -mfloat-abi=hard -mthumb -o "Middlewares/ST/STM32_USB_Device_Library/Core/Src/usbd_ctlreq.o"
arm-none-eabi-gcc "../Middlewares/ST/STM32_USB_Device_Library/Core/Src/usbd_ioreq.c" -mcpu=cortex-m4 -std=gnu11 -g3 -DDEBUG -DUSE_HAL_DRIVER -DSTM32F411xE -c -I../Core/Inc -I../Drivers/STM32F4xx_HAL_Driver/Inc -I../Drivers/STM32F4xx_HAL_Driver/Inc/Legacy -I../Drivers/CMSIS/Device/ST/STM32F4xx/Include -I../Drivers/CMSIS/Include -I../USB_DEVICE/App -I../USB_DEVICE/Target -I../Middlewares/ST/STM32_USB_Device_Library/Core/Inc -I../Middlewares/ST/STM32_USB_Device_Library/Class/AUDIO/Inc -O0 -ffunction-sections -fdata-sections -Wall -fstack-usage -fcyclomatic-complexity -MMD -MP -MF"Middlewares/ST/STM32_USB_Device_Library/Core/Src/usbd_ioreq.d" -MT"Middlewares/ST/STM32_USB_Device_Library/Core/Src/usbd_ioreq.o" --specs=nano.specs -mfpu=fpv4-sp-d16 -mfloat-abi=hard -mthumb -o "Middlewares/ST/STM32_USB_Device_Library/Core/Src/usbd_ioreq.o"
arm-none-eabi-gcc "../Middlewares/ST/STM32_USB_Device_Library/Class/AUDIO/Src/usbd_audio.c" -mcpu=cortex-m4 -std=gnu11 -g3 -DDEBUG -DUSE_HAL_DRIVER -DSTM32F411xE -c -I../Core/Inc -I../Drivers/STM32F4xx_HAL_Driver/Inc -I../Drivers/STM32F4xx_HAL_Driver/Inc/Legacy -I../Drivers/CMSIS/Device/ST/STM32F4xx/Include -I../Drivers/CMSIS/Include -I../USB_DEVICE/App -I../USB_DEVICE/Target -I../Middlewares/ST/STM32_USB_Device_Library/Core/Inc -I../Middlewares/ST/STM32_USB_Device_Library/Class/AUDIO/Inc -O0 -ffunction-sections -fdata-sections -Wall -fstack-usage -fcyclomatic-complexity -MMD -MP -MF"Middlewares/ST/STM32_USB_Device_Library/Class/AUDIO/Src/usbd_audio.d" -MT"Middlewares/ST/STM32_USB_Device_Library/Class/AUDIO/Src/usbd_audio.o" --specs=nano.specs -mfpu=fpv4-sp-d16 -mfloat-abi=hard -mthumb -o "Middlewares/ST/STM32_USB_Device_Library/Class/AUDIO/Src/usbd_audio.o"
arm-none-eabi-gcc "../Drivers/STM32F4xx_HAL_Driver/Src/stm32f4xx_hal_exti.c" -mcpu=cortex-m4 -std=gnu11 -g3 -DDEBUG -DUSE_HAL_DRIVER -DSTM32F411xE -c -I../Core/Inc -I../Drivers/STM32F4xx_HAL_Driver/Inc -I../Drivers/STM32F4xx_HAL_Driver/Inc/Legacy -I../Drivers/CMSIS/Device/ST/STM32F4xx/Include -I../Drivers/CMSIS/Include -I../USB_DEVICE/App -I../USB_DEVICE/Target -I../Middlewares/ST/STM32_USB_Device_Library/Core/Inc -I../Middlewares/ST/STM32_USB_Device_Library/Class/AUDIO/Inc -O0 -ffunction-sections -fdata-sections -Wall -fstack-usage -fcyclomatic-complexity -MMD -MP -MF"Drivers/STM32F4xx_HAL_Driver/Src/stm32f4xx_hal_exti.d" -MT"Drivers/STM32F4xx_HAL_Driver/Src/stm32f4xx_hal_exti.o" --specs=nano.specs -mfpu=fpv4-sp-d16 -mfloat-abi=hard -mthumb -o "Drivers/STM32F4xx_HAL_Driver/Src/stm32f4xx_hal_exti.o"
arm-none-eabi-gcc "../Drivers/STM32F4xx_HAL_Driver/Src/stm32f4xx_hal_flash.c" -mcpu=cortex-m4 -std=gnu11 -g3 -DDEBUG -DUSE_HAL_DRIVER -DSTM32F411xE -c -I../Core/Inc -I../Drivers/STM32F4xx_HAL_Driver/Inc -I../Drivers/STM32F4xx_HAL_Driver/Inc/Legacy -I../Drivers/CMSIS/Device/ST/STM32F4xx/Include -I../Drivers/CMSIS/Include -I../USB_DEVICE/App -I../USB_DEVICE/Target -I../Middlewares/ST/STM32_USB_Device_Library/Core/Inc -I../Middlewares/ST/STM32_USB_Device_Library/Class/AUDIO/Inc -O0 -ffunction-sections -fdata-sections -Wall -fstack-usage -fcyclomatic-complexity -MMD -MP -MF"Drivers/STM32F4xx_HAL_Driver/Src/stm32f4xx_hal_flash.d" -MT"Drivers/STM32F4xx_HAL_Driver/Src/stm32f4xx_hal_flash.o" --specs=nano.specs -mfpu=fpv4-sp-d16 -mfloat-abi=hard -mthumb -o "Drivers/STM32F4xx_HAL_Driver/Src/stm32f4xx_hal_flash.o"
arm-none-eabi-gcc "../Drivers/STM32F4xx_HAL_Driver/Src/stm32f4xx_hal_flash_ex.c" -mcpu=cortex-m4 -std=gnu11 -g3 -DDEBUG -DUSE_HAL_DRIVER -DSTM32F411xE -c -I../Core/Inc -I../Drivers/STM32F4xx_HAL_Driver/Inc -I../Drivers/STM32F4xx_HAL_Driver/Inc/Legacy -I../Drivers/CMSIS/Device/ST/STM32F4xx/Include -I../Drivers/CMSIS/Include -I../USB_DEVICE/App -I../USB_DEVICE/Target -I../Middlewares/ST/STM32_USB_Device_Library/Core/Inc -I../Middlewares/ST/STM32_USB_Device_Library/Class/AUDIO/Inc -O0 -ffunction-sections -fdata-sections -Wall -fstack-usage -fcyclomatic-complexity -MMD -MP -MF"Drivers/STM32F4xx_HAL_Driver/Src/stm32f4xx_hal_flash_ex.d" -MT"Drivers/STM32F4xx_HAL_Driver/Src/stm32f4xx_hal_flash_ex.o" --specs=nano.specs -mfpu=fpv4-sp-d16 -mfloat-abi=hard -mthumb -o "Drivers/STM32F4xx_HAL_Driver/Src/stm32f4xx_hal_flash_ex.o"
arm-none-eabi-gcc "../Drivers/STM32F4xx_HAL_Driver/Src/stm32f4xx_hal_flash_ramfunc.c" -mcpu=cortex-m4 -std=gnu11 -g3 -DDEBUG -DUSE_HAL_DRIVER -DSTM32F411xE -c -I../Core/Inc -I../Drivers/STM32F4xx_HAL_Driver/Inc -I../Drivers/STM32F4xx_HAL_Driver/Inc/Legacy -I../Drivers/CMSIS/Device/ST/STM32F4xx/Include -I../Drivers/CMSIS/Include -I../USB_DEVICE/App -I../USB_DEVICE/Target -I../Middlewares/ST/STM32_USB_Device_Library/Core/Inc -I../Middlewares/ST/STM32_USB_Device_Library/Class/AUDIO/Inc -O0 -ffunction-sections -fdata-sections -Wall -fstack-usage -fcyclomatic-complexity -MMD -MP -MF"Drivers/STM32F4xx_HAL_Driver/Src/stm32f4xx_hal_flash_ramfunc.d" -MT"Drivers/STM32F4xx_HAL_Driver/Src/stm32f4xx_hal_flash_ramfunc.o" --specs=nano.specs -mfpu=fpv4-sp-d16 -mfloat-abi=hard -mthumb -o "Drivers/STM32F4xx_HAL_Driver/Src/stm32f4xx_hal_flash_ramfunc.o"
arm-none-eabi-gcc "../Drivers/STM32F4xx_HAL_Driver/Src/stm32f4xx_hal_gpio.c" -mcpu=cortex-m4 -std=gnu11 -g3 -DDEBUG -DUSE_HAL_DRIVER -DSTM32F411xE -c -I../Core/Inc -I../Drivers/STM32F4xx_HAL_Driver/Inc -I../Drivers/STM32F4xx_HAL_Driver/Inc/Legacy -I../Drivers/CMSIS/Device/ST/STM32F4xx/Include -I../Drivers/CMSIS/Include -I../USB_DEVICE/App -I../USB_DEVICE/Target -I../Middlewares/ST/STM32_USB_Device_Library/Core/Inc -I../Middlewares/ST/STM32_USB_Device_Library/Class/AUDIO/Inc -O0 -ffunction-sections -fdata-sections -Wall -fstack-usage -fcyclomatic-complexity -MMD -MP -MF"Drivers/STM32F4xx_HAL_Driver/Src/stm32f4xx_hal_gpio.d" -MT"Drivers/STM32F4xx_HAL_Driver/Src/stm32f4xx_hal_gpio.o" --specs=nano.specs -mfpu=fpv4-sp-d16 -mfloat-abi=hard -mthumb -o "Drivers/STM32F4xx_HAL_Driver/Src/stm32f4xx_hal_gpio.o"
arm-none-eabi-gcc "../Drivers/STM32F4xx_HAL_Driver/Src/stm32f4xx_hal_i2s.c" -mcpu=cortex-m4 -std=gnu11 -g3 -DDEBUG -DUSE_HAL_DRIVER -DSTM32F411xE -c -I../Core/Inc -I../Drivers/STM32F4xx_HAL_Driver/Inc -I../Drivers/STM32F4xx_HAL_Driver/Inc/Legacy -I../Drivers/CMSIS/Device/ST/STM32F4xx/Include -I../Drivers/CMSIS/Include -I../USB_DEVICE/App -I../USB_DEVICE/Target -I../Middlewares/ST/STM32_USB_Device_Library/Core/Inc -I../Middlewares/ST/STM32_USB_Device_Library/Class/AUDIO/Inc -O0 -ffunction-sections -fdata-sections -Wall -fstack-usage -fcyclomatic-complexity -MMD -MP -MF"Drivers/STM32F4xx_HAL_Driver/Src/stm32f4xx_hal_i2s.d" -MT"Drivers/STM32F4xx_HAL_Driver/Src/stm32f4xx_hal_i2s.o" --specs=nano.specs -mfpu=fpv4-sp-d16 -mfloat-abi=hard -mthumb -o "Drivers/STM32F4xx_HAL_Driver/Src/stm32f4xx_hal_i2s.o"
arm-none-eabi-gcc "../Drivers/STM32F4xx_HAL_Driver/Src/stm32f4xx_hal_i2s_ex.c" -mcpu=cortex-m4 -std=gnu11 -g3 -DDEBUG -DUSE_HAL_DRIVER -DSTM32F411xE -c -I../Core/Inc -I../Drivers/STM32F4xx_HAL_Driver/Inc -I../Drivers/STM32F4xx_HAL_Driver/Inc/Legacy -I../Drivers/CMSIS/Device/ST/STM32F4xx/Include -I../Drivers/CMSIS/Include -I../USB_DEVICE/App -I../USB_DEVICE/Target -I../Middlewares/ST/STM32_USB_Device_Library/Core/Inc -I../Middlewares/ST/STM32_USB_Device_Library/Class/AUDIO/Inc -O0 -ffunction-sections -fdata-sections -Wall -fstack-usage -fcyclomatic-complexity -MMD -MP -MF"Drivers/STM32F4xx_HAL_Driver/Src/stm32f4xx_hal_i2s_ex.d" -MT"Drivers/STM32F4xx_HAL_Driver/Src/stm32f4xx_hal_i2s_ex.o" --specs=nano.specs -mfpu=fpv4-sp-d16 -mfloat-abi=hard -mthumb -o "Drivers/STM32F4xx_HAL_Driver/Src/stm32f4xx_hal_i2s_ex.o"
[...]
arm-none-eabi-gcc -o "esp8266-uart.elf" @"objects.list"   -mcpu=cortex-m4 -T"C:\ST\DefaultWorkspase\esp8266-uart\STM32F411CEUX_FLASH.ld" --specs=nosys.specs -Wl,-Map="esp8266-uart.map" -Wl,--gc-sections -static --specs=nano.specs -mfpu=fpv4-sp-d16 -mfloat-abi=hard -mthumb -Wl,--start-group -lc -lm -Wl,--end-group
Finished building target: esp8266-uart.elf
 
arm-none-eabi-size  esp8266-uart.elf 
arm-none-eabi-objdump -h -S esp8266-uart.elf  > "esp8266-uart.list"
   text	   data	    bss	    dec	    hex	filename
  10724	     24	   1840	  12588	   312c	esp8266-uart.elf
Finished building: default.size.stdout
 
Finished building: esp8266-uart.list
 
06:33:33 **** Incremental Build of configuration Debug for project esp8266-uart ****
make -j12 all 
arm-none-eabi-gcc "../Core/Src/main.c" -mcpu=cortex-m4 -std=gnu11 -g3 -DDEBUG -DUSE_HAL_DRIVER -DSTM32F411xE -c -I../Core/Inc -I../Drivers/STM32F4xx_HAL_Driver/Inc -I../Drivers/STM32F4xx_HAL_Driver/Inc/Legacy -I../Drivers/CMSIS/Device/ST/STM32F4xx/Include -I../Drivers/CMSIS/Include -O0 -ffunction-sections -fdata-sections -Wall -fstack-usage -fcyclomatic-complexity -MMD -MP -MF"Core/Src/main.d" -MT"Core/Src/main.o" --specs=nano.specs -mfpu=fpv4-sp-d16 -mfloat-abi=hard -mthumb -o "Core/Src/main.o"
../Core/Src/main.c: In function 'main':
../Core/Src/main.c:109:24: error: 'huart2' undeclared (first use in this function); did you mean 'huart1'?
  109 |     HAL_UART_Transmit(&huart2, TxData, 10240, HAL_MAX_DELAY);
      |                        ^~~~~~
      |                        huart1
../Core/Src/main.c:109:24: note: each undeclared identifier is reported only once for each function it appears in
make: *** [Core/Src/subdir.mk:34: Core/Src/main.o] Error 1
"make -j12 all" terminated with exit code 2. Build might be incomplete.
06:33:49 **** Incremental Build of configuration Debug for project esp8266-uart ****
make -j12 all 
arm-none-eabi-gcc "../Core/Src/main.c" -mcpu=cortex-m4 -std=gnu11 -g3 -DDEBUG -DUSE_HAL_DRIVER -DSTM32F411xE -c -I../Core/Inc -I../Drivers/STM32F4xx_HAL_Driver/Inc -I../Drivers/STM32F4xx_HAL_Driver/Inc/Legacy -I../Drivers/CMSIS/Device/ST/STM32F4xx/Include -I../Drivers/CMSIS/Include -O0 -ffunction-sections -fdata-sections -Wall -fstack-usage -fcyclomatic-complexity -MMD -MP -MF"Core/Src/main.d" -MT"Core/Src/main.o" --specs=nano.specs -mfpu=fpv4-sp-d16 -mfloat-abi=hard -mthumb -o "Core/Src/main.o"
arm-none-eabi-gcc -o "esp8266-uart.elf" @"objects.list"   -mcpu=cortex-m4 -T"C:\ST\DefaultWorkspase\esp8266-uart\STM32F411CEUX_FLASH.ld" --specs=nosys.specs -Wl,-Map="esp8266-uart.map" -Wl,--gc-sections -static --specs=nano.specs -mfpu=fpv4-sp-d16 -mfloat-abi=hard -mthumb -Wl,--start-group -lc -lm -Wl,--end-group
Finished building target: esp8266-uart.elf
 
arm-none-eabi-size  esp8266-uart.elf 
arm-none-eabi-objdump -h -S esp8266-uart.elf  > "esp8266-uart.list"
   text	   data	    bss	    dec	    hex	filename
  10828	     12	  11884	  22724	   58c4	esp8266-uart.elf
Finished building: default.size.stdout
 
Finished building: esp8266-uart.list
 
06:33:52 **** Incremental Build of configuration Debug for project esp8266-uart ****
make -j12 all 
arm-none-eabi-size  esp8266-uart.elf 
   text	   data	    bss	    dec	    hex	filename
  10828	     12	  11884	  22724	   58c4	esp8266-uart.elf
Finished building: default.size.stdout
 
06:36:52 **** Incremental Build of configuration Debug for project esp8266-uart ****
make -j12 all 
arm-none-eabi-gcc "../Core/Src/main.c" -mcpu=cortex-m4 -std=gnu11 -g3 -DDEBUG -DUSE_HAL_DRIVER -DSTM32F411xE -c -I../Core/Inc -I../Drivers/STM32F4xx_HAL_Driver/Inc -I../Drivers/STM32F4xx_HAL_Driver/Inc/Legacy -I../Drivers/CMSIS/Device/ST/STM32F4xx/Include -I../Drivers/CMSIS/Include -O0 -ffunction-sections -fdata-sections -Wall -fstack-usage -fcyclomatic-complexity -MMD -MP -MF"Core/Src/main.d" -MT"Core/Src/main.o" --specs=nano.specs -mfpu=fpv4-sp-d16 -mfloat-abi=hard -mthumb -o "Core/Src/main.o"
../Core/Src/main.c: In function 'main':
../Core/Src/main.c:112:47: error: 'huart2' undeclared (first use in this function); did you mean 'huart1'?
  112 |                         HAL_UART_Transmit_IT(&huart2, TxData, 10240);
      |                                               ^~~~~~
      |                                               huart1
../Core/Src/main.c:112:47: note: each undeclared identifier is reported only once for each function it appears in
../Core/Src/main.c: At top level:
../Core/Src/main.c:228:5: error: redefinition of 'isSent'
  228 | int isSent = 1;
      |     ^~~~~~
../Core/Src/main.c:59:5: note: previous definition of 'isSent' with type 'int'
   59 | int isSent = 1;
      |     ^~~~~~
make: *** [Core/Src/subdir.mk:34: Core/Src/main.o] Error 1
"make -j12 all" terminated with exit code 2. Build might be incomplete.
06:37:12 **** Incremental Build of configuration Debug for project esp8266-uart ****
make -j12 all 
arm-none-eabi-gcc "../Core/Src/main.c" -mcpu=cortex-m4 -std=gnu11 -g3 -DDEBUG -DUSE_HAL_DRIVER -DSTM32F411xE -c -I../Core/Inc -I../Drivers/STM32F4xx_HAL_Driver/Inc -I../Drivers/STM32F4xx_HAL_Driver/Inc/Legacy -I../Drivers/CMSIS/Device/ST/STM32F4xx/Include -I../Drivers/CMSIS/Include -O0 -ffunction-sections -fdata-sections -Wall -fstack-usage -fcyclomatic-complexity -MMD -MP -MF"Core/Src/main.d" -MT"Core/Src/main.o" --specs=nano.specs -mfpu=fpv4-sp-d16 -mfloat-abi=hard -mthumb -o "Core/Src/main.o"
../Core/Src/main.c:228:5: error: redefinition of 'isSent'
  228 | int isSent = 1;
      |     ^~~~~~
../Core/Src/main.c:59:5: note: previous definition of 'isSent' with type 'int'
   59 | int isSent = 1;
      |     ^~~~~~
make: *** [Core/Src/subdir.mk:34: Core/Src/main.o] Error 1
"make -j12 all" terminated with exit code 2. Build might be incomplete.
06:37:27 **** Incremental Build of configuration Debug for project esp8266-uart ****
make -j12 all 
arm-none-eabi-gcc "../Core/Src/main.c" -mcpu=cortex-m4 -std=gnu11 -g3 -DDEBUG -DUSE_HAL_DRIVER -DSTM32F411xE -c -I../Core/Inc -I../Drivers/STM32F4xx_HAL_Driver/Inc -I../Drivers/STM32F4xx_HAL_Driver/Inc/Legacy -I../Drivers/CMSIS/Device/ST/STM32F4xx/Include -I../Drivers/CMSIS/Include -O0 -ffunction-sections -fdata-sections -Wall -fstack-usage -fcyclomatic-complexity -MMD -MP -MF"Core/Src/main.d" -MT"Core/Src/main.o" --specs=nano.specs -mfpu=fpv4-sp-d16 -mfloat-abi=hard -mthumb -o "Core/Src/main.o"
arm-none-eabi-gcc -o "esp8266-uart.elf" @"objects.list"   -mcpu=cortex-m4 -T"C:\ST\DefaultWorkspase\esp8266-uart\STM32F411CEUX_FLASH.ld" --specs=nosys.specs -Wl,-Map="esp8266-uart.map" -Wl,--gc-sections -static --specs=nano.specs -mfpu=fpv4-sp-d16 -mfloat-abi=hard -mthumb -Wl,--start-group -lc -lm -Wl,--end-group
Finished building target: esp8266-uart.elf
 
arm-none-eabi-size  esp8266-uart.elf 
arm-none-eabi-objdump -h -S esp8266-uart.elf  > "esp8266-uart.list"
   text	   data	    bss	    dec	    hex	filename
  10524	     16	  11888	  22428	   579c	esp8266-uart.elf
Finished building: default.size.stdout
 
Finished building: esp8266-uart.list
 
06:37:42 **** Incremental Build of configuration Debug for project esp8266-uart ****
make -j12 all 
arm-none-eabi-size  esp8266-uart.elf 
   text	   data	    bss	    dec	    hex	filename
  10524	     16	  11888	  22428	   579c	esp8266-uart.elf
Finished building: default.size.stdout
 
06:38:30 **** Incremental Build of configuration Debug for project esp8266-uart ****
make -j12 all 
arm-none-eabi-gcc "../Core/Src/main.c" -mcpu=cortex-m4 -std=gnu11 -g3 -DDEBUG -DUSE_HAL_DRIVER -DSTM32F411xE -c -I../Core/Inc -I../Drivers/STM32F4xx_HAL_Driver/Inc -I../Drivers/STM32F4xx_HAL_Driver/Inc/Legacy -I../Drivers/CMSIS/Device/ST/STM32F4xx/Include -I../Drivers/CMSIS/Include -O0 -ffunction-sections -fdata-sections -Wall -fstack-usage -fcyclomatic-complexity -MMD -MP -MF"Core/Src/main.d" -MT"Core/Src/main.o" --specs=nano.specs -mfpu=fpv4-sp-d16 -mfloat-abi=hard -mthumb -o "Core/Src/main.o"
arm-none-eabi-gcc -o "esp8266-uart.elf" @"objects.list"   -mcpu=cortex-m4 -T"C:\ST\DefaultWorkspase\esp8266-uart\STM32F411CEUX_FLASH.ld" --specs=nosys.specs -Wl,-Map="esp8266-uart.map" -Wl,--gc-sections -static --specs=nano.specs -mfpu=fpv4-sp-d16 -mfloat-abi=hard -mthumb -Wl,--start-group -lc -lm -Wl,--end-group
Finished building target: esp8266-uart.elf
 
arm-none-eabi-size  esp8266-uart.elf 
arm-none-eabi-objdump -h -S esp8266-uart.elf  > "esp8266-uart.list"
   text	   data	    bss	    dec	    hex	filename
  10524	     16	  11888	  22428	   579c	esp8266-uart.elf
Finished building: default.size.stdout
 
Finished building: esp8266-uart.list
 
06:41:55 **** Incremental Build of configuration Debug for project esp8266-uart ****
make -j12 all 
arm-none-eabi-size  esp8266-uart.elf 
   text	   data	    bss	    dec	    hex	filename
  10524	     16	  11888	  22428	   579c	esp8266-uart.elf
Finished building: default.size.stdout
 
07:56:22 **** Incremental Build of configuration Debug for project esp8266-uart ****
make -j12 all 
arm-none-eabi-gcc "../Core/Src/main.c" -mcpu=cortex-m4 -std=gnu11 -g3 -DDEBUG -DUSE_HAL_DRIVER -DSTM32F411xE -c -I../Core/Inc -I../Drivers/STM32F4xx_HAL_Driver/Inc -I../Drivers/STM32F4xx_HAL_Driver/Inc/Legacy -I../Drivers/CMSIS/Device/ST/STM32F4xx/Include -I../Drivers/CMSIS/Include -O0 -ffunction-sections -fdata-sections -Wall -fstack-usage -fcyclomatic-complexity -MMD -MP -MF"Core/Src/main.d" -MT"Core/Src/main.o" --specs=nano.specs -mfpu=fpv4-sp-d16 -mfloat-abi=hard -mthumb -o "Core/Src/main.o"
arm-none-eabi-gcc "../Core/Src/stm32f4xx_hal_msp.c" -mcpu=cortex-m4 -std=gnu11 -g3 -DDEBUG -DUSE_HAL_DRIVER -DSTM32F411xE -c -I../Core/Inc -I../Drivers/STM32F4xx_HAL_Driver/Inc -I../Drivers/STM32F4xx_HAL_Driver/Inc/Legacy -I../Drivers/CMSIS/Device/ST/STM32F4xx/Include -I../Drivers/CMSIS/Include -O0 -ffunction-sections -fdata-sections -Wall -fstack-usage -fcyclomatic-complexity -MMD -MP -MF"Core/Src/stm32f4xx_hal_msp.d" -MT"Core/Src/stm32f4xx_hal_msp.o" --specs=nano.specs -mfpu=fpv4-sp-d16 -mfloat-abi=hard -mthumb -o "Core/Src/stm32f4xx_hal_msp.o"
arm-none-eabi-gcc "../Core/Src/stm32f4xx_it.c" -mcpu=cortex-m4 -std=gnu11 -g3 -DDEBUG -DUSE_HAL_DRIVER -DSTM32F411xE -c -I../Core/Inc -I../Drivers/STM32F4xx_HAL_Driver/Inc -I../Drivers/STM32F4xx_HAL_Driver/Inc/Legacy -I../Drivers/CMSIS/Device/ST/STM32F4xx/Include -I../Drivers/CMSIS/Include -O0 -ffunction-sections -fdata-sections -Wall -fstack-usage -fcyclomatic-complexity -MMD -MP -MF"Core/Src/stm32f4xx_it.d" -MT"Core/Src/stm32f4xx_it.o" --specs=nano.specs -mfpu=fpv4-sp-d16 -mfloat-abi=hard -mthumb -o "Core/Src/stm32f4xx_it.o"
arm-none-eabi-gcc -o "esp8266-uart.elf" @"objects.list"   -mcpu=cortex-m4 -T"C:\ST\DefaultWorkspase\esp8266-uart\STM32F411CEUX_FLASH.ld" --specs=nosys.specs -Wl,-Map="esp8266-uart.map" -Wl,--gc-sections -static --specs=nano.specs -mfpu=fpv4-sp-d16 -mfloat-abi=hard -mthumb -Wl,--start-group -lc -lm -Wl,--end-group
Finished building target: esp8266-uart.elf
 
arm-none-eabi-size  esp8266-uart.elf 
arm-none-eabi-objdump -h -S esp8266-uart.elf  > "esp8266-uart.list"
   text	   data	    bss	    dec	    hex	filename
  13052	     16	  11984	  25052	   61dc	esp8266-uart.elf
Finished building: default.size.stdout
 
Finished building: esp8266-uart.list
 
08:33:58 **** Incremental Build of configuration Debug for project esp8266-uart ****
make -j12 all 
arm-none-eabi-gcc "../Core/Src/main.c" -mcpu=cortex-m4 -std=gnu11 -g3 -DDEBUG -DUSE_HAL_DRIVER -DSTM32F411xE -c -I../Core/Inc -I../Drivers/STM32F4xx_HAL_Driver/Inc -I../Drivers/STM32F4xx_HAL_Driver/Inc/Legacy -I../Drivers/CMSIS/Device/ST/STM32F4xx/Include -I../Drivers/CMSIS/Include -O0 -ffunction-sections -fdata-sections -Wall -fstack-usage -fcyclomatic-complexity -MMD -MP -MF"Core/Src/main.d" -MT"Core/Src/main.o" --specs=nano.specs -mfpu=fpv4-sp-d16 -mfloat-abi=hard -mthumb -o "Core/Src/main.o"
arm-none-eabi-gcc "../Core/Src/stm32f4xx_hal_msp.c" -mcpu=cortex-m4 -std=gnu11 -g3 -DDEBUG -DUSE_HAL_DRIVER -DSTM32F411xE -c -I../Core/Inc -I../Drivers/STM32F4xx_HAL_Driver/Inc -I../Drivers/STM32F4xx_HAL_Driver/Inc/Legacy -I../Drivers/CMSIS/Device/ST/STM32F4xx/Include -I../Drivers/CMSIS/Include -O0 -ffunction-sections -fdata-sections -Wall -fstack-usage -fcyclomatic-complexity -MMD -MP -MF"Core/Src/stm32f4xx_hal_msp.d" -MT"Core/Src/stm32f4xx_hal_msp.o" --specs=nano.specs -mfpu=fpv4-sp-d16 -mfloat-abi=hard -mthumb -o "Core/Src/stm32f4xx_hal_msp.o"
arm-none-eabi-gcc -o "esp8266-uart.elf" @"objects.list"   -mcpu=cortex-m4 -T"C:\ST\DefaultWorkspase\esp8266-uart\STM32F411CEUX_FLASH.ld" --specs=nosys.specs -Wl,-Map="esp8266-uart.map" -Wl,--gc-sections -static --specs=nano.specs -mfpu=fpv4-sp-d16 -mfloat-abi=hard -mthumb -Wl,--start-group -lc -lm -Wl,--end-group
Finished building target: esp8266-uart.elf
 
arm-none-eabi-size  esp8266-uart.elf 
arm-none-eabi-objdump -h -S esp8266-uart.elf  > "esp8266-uart.list"
   text	   data	    bss	    dec	    hex	filename
  13264	     20	  11980	  25264	   62b0	esp8266-uart.elf
Finished building: default.size.stdout
 
Finished building: esp8266-uart.list
 
08:34:05 **** Incremental Build of configuration Debug for project esp8266-uart ****
make -j12 all 
arm-none-eabi-size  esp8266-uart.elf 
   text	   data	    bss	    dec	    hex	filename
  13264	     20	  11980	  25264	   62b0	esp8266-uart.elf
Finished building: default.size.stdout
 
08:39:05 **** Incremental Build of configuration Debug for project esp8266-uart ****
make -j12 all 
arm-none-eabi-gcc "../Core/Src/main.c" -mcpu=cortex-m4 -std=gnu11 -g3 -DDEBUG -DUSE_HAL_DRIVER -DSTM32F411xE -c -I../Core/Inc -I../Drivers/STM32F4xx_HAL_Driver/Inc -I../Drivers/STM32F4xx_HAL_Driver/Inc/Legacy -I../Drivers/CMSIS/Device/ST/STM32F4xx/Include -I../Drivers/CMSIS/Include -O0 -ffunction-sections -fdata-sections -Wall -fstack-usage -fcyclomatic-complexity -MMD -MP -MF"Core/Src/main.d" -MT"Core/Src/main.o" --specs=nano.specs -mfpu=fpv4-sp-d16 -mfloat-abi=hard -mthumb -o "Core/Src/main.o"
arm-none-eabi-gcc -o "esp8266-uart.elf" @"objects.list"   -mcpu=cortex-m4 -T"C:\ST\DefaultWorkspase\esp8266-uart\STM32F411CEUX_FLASH.ld" --specs=nosys.specs -Wl,-Map="esp8266-uart.map" -Wl,--gc-sections -static --specs=nano.specs -mfpu=fpv4-sp-d16 -mfloat-abi=hard -mthumb -Wl,--start-group -lc -lm -Wl,--end-group
Finished building target: esp8266-uart.elf
 
arm-none-eabi-size  esp8266-uart.elf 
arm-none-eabi-objdump -h -S esp8266-uart.elf  > "esp8266-uart.list"
   text	   data	    bss	    dec	    hex	filename
  13264	     20	  11980	  25264	   62b0	esp8266-uart.elf
Finished building: default.size.stdout
 
Finished building: esp8266-uart.list
 
08:44:27 **** Incremental Build of configuration Debug for project esp8266-uart ****
make -j12 all 
arm-none-eabi-gcc "../Core/Src/main.c" -mcpu=cortex-m4 -std=gnu11 -g3 -DDEBUG -DUSE_HAL_DRIVER -DSTM32F411xE -c -I../Core/Inc -I../Drivers/STM32F4xx_HAL_Driver/Inc -I../Drivers/STM32F4xx_HAL_Driver/Inc/Legacy -I../Drivers/CMSIS/Device/ST/STM32F4xx/Include -I../Drivers/CMSIS/Include -O0 -ffunction-sections -fdata-sections -Wall -fstack-usage -fcyclomatic-complexity -MMD -MP -MF"Core/Src/main.d" -MT"Core/Src/main.o" --specs=nano.specs -mfpu=fpv4-sp-d16 -mfloat-abi=hard -mthumb -o "Core/Src/main.o"
arm-none-eabi-gcc -o "esp8266-uart.elf" @"objects.list"   -mcpu=cortex-m4 -T"C:\ST\DefaultWorkspase\esp8266-uart\STM32F411CEUX_FLASH.ld" --specs=nosys.specs -Wl,-Map="esp8266-uart.map" -Wl,--gc-sections -static --specs=nano.specs -mfpu=fpv4-sp-d16 -mfloat-abi=hard -mthumb -Wl,--start-group -lc -lm -Wl,--end-group
Finished building target: esp8266-uart.elf
 
arm-none-eabi-size  esp8266-uart.elf 
arm-none-eabi-objdump -h -S esp8266-uart.elf  > "esp8266-uart.list"
   text	   data	    bss	    dec	    hex	filename
  13260	     20	  11980	  25260	   62ac	esp8266-uart.elf
Finished building: default.size.stdout
 
Finished building: esp8266-uart.list
 
08:45:22 **** Incremental Build of configuration Debug for project esp8266-uart ****
make -j12 all 
arm-none-eabi-gcc "../Core/Src/main.c" -mcpu=cortex-m4 -std=gnu11 -g3 -DDEBUG -DUSE_HAL_DRIVER -DSTM32F411xE -c -I../Core/Inc -I../Drivers/STM32F4xx_HAL_Driver/Inc -I../Drivers/STM32F4xx_HAL_Driver/Inc/Legacy -I../Drivers/CMSIS/Device/ST/STM32F4xx/Include -I../Drivers/CMSIS/Include -O0 -ffunction-sections -fdata-sections -Wall -fstack-usage -fcyclomatic-complexity -MMD -MP -MF"Core/Src/main.d" -MT"Core/Src/main.o" --specs=nano.specs -mfpu=fpv4-sp-d16 -mfloat-abi=hard -mthumb -o "Core/Src/main.o"
arm-none-eabi-gcc -o "esp8266-uart.elf" @"objects.list"   -mcpu=cortex-m4 -T"C:\ST\DefaultWorkspase\esp8266-uart\STM32F411CEUX_FLASH.ld" --specs=nosys.specs -Wl,-Map="esp8266-uart.map" -Wl,--gc-sections -static --specs=nano.specs -mfpu=fpv4-sp-d16 -mfloat-abi=hard -mthumb -Wl,--start-group -lc -lm -Wl,--end-group
Finished building target: esp8266-uart.elf
 
arm-none-eabi-size  esp8266-uart.elf 
arm-none-eabi-objdump -h -S esp8266-uart.elf  > "esp8266-uart.list"
   text	   data	    bss	    dec	    hex	filename
  13260	     20	  11980	  25260	   62ac	esp8266-uart.elf
Finished building: default.size.stdout
 
Finished building: esp8266-uart.list
 
08:53:06 **** Incremental Build of configuration Debug for project esp8266-uart ****
make -j12 all 
arm-none-eabi-gcc "../Core/Src/main.c" -mcpu=cortex-m4 -std=gnu11 -g3 -DDEBUG -DUSE_HAL_DRIVER -DSTM32F411xE -c -I../Core/Inc -I../Drivers/STM32F4xx_HAL_Driver/Inc -I../Drivers/STM32F4xx_HAL_Driver/Inc/Legacy -I../Drivers/CMSIS/Device/ST/STM32F4xx/Include -I../Drivers/CMSIS/Include -O0 -ffunction-sections -fdata-sections -Wall -fstack-usage -fcyclomatic-complexity -MMD -MP -MF"Core/Src/main.d" -MT"Core/Src/main.o" --specs=nano.specs -mfpu=fpv4-sp-d16 -mfloat-abi=hard -mthumb -o "Core/Src/main.o"
arm-none-eabi-gcc -o "esp8266-uart.elf" @"objects.list"   -mcpu=cortex-m4 -T"C:\ST\DefaultWorkspase\esp8266-uart\STM32F411CEUX_FLASH.ld" --specs=nosys.specs -Wl,-Map="esp8266-uart.map" -Wl,--gc-sections -static --specs=nano.specs -mfpu=fpv4-sp-d16 -mfloat-abi=hard -mthumb -Wl,--start-group -lc -lm -Wl,--end-group
Finished building target: esp8266-uart.elf
 
arm-none-eabi-size  esp8266-uart.elf 
arm-none-eabi-objdump -h -S esp8266-uart.elf  > "esp8266-uart.list"
   text	   data	    bss	    dec	    hex	filename
  13260	     20	  11980	  25260	   62ac	esp8266-uart.elf
Finished building: default.size.stdout
 
Finished building: esp8266-uart.list
 
08:56:05 **** Incremental Build of configuration Debug for project esp8266-uart ****
make -j12 all 
arm-none-eabi-gcc "../Core/Src/main.c" -mcpu=cortex-m4 -std=gnu11 -g3 -DDEBUG -DUSE_HAL_DRIVER -DSTM32F411xE -c -I../Core/Inc -I../Drivers/STM32F4xx_HAL_Driver/Inc -I../Drivers/STM32F4xx_HAL_Driver/Inc/Legacy -I../Drivers/CMSIS/Device/ST/STM32F4xx/Include -I../Drivers/CMSIS/Include -O0 -ffunction-sections -fdata-sections -Wall -fstack-usage -fcyclomatic-complexity -MMD -MP -MF"Core/Src/main.d" -MT"Core/Src/main.o" --specs=nano.specs -mfpu=fpv4-sp-d16 -mfloat-abi=hard -mthumb -o "Core/Src/main.o"
arm-none-eabi-gcc -o "esp8266-uart.elf" @"objects.list"   -mcpu=cortex-m4 -T"C:\ST\DefaultWorkspase\esp8266-uart\STM32F411CEUX_FLASH.ld" --specs=nosys.specs -Wl,-Map="esp8266-uart.map" -Wl,--gc-sections -static --specs=nano.specs -mfpu=fpv4-sp-d16 -mfloat-abi=hard -mthumb -Wl,--start-group -lc -lm -Wl,--end-group
Finished building target: esp8266-uart.elf
 
arm-none-eabi-size  esp8266-uart.elf 
arm-none-eabi-objdump -h -S esp8266-uart.elf  > "esp8266-uart.list"
   text	   data	    bss	    dec	    hex	filename
  13260	     20	  11980	  25260	   62ac	esp8266-uart.elf
Finished building: default.size.stdout
 
Finished building: esp8266-uart.list
 
08:57:31 **** Incremental Build of configuration Debug for project esp8266-uart ****
make -j12 all 
arm-none-eabi-size  esp8266-uart.elf 
   text	   data	    bss	    dec	    hex	filename
  13260	     20	  11980	  25260	   62ac	esp8266-uart.elf
Finished building: default.size.stdout
 
