17:56:39 **** Incremental Build of configuration Debug for project lcd_1602_no_spi ****
make -j12 all 
arm-none-eabi-gcc "../Core/Src/lcd_lib.c" -mcpu=cortex-m4 -std=gnu11 -g3 -DDEBUG -DUSE_HAL_DRIVER -DSTM32F411xE -c -I../Core/Inc -I../Drivers/STM32F4xx_HAL_Driver/Inc -I../Drivers/STM32F4xx_HAL_Driver/Inc/Legacy -I../Drivers/CMSIS/Device/ST/STM32F4xx/Include -I../Drivers/CMSIS/Include -O0 -ffunction-sections -fdata-sections -Wall -fstack-usage -fcyclomatic-complexity -MMD -MP -MF"Core/Src/lcd_lib.d" -MT"Core/Src/lcd_lib.o" --specs=nano.specs -mfpu=fpv4-sp-d16 -mfloat-abi=hard -mthumb -o "Core/Src/lcd_lib.o"
arm-none-eabi-gcc "../Core/Src/main.c" -mcpu=cortex-m4 -std=gnu11 -g3 -DDEBUG -DUSE_HAL_DRIVER -DSTM32F411xE -c -I../Core/Inc -I../Drivers/STM32F4xx_HAL_Driver/Inc -I../Drivers/STM32F4xx_HAL_Driver/Inc/Legacy -I../Drivers/CMSIS/Device/ST/STM32F4xx/Include -I../Drivers/CMSIS/Include -O0 -ffunction-sections -fdata-sections -Wall -fstack-usage -fcyclomatic-complexity -MMD -MP -MF"Core/Src/main.d" -MT"Core/Src/main.o" --specs=nano.specs -mfpu=fpv4-sp-d16 -mfloat-abi=hard -mthumb -o "Core/Src/main.o"
arm-none-eabi-gcc -o "lcd_1602_no_spi.elf" @"objects.list"   -mcpu=cortex-m4 -T"C:\ST\DefaultWorkspase\lcd_1602_no_spi\STM32F411CEUX_FLASH.ld" --specs=nosys.specs -Wl,-Map="lcd_1602_no_spi.map" -Wl,--gc-sections -static --specs=nano.specs -mfpu=fpv4-sp-d16 -mfloat-abi=hard -mthumb -Wl,--start-group -lc -lm -Wl,--end-group
Finished building target: lcd_1602_no_spi.elf
 
arm-none-eabi-size  lcd_1602_no_spi.elf 
arm-none-eabi-objdump -h -S lcd_1602_no_spi.elf  > "lcd_1602_no_spi.list"
   text	   data	    bss	    dec	    hex	filename
   6420	     12	   1572	   8004	   1f44	lcd_1602_no_spi.elf
Finished building: default.size.stdout
 
Finished building: lcd_1602_no_spi.list
 

17:56:40 Build Finished. 0 errors, 0 warnings. (took 660ms)

