21:40:20 **** Incremental Build of configuration Debug for project USB_AUDIO_DAC2 ****
make -j12 all 
arm-none-eabi-gcc "../USB_DEVICE/App/usbd_audio_if.c" -mcpu=cortex-m4 -std=gnu11 -g3 -DDEBUG -DUSE_HAL_DRIVER -DSTM32F411xE -c -I../Core/Inc -I../Drivers/STM32F4xx_HAL_Driver/Inc -I../Drivers/STM32F4xx_HAL_Driver/Inc/Legacy -I../Drivers/CMSIS/Device/ST/STM32F4xx/Include -I../Drivers/CMSIS/Include -I../USB_DEVICE/App -I../USB_DEVICE/Target -I../Middlewares/ST/STM32_USB_Device_Library/Core/Inc -I../Middlewares/ST/STM32_USB_Device_Library/Class/AUDIO/Inc -O0 -ffunction-sections -fdata-sections -Wall -fstack-usage -fcyclomatic-complexity -MMD -MP -MF"USB_DEVICE/App/usbd_audio_if.d" -MT"USB_DEVICE/App/usbd_audio_if.o" --specs=nano.specs -mfpu=fpv4-sp-d16 -mfloat-abi=hard -mthumb -o "USB_DEVICE/App/usbd_audio_if.o"
arm-none-eabi-gcc -o "USB_AUDIO_DAC2.elf" @"objects.list"   -mcpu=cortex-m4 -T"C:\ST\DefaultWorkspase\USB_AUDIO_DAC2\STM32F411CEUX_FLASH.ld" --specs=nosys.specs -Wl,-Map="USB_AUDIO_DAC2.map" -Wl,--gc-sections -static --specs=nano.specs -mfpu=fpv4-sp-d16 -mfloat-abi=hard -mthumb -Wl,--start-group -lc -lm -Wl,--end-group
Finished building target: USB_AUDIO_DAC2.elf
 
arm-none-eabi-size  USB_AUDIO_DAC2.elf 
arm-none-eabi-objdump -h -S USB_AUDIO_DAC2.elf  > "USB_AUDIO_DAC2.list"
   text	   data	    bss	    dec	    hex	filename
  33196	    300	  19684	  53180	   cfbc	USB_AUDIO_DAC2.elf
Finished building: default.size.stdout
 
Finished building: USB_AUDIO_DAC2.list
 

21:40:22 Build Finished. 0 errors, 0 warnings. (took 1s.649ms)

